Archive member included to satisfy reference by file (symbol)

C:/Users/ADMIN/.mcuxpressotools/arm-gnu-toolchain-14.2.rel1-mingw-w64-x86_64-arm-none-eabi/bin/../lib/gcc/arm-none-eabi/14.2.1/thumb/v8-m.main/nofp\libc_nano.a(libc_a-exit.o)
                              C:/Users/ADMIN/.mcuxpressotools/arm-gnu-toolchain-14.2.rel1-mingw-w64-x86_64-arm-none-eabi/bin/../lib/gcc/arm-none-eabi/14.2.1/thumb/v8-m.main/nofp/crt0.o (exit)
C:/Users/ADMIN/.mcuxpressotools/arm-gnu-toolchain-14.2.rel1-mingw-w64-x86_64-arm-none-eabi/bin/../lib/gcc/arm-none-eabi/14.2.1/thumb/v8-m.main/nofp\libc_nano.a(libc_a-findfp.o)
                              C:/Users/ADMIN/.mcuxpressotools/arm-gnu-toolchain-14.2.rel1-mingw-w64-x86_64-arm-none-eabi/bin/../lib/gcc/arm-none-eabi/14.2.1/thumb/v8-m.main/nofp\libc_nano.a(libc_a-exit.o) (__stdio_exit_handler)
C:/Users/ADMIN/.mcuxpressotools/arm-gnu-toolchain-14.2.rel1-mingw-w64-x86_64-arm-none-eabi/bin/../lib/gcc/arm-none-eabi/14.2.1/thumb/v8-m.main/nofp\libc_nano.a(libc_a-fwalk.o)
                              C:/Users/ADMIN/.mcuxpressotools/arm-gnu-toolchain-14.2.rel1-mingw-w64-x86_64-arm-none-eabi/bin/../lib/gcc/arm-none-eabi/14.2.1/thumb/v8-m.main/nofp\libc_nano.a(libc_a-findfp.o) (_fwalk_sglue)
C:/Users/ADMIN/.mcuxpressotools/arm-gnu-toolchain-14.2.rel1-mingw-w64-x86_64-arm-none-eabi/bin/../lib/gcc/arm-none-eabi/14.2.1/thumb/v8-m.main/nofp\libc_nano.a(libc_a-printf.o)
                              CMakeFiles/display_game.dir/main.c.obj (printf)
C:/Users/ADMIN/.mcuxpressotools/arm-gnu-toolchain-14.2.rel1-mingw-w64-x86_64-arm-none-eabi/bin/../lib/gcc/arm-none-eabi/14.2.1/thumb/v8-m.main/nofp\libc_nano.a(libc_a-stdio.o)
                              C:/Users/ADMIN/.mcuxpressotools/arm-gnu-toolchain-14.2.rel1-mingw-w64-x86_64-arm-none-eabi/bin/../lib/gcc/arm-none-eabi/14.2.1/thumb/v8-m.main/nofp\libc_nano.a(libc_a-findfp.o) (__sread)
C:/Users/ADMIN/.mcuxpressotools/arm-gnu-toolchain-14.2.rel1-mingw-w64-x86_64-arm-none-eabi/bin/../lib/gcc/arm-none-eabi/14.2.1/thumb/v8-m.main/nofp\libc_nano.a(libc_a-memset.o)
                              C:/Users/ADMIN/.mcuxpressotools/arm-gnu-toolchain-14.2.rel1-mingw-w64-x86_64-arm-none-eabi/bin/../lib/gcc/arm-none-eabi/14.2.1/thumb/v8-m.main/nofp/crt0.o (memset)
C:/Users/ADMIN/.mcuxpressotools/arm-gnu-toolchain-14.2.rel1-mingw-w64-x86_64-arm-none-eabi/bin/../lib/gcc/arm-none-eabi/14.2.1/thumb/v8-m.main/nofp\libc_nano.a(libc_a-closer.o)
                              C:/Users/ADMIN/.mcuxpressotools/arm-gnu-toolchain-14.2.rel1-mingw-w64-x86_64-arm-none-eabi/bin/../lib/gcc/arm-none-eabi/14.2.1/thumb/v8-m.main/nofp\libc_nano.a(libc_a-stdio.o) (_close_r)
C:/Users/ADMIN/.mcuxpressotools/arm-gnu-toolchain-14.2.rel1-mingw-w64-x86_64-arm-none-eabi/bin/../lib/gcc/arm-none-eabi/14.2.1/thumb/v8-m.main/nofp\libc_nano.a(libc_a-reent.o)
                              C:/Users/ADMIN/.mcuxpressotools/arm-gnu-toolchain-14.2.rel1-mingw-w64-x86_64-arm-none-eabi/bin/../lib/gcc/arm-none-eabi/14.2.1/thumb/v8-m.main/nofp\libc_nano.a(libc_a-closer.o) (errno)
C:/Users/ADMIN/.mcuxpressotools/arm-gnu-toolchain-14.2.rel1-mingw-w64-x86_64-arm-none-eabi/bin/../lib/gcc/arm-none-eabi/14.2.1/thumb/v8-m.main/nofp\libc_nano.a(libc_a-impure.o)
                              C:/Users/ADMIN/.mcuxpressotools/arm-gnu-toolchain-14.2.rel1-mingw-w64-x86_64-arm-none-eabi/bin/../lib/gcc/arm-none-eabi/14.2.1/thumb/v8-m.main/nofp\libc_nano.a(libc_a-printf.o) (_impure_ptr)
C:/Users/ADMIN/.mcuxpressotools/arm-gnu-toolchain-14.2.rel1-mingw-w64-x86_64-arm-none-eabi/bin/../lib/gcc/arm-none-eabi/14.2.1/thumb/v8-m.main/nofp\libc_nano.a(libc_a-lseekr.o)
                              C:/Users/ADMIN/.mcuxpressotools/arm-gnu-toolchain-14.2.rel1-mingw-w64-x86_64-arm-none-eabi/bin/../lib/gcc/arm-none-eabi/14.2.1/thumb/v8-m.main/nofp\libc_nano.a(libc_a-stdio.o) (_lseek_r)
C:/Users/ADMIN/.mcuxpressotools/arm-gnu-toolchain-14.2.rel1-mingw-w64-x86_64-arm-none-eabi/bin/../lib/gcc/arm-none-eabi/14.2.1/thumb/v8-m.main/nofp\libc_nano.a(libc_a-readr.o)
                              C:/Users/ADMIN/.mcuxpressotools/arm-gnu-toolchain-14.2.rel1-mingw-w64-x86_64-arm-none-eabi/bin/../lib/gcc/arm-none-eabi/14.2.1/thumb/v8-m.main/nofp\libc_nano.a(libc_a-stdio.o) (_read_r)
C:/Users/ADMIN/.mcuxpressotools/arm-gnu-toolchain-14.2.rel1-mingw-w64-x86_64-arm-none-eabi/bin/../lib/gcc/arm-none-eabi/14.2.1/thumb/v8-m.main/nofp\libc_nano.a(libc_a-writer.o)
                              C:/Users/ADMIN/.mcuxpressotools/arm-gnu-toolchain-14.2.rel1-mingw-w64-x86_64-arm-none-eabi/bin/../lib/gcc/arm-none-eabi/14.2.1/thumb/v8-m.main/nofp\libc_nano.a(libc_a-stdio.o) (_write_r)
C:/Users/ADMIN/.mcuxpressotools/arm-gnu-toolchain-14.2.rel1-mingw-w64-x86_64-arm-none-eabi/bin/../lib/gcc/arm-none-eabi/14.2.1/thumb/v8-m.main/nofp\libc_nano.a(libc_a-errno.o)
                              CMakeFiles/display_game.dir/D_/STUDYMATERIALS/MIC3/sdks/sdk_26_03_00_ese_04_frdmmcxa153/mcuxsdk/components/misc_utilities/fsl_syscall_stub.c.obj (__errno)
[...]
Memory Configuration

Name             Origin             Length             Attributes
m_interrupts     0x00000000         0x00000200         xr
m_text           0x00000200         0x0001fe00         xr
m_data           0x20000000         0x00006000         rw
m_sramx0         0x04000000         0x00002000         rw
*default*        0x00000000         0xffffffff

Linker script and memory map

LOAD C:/Users/ADMIN/.mcuxpressotools/arm-gnu-toolchain-14.2.rel1-mingw-w64-x86_64-arm-none-eabi/bin/../lib/gcc/arm-none-eabi/14.2.1/thumb/v8-m.main/nofp/crti.o
LOAD C:/Users/ADMIN/.mcuxpressotools/arm-gnu-toolchain-14.2.rel1-mingw-w64-x86_64-arm-none-eabi/bin/../lib/gcc/arm-none-eabi/14.2.1/thumb/v8-m.main/nofp/crtbegin.o
LOAD C:/Users/ADMIN/.mcuxpressotools/arm-gnu-toolchain-14.2.rel1-mingw-w64-x86_64-arm-none-eabi/bin/../lib/gcc/arm-none-eabi/14.2.1/thumb/v8-m.main/nofp/crt0.o
LOAD CMakeFiles/display_game.dir/D_/STUDYMATERIALS/MIC3/sdks/sdk_26_03_00_ese_04_frdmmcxa153/mcuxsdk/devices/MCX/MCXA/MCXA153/system_MCXA153.c.obj
LOAD CMakeFiles/display_game.dir/D_/STUDYMATERIALS/MIC3/sdks/sdk_26_03_00_ese_04_frdmmcxa153/mcuxsdk/devices/MCX/MCXA/MCXA153/gcc/startup_MCXA153.S.obj
LOAD CMakeFiles/display_game.dir/D_/STUDYMATERIALS/MIC3/sdks/sdk_26_03_00_ese_04_frdmmcxa153/mcuxsdk/components/misc_utilities/fsl_syscall_stub.c.obj
LOAD CMakeFiles/display_game.dir/D_/STUDYMATERIALS/MIC3/sdks/sdk_26_03_00_ese_04_frdmmcxa153/mcuxsdk/components/misc_utilities/fsl_sbrk.c.obj
LOAD CMakeFiles/display_game.dir/D_/STUDYMATERIALS/MIC3/sdks/sdk_26_03_00_ese_04_frdmmcxa153/mcuxsdk/components/misc_utilities/fsl_memcpy.S.obj
LOAD CMakeFiles/display_game.dir/fifo/fifo.c.obj
LOAD CMakeFiles/display_game.dir/leds/leds.c.obj
LOAD CMakeFiles/display_game.dir/main.c.obj
LOAD CMakeFiles/display_game.dir/resources/animations.c.obj
LOAD CMakeFiles/display_game.dir/resources/bitmaps.c.obj
LOAD CMakeFiles/display_game.dir/resources/fonts.c.obj
LOAD CMakeFiles/display_game.dir/serial/retarget.c.obj
LOAD CMakeFiles/display_game.dir/serial/serial.c.obj
LOAD CMakeFiles/display_game.dir/tft_lcd/lpspi_master.c.obj
LOAD CMakeFiles/display_game.dir/tft_lcd/tft_lcd.c.obj
LOAD CMakeFiles/display_game.dir/simonsaid/start.c.obj
START GROUP
LOAD C:/Users/ADMIN/.mcuxpressotools/arm-gnu-toolchain-14.2.rel1-mingw-w64-x86_64-arm-none-eabi/bin/../lib/gcc/arm-none-eabi/14.2.1/thumb/v8-m.main/nofp\libm.a
LOAD C:/Users/ADMIN/.mcuxpressotools/arm-gnu-toolchain-14.2.rel1-mingw-w64-x86_64-arm-none-eabi/bin/../lib/gcc/arm-none-eabi/14.2.1/thumb/v8-m.main/nofp\libc_nano.a
LOAD C:/Users/ADMIN/.mcuxpressotools/arm-gnu-toolchain-14.2.rel1-mingw-w64-x86_64-arm-none-eabi/bin/../lib/gcc/arm-none-eabi/14.2.1/thumb/v8-m.main/nofp\libgcc.a
LOAD C:/Users/ADMIN/.mcuxpressotools/arm-gnu-toolchain-14.2.rel1-mingw-w64-x86_64-arm-none-eabi/bin/../lib/gcc/arm-none-eabi/14.2.1/thumb/v8-m.main/nofp\libnosys.a
END GROUP
START GROUP
LOAD C:/Users/ADMIN/.mcuxpressotools/arm-gnu-toolchain-14.2.rel1-mingw-w64-x86_64-arm-none-eabi/bin/../lib/gcc/arm-none-eabi/14.2.1/thumb/v8-m.main/nofp\libgcc.a
LOAD C:/Users/ADMIN/.mcuxpressotools/arm-gnu-toolchain-14.2.rel1-mingw-w64-x86_64-arm-none-eabi/bin/../lib/gcc/arm-none-eabi/14.2.1/thumb/v8-m.main/nofp\libg_nano.a
LOAD C:/Users/ADMIN/.mcuxpressotools/arm-gnu-toolchain-14.2.rel1-mingw-w64-x86_64-arm-none-eabi/bin/../lib/gcc/arm-none-eabi/14.2.1/thumb/v8-m.main/nofp\libc_nano.a
END GROUP
START GROUP
LOAD C:/Users/ADMIN/.mcuxpressotools/arm-gnu-toolchain-14.2.rel1-mingw-w64-x86_64-arm-none-eabi/bin/../lib/gcc/arm-none-eabi/14.2.1/thumb/v8-m.main/nofp\libgcc.a
LOAD C:/Users/ADMIN/.mcuxpressotools/arm-gnu-toolchain-14.2.rel1-mingw-w64-x86_64-arm-none-eabi/bin/../lib/gcc/arm-none-eabi/14.2.1/thumb/v8-m.main/nofp\libc_nano.a
LOAD C:/Users/ADMIN/.mcuxpressotools/arm-gnu-toolchain-14.2.rel1-mingw-w64-x86_64-arm-none-eabi/bin/../lib/gcc/arm-none-eabi/14.2.1/thumb/v8-m.main/nofp\libnosys.a
END GROUP
START GROUP
LOAD C:/Users/ADMIN/.mcuxpressotools/arm-gnu-toolchain-14.2.rel1-mingw-w64-x86_64-arm-none-eabi/bin/../lib/gcc/arm-none-eabi/14.2.1/thumb/v8-m.main/nofp\libgcc.a
LOAD C:/Users/ADMIN/.mcuxpressotools/arm-gnu-toolchain-14.2.rel1-mingw-w64-x86_64-arm-none-eabi/bin/../lib/gcc/arm-none-eabi/14.2.1/thumb/v8-m.main/nofp\libc_nano.a
LOAD C:/Users/ADMIN/.mcuxpressotools/arm-gnu-toolchain-14.2.rel1-mingw-w64-x86_64-arm-none-eabi/bin/../lib/gcc/arm-none-eabi/14.2.1/thumb/v8-m.main/nofp\libnosys.a
END GROUP
LOAD C:/Users/ADMIN/.mcuxpressotools/arm-gnu-toolchain-14.2.rel1-mingw-w64-x86_64-arm-none-eabi/bin/../lib/gcc/arm-none-eabi/14.2.1/thumb/v8-m.main/nofp/crtend.o
LOAD C:/Users/ADMIN/.mcuxpressotools/arm-gnu-toolchain-14.2.rel1-mingw-w64-x86_64-arm-none-eabi/bin/../lib/gcc/arm-none-eabi/14.2.1/thumb/v8-m.main/nofp/crtn.o
                0x00000400                        HEAP_SIZE = DEFINED (__heap_size__)?__heap_size__:0x400
                0x00000800                        STACK_SIZE = DEFINED (__stack_size__)?__stack_size__:0x800

.interrupts     0x00000000      0x180
                0x00000000                        . = ALIGN (0x4)
 *(.isr_vector)
 .isr_vector    0x00000000      0x180 CMakeFiles/display_game.dir/D_/STUDYMATERIALS/MIC3/sdks/sdk_26_03_00_ese_04_frdmmcxa153/mcuxsdk/devices/MCX/MCXA/MCXA153/gcc/startup_MCXA153.S.obj
                0x00000000                __Vectors
                0x00000180                        . = ALIGN (0x4)

.text           0x00000200     0x5670
                0x00000200                        . = ALIGN (0x4)
 *(.text)
 .text          0x00000200       0x7c C:/Users/ADMIN/.mcuxpressotools/arm-gnu-toolchain-14.2.rel1-mingw-w64-x86_64-arm-none-eabi/bin/../lib/gcc/arm-none-eabi/14.2.1/thumb/v8-m.main/nofp/crt0.o
                0x00000200                _stack_init
                0x00000208                _start
                0x00000208                _mainCRTStartup
 .text          0x0000027c      0x340 CMakeFiles/display_game.dir/D_/STUDYMATERIALS/MIC3/sdks/sdk_26_03_00_ese_04_frdmmcxa153/mcuxsdk/devices/MCX/MCXA/MCXA153/gcc/startup_MCXA153.S.obj
                0x0000027c                Reset_Handler
                0x00000310                SCG0_DriverIRQHandler
                0x00000310                CMC_DriverIRQHandler
                0x00000310                OS_EVENT_DriverIRQHandler
                0x00000310                WUU0_DriverIRQHandler
                0x00000310                Reserved50_DriverIRQHandler
                0x00000310                DebugMon_Handler
                0x00000310                FLEXPWM0_SUBMODULE0_DriverIRQHandler
                0x00000310                Reserved33_DriverIRQHandler
                0x00000310                I3C0_DriverIRQHandler
                0x00000310                Reserved39_DriverIRQHandler
                0x00000310                GPIO1_DriverIRQHandler
                0x00000310                Reserved86_DriverIRQHandler
                0x00000310                Reserved37_DriverIRQHandler
                0x00000310                Reserved46_DriverIRQHandler
                0x00000310                Reserved43_DriverIRQHandler
                0x00000310                WAKETIMER0_DriverIRQHandler
                0x00000310                BusFault_Handler
                0x00000310                MBC0_DriverIRQHandler
                0x00000310                SPC0_DriverIRQHandler
                0x00000310                LPTMR0_DriverIRQHandler
                0x00000310                DMA_CH1_DriverIRQHandler
                0x00000310                FLEXPWM0_SUBMODULE1_DriverIRQHandler
                0x00000310                Reserved58_DriverIRQHandler
                0x00000310                DMA_CH0_DriverIRQHandler
                0x00000310                Reserved59_DriverIRQHandler
                0x00000310                LPI2C0_DriverIRQHandler
                0x00000310                FLEXPWM0_RELOAD_ERROR_DriverIRQHandler
                0x00000310                CDOG0_DriverIRQHandler
                0x00000310                QDC0_HOME_DriverIRQHandler
                0x00000310                CMP0_DriverIRQHandler
                0x00000310                ADC0_DriverIRQHandler
                0x00000310                Reserved82_DriverIRQHandler
                0x00000310                Reserved85_DriverIRQHandler
                0x00000310                GPIO2_DriverIRQHandler
                0x00000310                LPUART0_DriverIRQHandler
                0x00000310                Reserved16_DriverIRQHandler
                0x00000310                QDC0_WATCHDOG_DriverIRQHandler
                0x00000310                ERM0_MULTI_BIT_DriverIRQHandler
                0x00000310                Reserved77_DriverIRQHandler
                0x00000310                LPSPI1_DriverIRQHandler
                0x00000310                FMU0_DriverIRQHandler
                0x00000310                Reserved36_DriverIRQHandler
                0x00000310                Reserved94_DriverIRQHandler
                0x00000310                Reserved25_DriverIRQHandler
                0x00000310                Reserved51_DriverIRQHandler
                0x00000310                CTIMER2_DriverIRQHandler
                0x00000310                UsageFault_Handler
                0x00000310                CMP1_DriverIRQHandler
                0x00000310                MemManage_Handler
                0x00000310                DMA_CH2_DriverIRQHandler
                0x00000310                DefaultISR
                0x00000310                USB0_DriverIRQHandler
                0x00000310                ERM0_SINGLE_BIT_DriverIRQHandler
                0x00000310                Reserved65_DriverIRQHandler
                0x00000310                QDC0_INDEX_DriverIRQHandler
                0x00000310                Reserved93_DriverIRQHandler
                0x00000310                Reserved23_DriverIRQHandler
                0x00000310                Reserved72_DriverIRQHandler
                0x00000310                Reserved83_DriverIRQHandler
                0x00000310                DMA_CH3_DriverIRQHandler
                0x00000310                UTICK0_DriverIRQHandler
                0x00000310                LPSPI0_DriverIRQHandler
                0x00000310                Reserved41_DriverIRQHandler
                0x00000310                FLEXPWM0_SUBMODULE2_DriverIRQHandler
                0x00000310                LPUART2_DriverIRQHandler
                0x00000310                Reserved95_DriverIRQHandler
                0x00000310                WWDT0_DriverIRQHandler
                0x00000310                Reserved92_DriverIRQHandler
                0x00000310                Reserved84_DriverIRQHandler
                0x00000310                SecureFault_Handler
                0x00000310                LPUART1_DriverIRQHandler
                0x00000310                QDC0_COMPARE_DriverIRQHandler
                0x00000310                FLEXPWM0_FAULT_DriverIRQHandler
                0x00000310                GLIKEY0_DriverIRQHandler
                0x00000310                CTIMER1_DriverIRQHandler
                0x00000310                Reserved24_DriverIRQHandler
                0x00000310                Reserved91_DriverIRQHandler
                0x00000310                Reserved79_DriverIRQHandler
                0x00000310                GPIO0_DriverIRQHandler
                0x00000310                CTIMER0_DriverIRQHandler
                0x00000310                Reserved38_DriverIRQHandler
                0x00000310                FREQME0_DriverIRQHandler
                0x00000310                Reserved22_DriverIRQHandler
                0x00000310                GPIO3_DriverIRQHandler
                0x00000310                Reserved53_DriverIRQHandler
                0x00000310                Reserved35_DriverIRQHandler
                0x00000314                NMI_Handler
                0x00000318                HardFault_Handler
                0x0000031c                SVC_Handler
                0x00000320                PendSV_Handler
                0x00000328                Reserved16_IRQHandler
                0x0000032c                CMC_IRQHandler
                0x00000330                DMA_CH0_IRQHandler
                0x00000334                DMA_CH1_IRQHandler
                0x00000338                DMA_CH2_IRQHandler
                0x0000033c                DMA_CH3_IRQHandler
                0x00000340                Reserved22_IRQHandler
                0x00000344                Reserved23_IRQHandler
                0x00000348                Reserved24_IRQHandler
                0x0000034c                Reserved25_IRQHandler
                0x00000350                ERM0_SINGLE_BIT_IRQHandler
                0x00000354                ERM0_MULTI_BIT_IRQHandler
                0x00000358                FMU0_IRQHandler
                0x0000035c                GLIKEY0_IRQHandler
                0x00000360                MBC0_IRQHandler
                0x00000364                SCG0_IRQHandler
                0x00000368                SPC0_IRQHandler
                0x0000036c                Reserved33_IRQHandler
                0x00000370                WUU0_IRQHandler
                0x00000374                Reserved35_IRQHandler
                0x00000378                Reserved36_IRQHandler
                0x0000037c                Reserved37_IRQHandler
                0x00000380                Reserved38_IRQHandler
                0x00000384                Reserved39_IRQHandler
                0x00000388                I3C0_IRQHandler
                0x0000038c                Reserved41_IRQHandler
                0x00000390                LPI2C0_IRQHandler
                0x00000394                Reserved43_IRQHandler
                0x00000398                LPSPI0_IRQHandler
                0x0000039c                LPSPI1_IRQHandler
                0x000003a0                Reserved46_IRQHandler
                0x000003a8                LPUART1_IRQHandler
                0x000003ac                LPUART2_IRQHandler
                0x000003b0                Reserved50_IRQHandler
                0x000003b4                Reserved51_IRQHandler
                0x000003b8                USB0_IRQHandler
                0x000003bc                Reserved53_IRQHandler
                0x000003c0                CDOG0_IRQHandler
                0x000003c4                CTIMER0_IRQHandler
                0x000003c8                CTIMER1_IRQHandler
                0x000003cc                CTIMER2_IRQHandler
                0x000003d0                Reserved58_IRQHandler
                0x000003d4                Reserved59_IRQHandler
                0x000003d8                FLEXPWM0_RELOAD_ERROR_IRQHandler
                0x000003dc                FLEXPWM0_FAULT_IRQHandler
                0x000003e0                FLEXPWM0_SUBMODULE0_IRQHandler
                0x000003e4                FLEXPWM0_SUBMODULE1_IRQHandler
                0x000003e8                FLEXPWM0_SUBMODULE2_IRQHandler
                0x000003ec                Reserved65_IRQHandler
                0x000003f0                QDC0_COMPARE_IRQHandler
                0x000003f4                QDC0_HOME_IRQHandler
                0x000003f8                QDC0_WATCHDOG_IRQHandler
                0x000003fc                QDC0_INDEX_IRQHandler
                0x00000400                FREQME0_IRQHandler
                0x00000404                LPTMR0_IRQHandler
                0x00000408                Reserved72_IRQHandler
                0x0000040c                OS_EVENT_IRQHandler
                0x00000410                WAKETIMER0_IRQHandler
                0x00000414                UTICK0_IRQHandler
                0x00000418                WWDT0_IRQHandler
                0x0000041c                Reserved77_IRQHandler
                0x00000420                ADC0_IRQHandler
                0x00000424                Reserved79_IRQHandler
                0x00000428                CMP0_IRQHandler
                0x0000042c                CMP1_IRQHandler
                0x00000430                Reserved82_IRQHandler
                0x00000434                Reserved83_IRQHandler
                0x00000438                Reserved84_IRQHandler
                0x0000043c                Reserved85_IRQHandler
                0x00000440                Reserved86_IRQHandler
                0x00000444                GPIO0_IRQHandler
                0x00000448                GPIO1_IRQHandler
                0x00000450                GPIO3_IRQHandler
                0x00000454                Reserved91_IRQHandler
                0x00000458                Reserved92_IRQHandler
                0x0000045c                Reserved93_IRQHandler
                0x00000460                Reserved94_IRQHandler
                0x00000464                Reserved95_IRQHandler
 .text          0x000005bc       0xa0 CMakeFiles/display_game.dir/D_/STUDYMATERIALS/MIC3/sdks/sdk_26_03_00_ese_04_frdmmcxa153/mcuxsdk/components/misc_utilities/fsl_memcpy.S.obj
                0x000005bc                memcpy
 *(.text*)
 .text.deregister_tm_clones
                0x0000065c       0x1c C:/Users/ADMIN/.mcuxpressotools/arm-gnu-toolchain-14.2.rel1-mingw-w64-x86_64-arm-none-eabi/bin/../lib/gcc/arm-none-eabi/14.2.1/thumb/v8-m.main/nofp/crtbegin.o
 .text.register_tm_clones
                0x00000678       0x28 C:/Users/ADMIN/.mcuxpressotools/arm-gnu-toolchain-14.2.rel1-mingw-w64-x86_64-arm-none-eabi/bin/../lib/gcc/arm-none-eabi/14.2.1/thumb/v8-m.main/nofp/crtbegin.o
 .text.__do_global_dtors_aux
                0x000006a0       0x28 C:/Users/ADMIN/.mcuxpressotools/arm-gnu-toolchain-14.2.rel1-mingw-w64-x86_64-arm-none-eabi/bin/../lib/gcc/arm-none-eabi/14.2.1/thumb/v8-m.main/nofp/crtbegin.o
 .text.frame_dummy
                0x000006c8       0x24 C:/Users/ADMIN/.mcuxpressotools/arm-gnu-toolchain-14.2.rel1-mingw-w64-x86_64-arm-none-eabi/bin/../lib/gcc/arm-none-eabi/14.2.1/thumb/v8-m.main/nofp/crtbegin.o
 .text.SystemInit
                0x000006ec      0x140 CMakeFiles/display_game.dir/D_/STUDYMATERIALS/MIC3/sdks/sdk_26_03_00_ese_04_frdmmcxa153/mcuxsdk/devices/MCX/MCXA/MCXA153/system_MCXA153.c.obj
                0x000006ec                SystemInit
 .text.SystemInitHook
                0x0000082c        0xc CMakeFiles/display_game.dir/D_/STUDYMATERIALS/MIC3/sdks/sdk_26_03_00_ese_04_frdmmcxa153/mcuxsdk/devices/MCX/MCXA/MCXA153/system_MCXA153.c.obj
                0x0000082c                SystemInitHook
 .text._close   0x00000838       0x1e CMakeFiles/display_game.dir/D_/STUDYMATERIALS/MIC3/sdks/sdk_26_03_00_ese_04_frdmmcxa153/mcuxsdk/components/misc_utilities/fsl_syscall_stub.c.obj
                0x00000838                _close
 .text._lseek   0x00000856       0x22 CMakeFiles/display_game.dir/D_/STUDYMATERIALS/MIC3/sdks/sdk_26_03_00_ese_04_frdmmcxa153/mcuxsdk/components/misc_utilities/fsl_syscall_stub.c.obj
                0x00000856                _lseek
 .text._fstat   0x00000878       0x20 CMakeFiles/display_game.dir/D_/STUDYMATERIALS/MIC3/sdks/sdk_26_03_00_ese_04_frdmmcxa153/mcuxsdk/components/misc_utilities/fsl_syscall_stub.c.obj
                0x00000878                _fstat
 .text._isatty  0x00000898       0x1c CMakeFiles/display_game.dir/D_/STUDYMATERIALS/MIC3/sdks/sdk_26_03_00_ese_04_frdmmcxa153/mcuxsdk/components/misc_utilities/fsl_syscall_stub.c.obj
                0x00000898                _isatty
 .text._sbrk    0x000008b4       0x68 CMakeFiles/display_game.dir/D_/STUDYMATERIALS/MIC3/sdks/sdk_26_03_00_ese_04_frdmmcxa153/mcuxsdk/components/misc_utilities/fsl_sbrk.c.obj
                0x000008b4                _sbrk
 .text.f_init   0x0000091c       0x54 CMakeFiles/display_game.dir/fifo/fifo.c.obj
                0x0000091c                f_init
 .text.f_push   0x00000970       0x76 CMakeFiles/display_game.dir/fifo/fifo.c.obj
                0x00000970                f_push
 .text.f_pop    0x000009e6       0x72 CMakeFiles/display_game.dir/fifo/fifo.c.obj
                0x000009e6                f_pop
 .text.__NVIC_SetPriority
                0x00000a58       0x54 CMakeFiles/display_game.dir/main.c.obj
 .text.SysTick_Config
                0x00000aac       0x44 CMakeFiles/display_game.dir/main.c.obj
 .text.main     0x00000af0      0x110 CMakeFiles/display_game.dir/main.c.obj
                0x00000af0                main
 .text.SysTick_Handler
                0x00000c00       0x1c CMakeFiles/display_game.dir/main.c.obj
                0x00000c00                SysTick_Handler
 .text._write   0x00000c1c       0x38 CMakeFiles/display_game.dir/serial/retarget.c.obj
                0x00000c1c                _write
 .text._read    0x00000c54       0x3a CMakeFiles/display_game.dir/serial/retarget.c.obj
                0x00000c54                _read
 *fill*         0x00000c8e        0x2 
 .text.__NVIC_EnableIRQ
                0x00000c90       0x38 CMakeFiles/display_game.dir/serial/serial.c.obj
 .text.__NVIC_ClearPendingIRQ
                0x00000cc8       0x3c CMakeFiles/display_game.dir/serial/serial.c.obj
 .text.__NVIC_SetPriority
                0x00000d04       0x54 CMakeFiles/display_game.dir/serial/serial.c.obj
 .text.serial_init
                0x00000d58      0x104 CMakeFiles/display_game.dir/serial/serial.c.obj
                0x00000d58                serial_init
 .text.serial_putchar
                0x00000e5c       0x3c CMakeFiles/display_game.dir/serial/serial.c.obj
                0x00000e5c                serial_putchar
 .text.serial_getchar
                0x00000e98       0x30 CMakeFiles/display_game.dir/serial/serial.c.obj
                0x00000e98                serial_getchar
 .text.LPUART0_IRQHandler
                0x00000ec8       0x80 CMakeFiles/display_game.dir/serial/serial.c.obj
                0x00000ec8                LPUART0_IRQHandler
 .text.__NVIC_EnableIRQ
                0x00000f48       0x38 CMakeFiles/display_game.dir/tft_lcd/lpspi_master.c.obj
 .text.__NVIC_ClearPendingIRQ
                0x00000f80       0x3c CMakeFiles/display_game.dir/tft_lcd/lpspi_master.c.obj
 .text.__NVIC_SetPriority
                0x00000fbc       0x54 CMakeFiles/display_game.dir/tft_lcd/lpspi_master.c.obj
 .text.lpspi_master_init
                0x00001010      0x160 CMakeFiles/display_game.dir/tft_lcd/lpspi_master.c.obj
                0x00001010                lpspi_master_init
 .text.lpspi_set_pcs
                0x00001170       0x20 CMakeFiles/display_game.dir/tft_lcd/lpspi_master.c.obj
                0x00001170                lpspi_set_pcs
 .text.lpspi_set_prescale
                0x00001190       0x1c CMakeFiles/display_game.dir/tft_lcd/lpspi_master.c.obj
                0x00001190                lpspi_set_prescale
 .text.lpspi_busy
                0x000011ac       0x24 CMakeFiles/display_game.dir/tft_lcd/lpspi_master.c.obj
                0x000011ac                lpspi_busy
 .text.lpspi_transmit
                0x000011d0      0x114 CMakeFiles/display_game.dir/tft_lcd/lpspi_master.c.obj
 .text.lpspi_transceive
                0x000012e4      0x16c CMakeFiles/display_game.dir/tft_lcd/lpspi_master.c.obj
 .text.lpspi0_txfifo_full
                0x00001450       0x2c CMakeFiles/display_game.dir/tft_lcd/lpspi_master.c.obj
 .text.lpspi0_rxfifo_empty
                0x0000147c       0x2c CMakeFiles/display_game.dir/tft_lcd/lpspi_master.c.obj
 .text.lpspi_transmit_command
                0x000014a8       0x24 CMakeFiles/display_game.dir/tft_lcd/lpspi_master.c.obj
                0x000014a8                lpspi_transmit_command
 .text.lpspi_transmit_data
                0x000014cc       0x24 CMakeFiles/display_game.dir/tft_lcd/lpspi_master.c.obj
                0x000014cc                lpspi_transmit_data
 .text.lpspi_transceive_data
                0x000014f0       0x28 CMakeFiles/display_game.dir/tft_lcd/lpspi_master.c.obj
                0x000014f0                lpspi_transceive_data
 .text.GPIO2_IRQHandler
                0x00001518       0x58 CMakeFiles/display_game.dir/tft_lcd/lpspi_master.c.obj
                0x00001518                GPIO2_IRQHandler
 .text.lcd_init
                0x00001570      0x114 CMakeFiles/display_game.dir/tft_lcd/tft_lcd.c.obj
                0x00001570                lcd_init
 .text.lcd_backlight
                0x00001684       0x2c CMakeFiles/display_game.dir/tft_lcd/tft_lcd.c.obj
                0x00001684                lcd_backlight
 .text.lcd_orientation
                0x000016b0       0xb0 CMakeFiles/display_game.dir/tft_lcd/tft_lcd.c.obj
                0x000016b0                lcd_orientation
 .text.lcd_set_area
                0x00001760       0xca CMakeFiles/display_game.dir/tft_lcd/tft_lcd.c.obj
                0x00001760                lcd_set_area
 .text.lcd_write_pixels
                0x0000182a       0x3a CMakeFiles/display_game.dir/tft_lcd/tft_lcd.c.obj
                0x0000182a                lcd_write_pixels
 .text.lcd_clear
                0x00001864       0xc0 CMakeFiles/display_game.dir/tft_lcd/tft_lcd.c.obj
                0x00001864                lcd_clear
 .text.lcd_get_touch
                0x00001924      0x240 CMakeFiles/display_game.dir/tft_lcd/tft_lcd.c.obj
                0x00001924                lcd_get_touch
 .text.lcd_set_font
                0x00001b64       0x1c CMakeFiles/display_game.dir/tft_lcd/tft_lcd.c.obj
                0x00001b64                lcd_set_font
 .text.lcd_put_char
                0x00001b80      0x1b8 CMakeFiles/display_game.dir/tft_lcd/tft_lcd.c.obj
                0x00001b80                lcd_put_char
 .text.lcd_put_string
                0x00001d38       0x4e CMakeFiles/display_game.dir/tft_lcd/tft_lcd.c.obj
                0x00001d38                lcd_put_string
 *fill*         0x00001d86        0x2 
 .text.start_screen
                0x00001d88       0xa8 CMakeFiles/display_game.dir/simonsaid/start.c.obj
                0x00001d88                start_screen
 .text.exit     0x00001e30       0x24 C:/Users/ADMIN/.mcuxpressotools/arm-gnu-toolchain-14.2.rel1-mingw-w64-x86_64-arm-none-eabi/bin/../lib/gcc/arm-none-eabi/14.2.1/thumb/v8-m.main/nofp\libc_nano.a(libc_a-exit.o)
                0x00001e30                exit
 .text.std      0x00001e54       0x6c C:/Users/ADMIN/.mcuxpressotools/arm-gnu-toolchain-14.2.rel1-mingw-w64-x86_64-arm-none-eabi/bin/../lib/gcc/arm-none-eabi/14.2.1/thumb/v8-m.main/nofp\libc_nano.a(libc_a-findfp.o)
 .text.stdio_exit_handler
                0x00001ec0       0x18 C:/Users/ADMIN/.mcuxpressotools/arm-gnu-toolchain-14.2.rel1-mingw-w64-x86_64-arm-none-eabi/bin/../lib/gcc/arm-none-eabi/14.2.1/thumb/v8-m.main/nofp\libc_nano.a(libc_a-findfp.o)
 .text.cleanup_stdio
                0x00001ed8       0x40 C:/Users/ADMIN/.mcuxpressotools/arm-gnu-toolchain-14.2.rel1-mingw-w64-x86_64-arm-none-eabi/bin/../lib/gcc/arm-none-eabi/14.2.1/thumb/v8-m.main/nofp\libc_nano.a(libc_a-findfp.o)
 .text.global_stdio_init.part.0
                0x00001f18       0x40 C:/Users/ADMIN/.mcuxpressotools/arm-gnu-toolchain-14.2.rel1-mingw-w64-x86_64-arm-none-eabi/bin/../lib/gcc/arm-none-eabi/14.2.1/thumb/v8-m.main/nofp\libc_nano.a(libc_a-findfp.o)
 .text.__sfp_lock_acquire
                0x00001f58        0xc C:/Users/ADMIN/.mcuxpressotools/arm-gnu-toolchain-14.2.rel1-mingw-w64-x86_64-arm-none-eabi/bin/../lib/gcc/arm-none-eabi/14.2.1/thumb/v8-m.main/nofp\libc_nano.a(libc_a-findfp.o)
                0x00001f58                __sfp_lock_acquire
 .text.__sfp_lock_release
                0x00001f64        0xc C:/Users/ADMIN/.mcuxpressotools/arm-gnu-toolchain-14.2.rel1-mingw-w64-x86_64-arm-none-eabi/bin/../lib/gcc/arm-none-eabi/14.2.1/thumb/v8-m.main/nofp\libc_nano.a(libc_a-findfp.o)
                0x00001f64                __sfp_lock_release
 .text.__sinit  0x00001f70       0x30 C:/Users/ADMIN/.mcuxpressotools/arm-gnu-toolchain-14.2.rel1-mingw-w64-x86_64-arm-none-eabi/bin/../lib/gcc/arm-none-eabi/14.2.1/thumb/v8-m.main/nofp\libc_nano.a(libc_a-findfp.o)
                0x00001f70                __sinit
 .text._fwalk_sglue
                0x00001fa0       0x3c C:/Users/ADMIN/.mcuxpressotools/arm-gnu-toolchain-14.2.rel1-mingw-w64-x86_64-arm-none-eabi/bin/../lib/gcc/arm-none-eabi/14.2.1/thumb/v8-m.main/nofp\libc_nano.a(libc_a-fwalk.o)
                0x00001fa0                _fwalk_sglue
 .text.printf   0x00001fdc       0x24 C:/Users/ADMIN/.mcuxpressotools/arm-gnu-toolchain-14.2.rel1-mingw-w64-x86_64-arm-none-eabi/bin/../lib/gcc/arm-none-eabi/14.2.1/thumb/v8-m.main/nofp\libc_nano.a(libc_a-printf.o)
                0x00001fdc                iprintf
                0x00001fdc                printf
 .text.__sread  0x00002000       0x22 C:/Users/ADMIN/.mcuxpressotools/arm-gnu-toolchain-14.2.rel1-mingw-w64-x86_64-arm-none-eabi/bin/../lib/gcc/arm-none-eabi/14.2.1/thumb/v8-m.main/nofp\libc_nano.a(libc_a-stdio.o)
                0x00002000                __sread
 .text.__swrite
                0x00002022       0x38 C:/Users/ADMIN/.mcuxpressotools/arm-gnu-toolchain-14.2.rel1-mingw-w64-x86_64-arm-none-eabi/bin/../lib/gcc/arm-none-eabi/14.2.1/thumb/v8-m.main/nofp\libc_nano.a(libc_a-stdio.o)
                0x00002022                __swrite
 .text.__sseek  0x0000205a       0x26 C:/Users/ADMIN/.mcuxpressotools/arm-gnu-toolchain-14.2.rel1-mingw-w64-x86_64-arm-none-eabi/bin/../lib/gcc/arm-none-eabi/14.2.1/thumb/v8-m.main/nofp\libc_nano.a(libc_a-stdio.o)
                0x0000205a                __sseek
 .text.__sclose
                0x00002080        0x8 C:/Users/ADMIN/.mcuxpressotools/arm-gnu-toolchain-14.2.rel1-mingw-w64-x86_64-arm-none-eabi/bin/../lib/gcc/arm-none-eabi/14.2.1/thumb/v8-m.main/nofp\libc_nano.a(libc_a-stdio.o)
                0x00002080                __sclose
 .text.memset   0x00002088       0x10 C:/Users/ADMIN/.mcuxpressotools/arm-gnu-toolchain-14.2.rel1-mingw-w64-x86_64-arm-none-eabi/bin/../lib/gcc/arm-none-eabi/14.2.1/thumb/v8-m.main/nofp\libc_nano.a(libc_a-memset.o)
                0x00002088                memset
 .text._close_r
                0x00002098       0x20 C:/Users/ADMIN/.mcuxpressotools/arm-gnu-toolchain-14.2.rel1-mingw-w64-x86_64-arm-none-eabi/bin/../lib/gcc/arm-none-eabi/14.2.1/thumb/v8-m.main/nofp\libc_nano.a(libc_a-closer.o)
                0x00002098                _close_r
 .text._lseek_r
                0x000020b8       0x24 C:/Users/ADMIN/.mcuxpressotools/arm-gnu-toolchain-14.2.rel1-mingw-w64-x86_64-arm-none-eabi/bin/../lib/gcc/arm-none-eabi/14.2.1/thumb/v8-m.main/nofp\libc_nano.a(libc_a-lseekr.o)
                0x000020b8                _lseek_r
 .text._read_r  0x000020dc       0x24 C:/Users/ADMIN/.mcuxpressotools/arm-gnu-toolchain-14.2.rel1-mingw-w64-x86_64-arm-none-eabi/bin/../lib/gcc/arm-none-eabi/14.2.1/thumb/v8-m.main/nofp\libc_nano.a(libc_a-readr.o)
                0x000020dc                _read_r
 .text._write_r
                0x00002100       0x24 C:/Users/ADMIN/.mcuxpressotools/arm-gnu-toolchain-14.2.rel1-mingw-w64-x86_64-arm-none-eabi/bin/../lib/gcc/arm-none-eabi/14.2.1/thumb/v8-m.main/nofp\libc_nano.a(libc_a-writer.o)
                0x00002100                _write_r
 .text.__errno  0x00002124        0xc C:/Users/ADMIN/.mcuxpressotools/arm-gnu-toolchain-14.2.rel1-mingw-w64-x86_64-arm-none-eabi/bin/../lib/gcc/arm-none-eabi/14.2.1/thumb/v8-m.main/nofp\libc_nano.a(libc_a-errno.o)
                0x00002124                __errno
 .text.__libc_init_array
                0x00002130       0x48 C:/Users/ADMIN/.mcuxpressotools/arm-gnu-toolchain-14.2.rel1-mingw-w64-x86_64-arm-none-eabi/bin/../lib/gcc/arm-none-eabi/14.2.1/thumb/v8-m.main/nofp\libc_nano.a(libc_a-init.o)
                0x00002130                __libc_init_array
 .text.__retarget_lock_init_recursive
                0x00002178        0x2 C:/Users/ADMIN/.mcuxpressotools/arm-gnu-toolchain-14.2.rel1-mingw-w64-x86_64-arm-none-eabi/bin/../lib/gcc/arm-none-eabi/14.2.1/thumb/v8-m.main/nofp\libc_nano.a(libc_a-lock.o)
                0x00002178                __retarget_lock_init_recursive
 .text.__retarget_lock_acquire_recursive
                0x0000217a        0x2 C:/Users/ADMIN/.mcuxpressotools/arm-gnu-toolchain-14.2.rel1-mingw-w64-x86_64-arm-none-eabi/bin/../lib/gcc/arm-none-eabi/14.2.1/thumb/v8-m.main/nofp\libc_nano.a(libc_a-lock.o)
                0x0000217a                __retarget_lock_acquire_recursive
 .text.__retarget_lock_release_recursive
                0x0000217c        0x2 C:/Users/ADMIN/.mcuxpressotools/arm-gnu-toolchain-14.2.rel1-mingw-w64-x86_64-arm-none-eabi/bin/../lib/gcc/arm-none-eabi/14.2.1/thumb/v8-m.main/nofp\libc_nano.a(libc_a-lock.o)
                0x0000217c                __retarget_lock_release_recursive
 *fill*         0x0000217e        0x2 
 .text._free_r  0x00002180       0x94 C:/Users/ADMIN/.mcuxpressotools/arm-gnu-toolchain-14.2.rel1-mingw-w64-x86_64-arm-none-eabi/bin/../lib/gcc/arm-none-eabi/14.2.1/thumb/v8-m.main/nofp\libc_nano.a(libc_a-freer.o)
                0x00002180                _free_r
 .text.sbrk_aligned
                0x00002214       0x44 C:/Users/ADMIN/.mcuxpressotools/arm-gnu-toolchain-14.2.rel1-mingw-w64-x86_64-arm-none-eabi/bin/../lib/gcc/arm-none-eabi/14.2.1/thumb/v8-m.main/nofp\libc_nano.a(libc_a-mallocr.o)
 .text._malloc_r
                0x00002258      0x100 C:/Users/ADMIN/.mcuxpressotools/arm-gnu-toolchain-14.2.rel1-mingw-w64-x86_64-arm-none-eabi/bin/../lib/gcc/arm-none-eabi/14.2.1/thumb/v8-m.main/nofp\libc_nano.a(libc_a-mallocr.o)
                0x00002258                _malloc_r
 .text.__malloc_lock
                0x00002358        0xc C:/Users/ADMIN/.mcuxpressotools/arm-gnu-toolchain-14.2.rel1-mingw-w64-x86_64-arm-none-eabi/bin/../lib/gcc/arm-none-eabi/14.2.1/thumb/v8-m.main/nofp\libc_nano.a(libc_a-mlock.o)
                0x00002358                __malloc_lock
 .text.__malloc_unlock
                0x00002364        0xc C:/Users/ADMIN/.mcuxpressotools/arm-gnu-toolchain-14.2.rel1-mingw-w64-x86_64-arm-none-eabi/bin/../lib/gcc/arm-none-eabi/14.2.1/thumb/v8-m.main/nofp\libc_nano.a(libc_a-mlock.o)
                0x00002364                __malloc_unlock
 .text.__sfputc_r
                0x00002370       0x2a C:/Users/ADMIN/.mcuxpressotools/arm-gnu-toolchain-14.2.rel1-mingw-w64-x86_64-arm-none-eabi/bin/../lib/gcc/arm-none-eabi/14.2.1/thumb/v8-m.main/nofp\libc_nano.a(libc_a-nano-vfprintf.o)
 .text.__sfputs_r
                0x0000239a       0x24 C:/Users/ADMIN/.mcuxpressotools/arm-gnu-toolchain-14.2.rel1-mingw-w64-x86_64-arm-none-eabi/bin/../lib/gcc/arm-none-eabi/14.2.1/thumb/v8-m.main/nofp\libc_nano.a(libc_a-nano-vfprintf.o)
                0x0000239a                __sfputs_r
 *fill*         0x000023be        0x2 
 .text._vfprintf_r
                0x000023c0      0x230 C:/Users/ADMIN/.mcuxpressotools/arm-gnu-toolchain-14.2.rel1-mingw-w64-x86_64-arm-none-eabi/bin/../lib/gcc/arm-none-eabi/14.2.1/thumb/v8-m.main/nofp\libc_nano.a(libc_a-nano-vfprintf.o)
                0x000023c0                _vfprintf_r
                0x000023c0                _vfiprintf_r
 .text._printf_common
                0x000025f0       0xe4 C:/Users/ADMIN/.mcuxpressotools/arm-gnu-toolchain-14.2.rel1-mingw-w64-x86_64-arm-none-eabi/bin/../lib/gcc/arm-none-eabi/14.2.1/thumb/v8-m.main/nofp\libc_nano.a(libc_a-nano-vfprintf_i.o)
                0x000025f0                _printf_common
 .text._printf_i
                0x000026d4      0x240 C:/Users/ADMIN/.mcuxpressotools/arm-gnu-toolchain-14.2.rel1-mingw-w64-x86_64-arm-none-eabi/bin/../lib/gcc/arm-none-eabi/14.2.1/thumb/v8-m.main/nofp\libc_nano.a(libc_a-nano-vfprintf_i.o)
                0x000026d4                _printf_i
 .text.__sflush_r
                0x00002914       0xf8 C:/Users/ADMIN/.mcuxpressotools/arm-gnu-toolchain-14.2.rel1-mingw-w64-x86_64-arm-none-eabi/bin/../lib/gcc/arm-none-eabi/14.2.1/thumb/v8-m.main/nofp\libc_nano.a(libc_a-fflush.o)
                0x00002914                __sflush_r
 .text._fflush_r
                0x00002a0c       0x50 C:/Users/ADMIN/.mcuxpressotools/arm-gnu-toolchain-14.2.rel1-mingw-w64-x86_64-arm-none-eabi/bin/../lib/gcc/arm-none-eabi/14.2.1/thumb/v8-m.main/nofp\libc_nano.a(libc_a-fflush.o)
                0x00002a0c                _fflush_r
 .text.__swbuf_r
                0x00002a5c       0x7c C:/Users/ADMIN/.mcuxpressotools/arm-gnu-toolchain-14.2.rel1-mingw-w64-x86_64-arm-none-eabi/bin/../lib/gcc/arm-none-eabi/14.2.1/thumb/v8-m.main/nofp\libc_nano.a(libc_a-wbuf.o)
                0x00002a5c                __swbuf_r
 .text.__swsetup_r
                0x00002ad8       0xa8 C:/Users/ADMIN/.mcuxpressotools/arm-gnu-toolchain-14.2.rel1-mingw-w64-x86_64-arm-none-eabi/bin/../lib/gcc/arm-none-eabi/14.2.1/thumb/v8-m.main/nofp\libc_nano.a(libc_a-wsetup.o)
                0x00002ad8                __swsetup_r
 .text._sbrk_r  0x00002b80       0x20 C:/Users/ADMIN/.mcuxpressotools/arm-gnu-toolchain-14.2.rel1-mingw-w64-x86_64-arm-none-eabi/bin/../lib/gcc/arm-none-eabi/14.2.1/thumb/v8-m.main/nofp\libc_nano.a(libc_a-sbrkr.o)
                0x00002b80                _sbrk_r
 .text.memchr   0x00002ba0       0x1c C:/Users/ADMIN/.mcuxpressotools/arm-gnu-toolchain-14.2.rel1-mingw-w64-x86_64-arm-none-eabi/bin/../lib/gcc/arm-none-eabi/14.2.1/thumb/v8-m.main/nofp\libc_nano.a(libc_a-memchr-stub.o)
                0x00002ba0                memchr
 .text.__swhatbuf_r
                0x00002bbc       0x48 C:/Users/ADMIN/.mcuxpressotools/arm-gnu-toolchain-14.2.rel1-mingw-w64-x86_64-arm-none-eabi/bin/../lib/gcc/arm-none-eabi/14.2.1/thumb/v8-m.main/nofp\libc_nano.a(libc_a-makebuf.o)
                0x00002bbc                __swhatbuf_r
 .text.__smakebuf_r
                0x00002c04       0x72 C:/Users/ADMIN/.mcuxpressotools/arm-gnu-toolchain-14.2.rel1-mingw-w64-x86_64-arm-none-eabi/bin/../lib/gcc/arm-none-eabi/14.2.1/thumb/v8-m.main/nofp\libc_nano.a(libc_a-makebuf.o)
                0x00002c04                __smakebuf_r
 *fill*         0x00002c76        0x2 
 .text._fstat_r
                0x00002c78       0x24 C:/Users/ADMIN/.mcuxpressotools/arm-gnu-toolchain-14.2.rel1-mingw-w64-x86_64-arm-none-eabi/bin/../lib/gcc/arm-none-eabi/14.2.1/thumb/v8-m.main/nofp\libc_nano.a(libc_a-fstatr.o)
                0x00002c78                _fstat_r
 .text._isatty_r
                0x00002c9c       0x20 C:/Users/ADMIN/.mcuxpressotools/arm-gnu-toolchain-14.2.rel1-mingw-w64-x86_64-arm-none-eabi/bin/../lib/gcc/arm-none-eabi/14.2.1/thumb/v8-m.main/nofp\libc_nano.a(libc_a-isattyr.o)
                0x00002c9c                _isatty_r
 .text._exit    0x00002cbc        0x4 C:/Users/ADMIN/.mcuxpressotools/arm-gnu-toolchain-14.2.rel1-mingw-w64-x86_64-arm-none-eabi/bin/../lib/gcc/arm-none-eabi/14.2.1/thumb/v8-m.main/nofp\libnosys.a(_exit.o)
                0x00002cbc                _exit
 *(.rodata)
 .rodata        0x00002cc0       0x88 CMakeFiles/display_game.dir/main.c.obj
 .rodata        0x00002d48       0x20 CMakeFiles/display_game.dir/serial/serial.c.obj
 .rodata        0x00002d68       0x19 CMakeFiles/display_game.dir/tft_lcd/tft_lcd.c.obj
 *fill*         0x00002d81        0x3 
 .rodata        0x00002d84       0x43 CMakeFiles/display_game.dir/simonsaid/start.c.obj
 *(.rodata*)
 *fill*         0x00002dc7        0x1 
 .rodata.Dialog_plain_12
                0x00002dc8      0xed1 CMakeFiles/display_game.dir/resources/fonts.c.obj
                0x00002dc8                Dialog_plain_12
 *fill*         0x00003c99        0x3 
 .rodata.Dialog_bold_16
                0x00003c9c     0x1b13 CMakeFiles/display_game.dir/resources/fonts.c.obj
                0x00003c9c                Dialog_bold_16
 *fill*         0x000057af        0x1 
 .rodata.touch_detect_interval_ms.0
                0x000057b0        0x4 CMakeFiles/display_game.dir/tft_lcd/lpspi_master.c.obj
 .rodata._lcd_init_commands
                0x000057b4       0x6f CMakeFiles/display_game.dir/tft_lcd/tft_lcd.c.obj
 .rodata._vfprintf_r.str1.1
                0x00005823       0x33 C:/Users/ADMIN/.mcuxpressotools/arm-gnu-toolchain-14.2.rel1-mingw-w64-x86_64-arm-none-eabi/bin/../lib/gcc/arm-none-eabi/14.2.1/thumb/v8-m.main/nofp\libc_nano.a(libc_a-nano-vfprintf.o)
                                 0x11 (size before relaxing)
 .rodata._printf_i.str1.1
                0x00005856       0x22 C:/Users/ADMIN/.mcuxpressotools/arm-gnu-toolchain-14.2.rel1-mingw-w64-x86_64-arm-none-eabi/bin/../lib/gcc/arm-none-eabi/14.2.1/thumb/v8-m.main/nofp\libc_nano.a(libc_a-nano-vfprintf_i.o)
 *(.glue_7)
 .glue_7        0x00005856        0x0 linker stubs
 *(.glue_7t)
 .glue_7t       0x00005856        0x0 linker stubs
 *(.eh_frame)
 *fill*         0x00005856        0x2 
 .eh_frame      0x00005858        0x0 C:/Users/ADMIN/.mcuxpressotools/arm-gnu-toolchain-14.2.rel1-mingw-w64-x86_64-arm-none-eabi/bin/../lib/gcc/arm-none-eabi/14.2.1/thumb/v8-m.main/nofp/crtbegin.o
 *(.init)
 .init          0x00005858        0x4 C:/Users/ADMIN/.mcuxpressotools/arm-gnu-toolchain-14.2.rel1-mingw-w64-x86_64-arm-none-eabi/bin/../lib/gcc/arm-none-eabi/14.2.1/thumb/v8-m.main/nofp/crti.o
                0x00005858                _init
 .init          0x0000585c        0x8 C:/Users/ADMIN/.mcuxpressotools/arm-gnu-toolchain-14.2.rel1-mingw-w64-x86_64-arm-none-eabi/bin/../lib/gcc/arm-none-eabi/14.2.1/thumb/v8-m.main/nofp/crtn.o
 *(.fini)
 .fini          0x00005864        0x4 C:/Users/ADMIN/.mcuxpressotools/arm-gnu-toolchain-14.2.rel1-mingw-w64-x86_64-arm-none-eabi/bin/../lib/gcc/arm-none-eabi/14.2.1/thumb/v8-m.main/nofp/crti.o
                0x00005864                _fini
 .fini          0x00005868        0x8 C:/Users/ADMIN/.mcuxpressotools/arm-gnu-toolchain-14.2.rel1-mingw-w64-x86_64-arm-none-eabi/bin/../lib/gcc/arm-none-eabi/14.2.1/thumb/v8-m.main/nofp/crtn.o
                0x00005870                        . = ALIGN (0x4)

.vfp11_veneer   0x00005870        0x0
 .vfp11_veneer  0x00005870        0x0 linker stubs

.v4_bx          0x00005870        0x0
 .v4_bx         0x00005870        0x0 linker stubs

.iplt           0x00005870        0x0
 .iplt          0x00005870        0x0 C:/Users/ADMIN/.mcuxpressotools/arm-gnu-toolchain-14.2.rel1-mingw-w64-x86_64-arm-none-eabi/bin/../lib/gcc/arm-none-eabi/14.2.1/thumb/v8-m.main/nofp/crtbegin.o

.ARM.extab
 *(.ARM.extab* .gnu.linkonce.armextab.*)

.ARM            0x00005870        0x8
                0x00005870                        __exidx_start = .
 *(.ARM.exidx*)
 .ARM.exidx     0x00005870        0x8 C:/Users/ADMIN/.mcuxpressotools/arm-gnu-toolchain-14.2.rel1-mingw-w64-x86_64-arm-none-eabi/bin/../lib/gcc/arm-none-eabi/14.2.1/thumb/v8-m.main/nofp/crt0.o
                                 0x10 (size before relaxing)
                0x00005878                        __exidx_end = .

.rel.dyn        0x00005878        0x0
 .rel.iplt      0x00005878        0x0 C:/Users/ADMIN/.mcuxpressotools/arm-gnu-toolchain-14.2.rel1-mingw-w64-x86_64-arm-none-eabi/bin/../lib/gcc/arm-none-eabi/14.2.1/thumb/v8-m.main/nofp/crtbegin.o

.ctors          0x00005878        0x0
                0x00005878                        __CTOR_LIST__ = .
 *crtbegin.o(.ctors)
 *crtbegin?.o(.ctors)
 *(EXCLUDE_FILE(*crtend.o *crtend?.o) .ctors)
 *(SORT_BY_NAME(.ctors.*))
 *(.ctors)
                0x00005878                        __CTOR_END__ = .

.dtors          0x00005878        0x0
                0x00005878                        __DTOR_LIST__ = .
 *crtbegin.o(.dtors)
 *crtbegin?.o(.dtors)
 *(EXCLUDE_FILE(*crtend.o *crtend?.o) .dtors)
 *(SORT_BY_NAME(.dtors.*))
 *(.dtors)
                0x00005878                        __DTOR_END__ = .

.preinit_array  0x00005878        0x0
                0x00005878                        PROVIDE (__preinit_array_start = .)
 *(.preinit_array*)
                0x00005878                        PROVIDE (__preinit_array_end = .)

.init_array     0x00005878        0x4
                0x00005878                        PROVIDE (__init_array_start = .)
 *(SORT_BY_NAME(.init_array.*))
 *(.init_array*)
 .init_array    0x00005878        0x4 C:/Users/ADMIN/.mcuxpressotools/arm-gnu-toolchain-14.2.rel1-mingw-w64-x86_64-arm-none-eabi/bin/../lib/gcc/arm-none-eabi/14.2.1/thumb/v8-m.main/nofp/crtbegin.o
                0x0000587c                        PROVIDE (__init_array_end = .)

.fini_array     0x0000587c        0x4
                [!provide]                        PROVIDE (__fini_array_start = .)
 *(SORT_BY_NAME(.fini_array.*))
 *(.fini_array*)
 .fini_array    0x0000587c        0x4 C:/Users/ADMIN/.mcuxpressotools/arm-gnu-toolchain-14.2.rel1-mingw-w64-x86_64-arm-none-eabi/bin/../lib/gcc/arm-none-eabi/14.2.1/thumb/v8-m.main/nofp/crtbegin.o
                [!provide]                        PROVIDE (__fini_array_end = .)
                0x00005880                        __etext = .
                0x00005880                        __DATA_ROM = .

.data           0x20000000       0x68 load address 0x00005880
                0x20000000                        . = ALIGN (0x4)
                0x20000000                        __DATA_RAM = .
                0x20000000                        __data_start__ = .
 *(.ramfunc*)
 *(.data)
 *(.data*)
 .data._selected_prescale
                0x20000000        0x4 CMakeFiles/display_game.dir/tft_lcd/lpspi_master.c.obj
 .data._dummy   0x20000004        0x1 CMakeFiles/display_game.dir/tft_lcd/lpspi_master.c.obj
 *fill*         0x20000005        0x1 
 .data.lcd_width
                0x20000006        0x2 CMakeFiles/display_game.dir/tft_lcd/tft_lcd.c.obj
                0x20000006                lcd_width
 .data.lcd_height
                0x20000008        0x2 CMakeFiles/display_game.dir/tft_lcd/tft_lcd.c.obj
                0x20000008                lcd_height
 *fill*         0x2000000a        0x2 
 .data.__sglue  0x2000000c        0xc C:/Users/ADMIN/.mcuxpressotools/arm-gnu-toolchain-14.2.rel1-mingw-w64-x86_64-arm-none-eabi/bin/../lib/gcc/arm-none-eabi/14.2.1/thumb/v8-m.main/nofp\libc_nano.a(libc_a-findfp.o)
                0x2000000c                __sglue
 .data._impure_ptr
                0x20000018        0x4 C:/Users/ADMIN/.mcuxpressotools/arm-gnu-toolchain-14.2.rel1-mingw-w64-x86_64-arm-none-eabi/bin/../lib/gcc/arm-none-eabi/14.2.1/thumb/v8-m.main/nofp\libc_nano.a(libc_a-impure.o)
                0x20000018                _impure_ptr
 .data._impure_data
                0x2000001c       0x4c C:/Users/ADMIN/.mcuxpressotools/arm-gnu-toolchain-14.2.rel1-mingw-w64-x86_64-arm-none-eabi/bin/../lib/gcc/arm-none-eabi/14.2.1/thumb/v8-m.main/nofp\libc_nano.a(libc_a-impure.o)
                0x2000001c                _impure_data
 *(.jcr*)
                0x20000068                        . = ALIGN (0x4)
                0x20000068                        __data_end__ = .
                0x000058e8                        __DATA_END = (__DATA_ROM + (__data_end__ - __data_start__))
                0x00020000                        text_end = (ORIGIN (m_text) + LENGTH (m_text))
                0x00000001                        ASSERT ((__DATA_END <= text_end), region m_text overflowed with text and data)

.tm_clone_table
                0x20000068        0x0 load address 0x000058e8
 .tm_clone_table
                0x20000068        0x0 C:/Users/ADMIN/.mcuxpressotools/arm-gnu-toolchain-14.2.rel1-mingw-w64-x86_64-arm-none-eabi/bin/../lib/gcc/arm-none-eabi/14.2.1/thumb/v8-m.main/nofp/crtbegin.o
 .tm_clone_table
                0x20000068        0x0 C:/Users/ADMIN/.mcuxpressotools/arm-gnu-toolchain-14.2.rel1-mingw-w64-x86_64-arm-none-eabi/bin/../lib/gcc/arm-none-eabi/14.2.1/thumb/v8-m.main/nofp/crtend.o

.igot.plt       0x20000068        0x0 load address 0x000058e8
 .igot.plt      0x20000068        0x0 C:/Users/ADMIN/.mcuxpressotools/arm-gnu-toolchain-14.2.rel1-mingw-w64-x86_64-arm-none-eabi/bin/../lib/gcc/arm-none-eabi/14.2.1/thumb/v8-m.main/nofp/crtbegin.o

.bss            0x20000068     0x34c0 load address 0x000058e8
                0x20000068                        . = ALIGN (0x4)
                0x20000068                        __START_BSS = .
                0x20000068                        __bss_start__ = .
 *(.bss)
 *(.bss*)
 .bss.completed.1
                0x20000068        0x1 C:/Users/ADMIN/.mcuxpressotools/arm-gnu-toolchain-14.2.rel1-mingw-w64-x86_64-arm-none-eabi/bin/../lib/gcc/arm-none-eabi/14.2.1/thumb/v8-m.main/nofp/crtbegin.o
 *fill*         0x20000069        0x3 
 .bss.object.0  0x2000006c       0x18 C:/Users/ADMIN/.mcuxpressotools/arm-gnu-toolchain-14.2.rel1-mingw-w64-x86_64-arm-none-eabi/bin/../lib/gcc/arm-none-eabi/14.2.1/thumb/v8-m.main/nofp/crtbegin.o
 .bss.heap_end.0
                0x20000084        0x4 CMakeFiles/display_game.dir/D_/STUDYMATERIALS/MIC3/sdks/sdk_26_03_00_ese_04_frdmmcxa153/mcuxsdk/components/misc_utilities/fsl_sbrk.c.obj
 .bss.ms        0x20000088        0x4 CMakeFiles/display_game.dir/main.c.obj
                0x20000088                ms
 .bss.tx        0x2000008c       0x1c CMakeFiles/display_game.dir/serial/serial.c.obj
 .bss.rx        0x200000a8       0x1c CMakeFiles/display_game.dir/serial/serial.c.obj
 .bss.tx_buffer
                0x200000c4       0x80 CMakeFiles/display_game.dir/serial/serial.c.obj
 .bss.rx_buffer
                0x20000144       0x80 CMakeFiles/display_game.dir/serial/serial.c.obj
 .bss.touch_detected
                0x200001c4        0x1 CMakeFiles/display_game.dir/tft_lcd/lpspi_master.c.obj
                0x200001c4                touch_detected
 .bss._selected_pcs
                0x200001c5        0x1 CMakeFiles/display_game.dir/tft_lcd/lpspi_master.c.obj
 *fill*         0x200001c6        0x2 
 .bss.last_touch_detected_ms.1
                0x200001c8        0x4 CMakeFiles/display_game.dir/tft_lcd/lpspi_master.c.obj
 .bss.lcd_framebuffer
                0x200001cc     0x3200 CMakeFiles/display_game.dir/tft_lcd/tft_lcd.c.obj
                0x200001cc                lcd_framebuffer
 .bss.lcd_touch_x
                0x200033cc        0x2 CMakeFiles/display_game.dir/tft_lcd/tft_lcd.c.obj
                0x200033cc                lcd_touch_x
 .bss.lcd_touch_y
                0x200033ce        0x2 CMakeFiles/display_game.dir/tft_lcd/tft_lcd.c.obj
                0x200033ce                lcd_touch_y
 .bss.lcd_touch_z
                0x200033d0        0x2 CMakeFiles/display_game.dir/tft_lcd/tft_lcd.c.obj
                0x200033d0                lcd_touch_z
 .bss._orientation
                0x200033d2        0x1 CMakeFiles/display_game.dir/tft_lcd/tft_lcd.c.obj
 *fill*         0x200033d3        0x1 
 .bss._font     0x200033d4        0x4 CMakeFiles/display_game.dir/tft_lcd/tft_lcd.c.obj
 .bss.color_cnt
                0x200033d8        0x1 CMakeFiles/display_game.dir/simonsaid/start.c.obj
 *fill*         0x200033d9        0x3 
 .bss.__sf      0x200033dc      0x138 C:/Users/ADMIN/.mcuxpressotools/arm-gnu-toolchain-14.2.rel1-mingw-w64-x86_64-arm-none-eabi/bin/../lib/gcc/arm-none-eabi/14.2.1/thumb/v8-m.main/nofp\libc_nano.a(libc_a-findfp.o)
                0x200033dc                __sf
 .bss.__stdio_exit_handler
                0x20003514        0x4 C:/Users/ADMIN/.mcuxpressotools/arm-gnu-toolchain-14.2.rel1-mingw-w64-x86_64-arm-none-eabi/bin/../lib/gcc/arm-none-eabi/14.2.1/thumb/v8-m.main/nofp\libc_nano.a(libc_a-findfp.o)
                0x20003514                __stdio_exit_handler
 .bss.errno     0x20003518        0x4 C:/Users/ADMIN/.mcuxpressotools/arm-gnu-toolchain-14.2.rel1-mingw-w64-x86_64-arm-none-eabi/bin/../lib/gcc/arm-none-eabi/14.2.1/thumb/v8-m.main/nofp\libc_nano.a(libc_a-reent.o)
                0x20003518                errno
 .bss.__lock___malloc_recursive_mutex
                0x2000351c        0x1 C:/Users/ADMIN/.mcuxpressotools/arm-gnu-toolchain-14.2.rel1-mingw-w64-x86_64-arm-none-eabi/bin/../lib/gcc/arm-none-eabi/14.2.1/thumb/v8-m.main/nofp\libc_nano.a(libc_a-lock.o)
                0x2000351c                __lock___malloc_recursive_mutex
 .bss.__lock___sfp_recursive_mutex
                0x2000351d        0x1 C:/Users/ADMIN/.mcuxpressotools/arm-gnu-toolchain-14.2.rel1-mingw-w64-x86_64-arm-none-eabi/bin/../lib/gcc/arm-none-eabi/14.2.1/thumb/v8-m.main/nofp\libc_nano.a(libc_a-lock.o)
                0x2000351d                __lock___sfp_recursive_mutex
 *fill*         0x2000351e        0x2 
 .bss.__malloc_sbrk_start
                0x20003520        0x4 C:/Users/ADMIN/.mcuxpressotools/arm-gnu-toolchain-14.2.rel1-mingw-w64-x86_64-arm-none-eabi/bin/../lib/gcc/arm-none-eabi/14.2.1/thumb/v8-m.main/nofp\libc_nano.a(libc_a-mallocr.o)
                0x20003520                __malloc_sbrk_start
 .bss.__malloc_free_list
                0x20003524        0x4 C:/Users/ADMIN/.mcuxpressotools/arm-gnu-toolchain-14.2.rel1-mingw-w64-x86_64-arm-none-eabi/bin/../lib/gcc/arm-none-eabi/14.2.1/thumb/v8-m.main/nofp\libc_nano.a(libc_a-mallocr.o)
                0x20003524                __malloc_free_list
 *(COMMON)
                0x20003528                        . = ALIGN (0x4)
                0x20003528                        __bss_end__ = .
                0x20003528                        __END_BSS = .

.heap           0x20003528      0x400 load address 0x00008da8
                0x20003528                        . = ALIGN (0x8)
                0x20003528                        __end__ = .
                0x20003528                        PROVIDE (end = .)
                0x20003528                        __HeapBase = .
                0x20003928                        . = (. + HEAP_SIZE)
 *fill*         0x20003528      0x400 
                0x20003928                        __HeapLimit = .
                0x20003928                        __heap_limit = .

.stack          0x20003928      0x800 load address 0x000091a8
                0x20003928                        . = ALIGN (0x8)
                0x20004128                        . = (. + STACK_SIZE)
 *fill*         0x20003928      0x800 
                0x20006000                        __StackTop = (ORIGIN (m_data) + LENGTH (m_data))
                0x20005800                        __StackLimit = (__StackTop - STACK_SIZE)
                0x20006000                        PROVIDE (__stack = __StackTop)

.ARM.attributes
                0x00000000       0x2e
 *(.ARM.attributes)
 .ARM.attributes
                0x00000000       0x22 C:/Users/ADMIN/.mcuxpressotools/arm-gnu-toolchain-14.2.rel1-mingw-w64-x86_64-arm-none-eabi/bin/../lib/gcc/arm-none-eabi/14.2.1/thumb/v8-m.main/nofp/crti.o
 .ARM.attributes
                0x00000022       0x32 C:/Users/ADMIN/.mcuxpressotools/arm-gnu-toolchain-14.2.rel1-mingw-w64-x86_64-arm-none-eabi/bin/../lib/gcc/arm-none-eabi/14.2.1/thumb/v8-m.main/nofp/crtbegin.o
 .ARM.attributes
                0x00000054       0x20 C:/Users/ADMIN/.mcuxpressotools/arm-gnu-toolchain-14.2.rel1-mingw-w64-x86_64-arm-none-eabi/bin/../lib/gcc/arm-none-eabi/14.2.1/thumb/v8-m.main/nofp/crt0.o
 .ARM.attributes
                0x00000074       0x32 CMakeFiles/display_game.dir/D_/STUDYMATERIALS/MIC3/sdks/sdk_26_03_00_ese_04_frdmmcxa153/mcuxsdk/devices/MCX/MCXA/MCXA153/system_MCXA153.c.obj
 .ARM.attributes
                0x000000a6       0x20 CMakeFiles/display_game.dir/D_/STUDYMATERIALS/MIC3/sdks/sdk_26_03_00_ese_04_frdmmcxa153/mcuxsdk/devices/MCX/MCXA/MCXA153/gcc/startup_MCXA153.S.obj
 .ARM.attributes
                0x000000c6       0x32 CMakeFiles/display_game.dir/D_/STUDYMATERIALS/MIC3/sdks/sdk_26_03_00_ese_04_frdmmcxa153/mcuxsdk/components/misc_utilities/fsl_syscall_stub.c.obj
 .ARM.attributes
                0x000000f8       0x32 CMakeFiles/display_game.dir/D_/STUDYMATERIALS/MIC3/sdks/sdk_26_03_00_ese_04_frdmmcxa153/mcuxsdk/components/misc_utilities/fsl_sbrk.c.obj
 .ARM.attributes
                0x0000012a       0x20 CMakeFiles/display_game.dir/D_/STUDYMATERIALS/MIC3/sdks/sdk_26_03_00_ese_04_frdmmcxa153/mcuxsdk/components/misc_utilities/fsl_memcpy.S.obj
 .ARM.attributes
                0x0000014a       0x32 CMakeFiles/display_game.dir/fifo/fifo.c.obj
 .ARM.attributes
                0x0000017c       0x32 CMakeFiles/display_game.dir/main.c.obj
 .ARM.attributes
                0x000001ae       0x32 CMakeFiles/display_game.dir/resources/fonts.c.obj
 .ARM.attributes
                0x000001e0       0x32 CMakeFiles/display_game.dir/serial/retarget.c.obj
 .ARM.attributes
                0x00000212       0x32 CMakeFiles/display_game.dir/serial/serial.c.obj
 .ARM.attributes
                0x00000244       0x32 CMakeFiles/display_game.dir/tft_lcd/lpspi_master.c.obj
 .ARM.attributes
                0x00000276       0x32 CMakeFiles/display_game.dir/tft_lcd/tft_lcd.c.obj
 .ARM.attributes
                0x000002a8       0x32 CMakeFiles/display_game.dir/simonsaid/start.c.obj
 .ARM.attributes
                0x000002da       0x32 C:/Users/ADMIN/.mcuxpressotools/arm-gnu-toolchain-14.2.rel1-mingw-w64-x86_64-arm-none-eabi/bin/../lib/gcc/arm-none-eabi/14.2.1/thumb/v8-m.main/nofp\libc_nano.a(libc_a-exit.o)
 .ARM.attributes
                0x0000030c       0x32 C:/Users/ADMIN/.mcuxpressotools/arm-gnu-toolchain-14.2.rel1-mingw-w64-x86_64-arm-none-eabi/bin/../lib/gcc/arm-none-eabi/14.2.1/thumb/v8-m.main/nofp\libc_nano.a(libc_a-findfp.o)
 .ARM.attributes
                0x0000033e       0x32 C:/Users/ADMIN/.mcuxpressotools/arm-gnu-toolchain-14.2.rel1-mingw-w64-x86_64-arm-none-eabi/bin/../lib/gcc/arm-none-eabi/14.2.1/thumb/v8-m.main/nofp\libc_nano.a(libc_a-fwalk.o)
 .ARM.attributes
                0x00000370       0x32 C:/Users/ADMIN/.mcuxpressotools/arm-gnu-toolchain-14.2.rel1-mingw-w64-x86_64-arm-none-eabi/bin/../lib/gcc/arm-none-eabi/14.2.1/thumb/v8-m.main/nofp\libc_nano.a(libc_a-printf.o)
 .ARM.attributes
                0x000003a2       0x32 C:/Users/ADMIN/.mcuxpressotools/arm-gnu-toolchain-14.2.rel1-mingw-w64-x86_64-arm-none-eabi/bin/../lib/gcc/arm-none-eabi/14.2.1/thumb/v8-m.main/nofp\libc_nano.a(libc_a-stdio.o)
 .ARM.attributes
                0x000003d4       0x32 C:/Users/ADMIN/.mcuxpressotools/arm-gnu-toolchain-14.2.rel1-mingw-w64-x86_64-arm-none-eabi/bin/../lib/gcc/arm-none-eabi/14.2.1/thumb/v8-m.main/nofp\libc_nano.a(libc_a-memset.o)
 .ARM.attributes
                0x00000406       0x32 C:/Users/ADMIN/.mcuxpressotools/arm-gnu-toolchain-14.2.rel1-mingw-w64-x86_64-arm-none-eabi/bin/../lib/gcc/arm-none-eabi/14.2.1/thumb/v8-m.main/nofp\libc_nano.a(libc_a-closer.o)
 .ARM.attributes
                0x00000438       0x32 C:/Users/ADMIN/.mcuxpressotools/arm-gnu-toolchain-14.2.rel1-mingw-w64-x86_64-arm-none-eabi/bin/../lib/gcc/arm-none-eabi/14.2.1/thumb/v8-m.main/nofp\libc_nano.a(libc_a-reent.o)
 .ARM.attributes
                0x0000046a       0x32 C:/Users/ADMIN/.mcuxpressotools/arm-gnu-toolchain-14.2.rel1-mingw-w64-x86_64-arm-none-eabi/bin/../lib/gcc/arm-none-eabi/14.2.1/thumb/v8-m.main/nofp\libc_nano.a(libc_a-impure.o)
 .ARM.attributes
                0x0000049c       0x32 C:/Users/ADMIN/.mcuxpressotools/arm-gnu-toolchain-14.2.rel1-mingw-w64-x86_64-arm-none-eabi/bin/../lib/gcc/arm-none-eabi/14.2.1/thumb/v8-m.main/nofp\libc_nano.a(libc_a-lseekr.o)
 .ARM.attributes
                0x000004ce       0x32 C:/Users/ADMIN/.mcuxpressotools/arm-gnu-toolchain-14.2.rel1-mingw-w64-x86_64-arm-none-eabi/bin/../lib/gcc/arm-none-eabi/14.2.1/thumb/v8-m.main/nofp\libc_nano.a(libc_a-readr.o)
 .ARM.attributes
                0x00000500       0x32 C:/Users/ADMIN/.mcuxpressotools/arm-gnu-toolchain-14.2.rel1-mingw-w64-x86_64-arm-none-eabi/bin/../lib/gcc/arm-none-eabi/14.2.1/thumb/v8-m.main/nofp\libc_nano.a(libc_a-writer.o)
 .ARM.attributes
                0x00000532       0x32 C:/Users/ADMIN/.mcuxpressotools/arm-gnu-toolchain-14.2.rel1-mingw-w64-x86_64-arm-none-eabi/bin/../lib/gcc/arm-none-eabi/14.2.1/thumb/v8-m.main/nofp\libc_nano.a(libc_a-errno.o)
 .ARM.attributes
                0x00000564       0x32 C:/Users/ADMIN/.mcuxpressotools/arm-gnu-toolchain-14.2.rel1-mingw-w64-x86_64-arm-none-eabi/bin/../lib/gcc/arm-none-eabi/14.2.1/thumb/v8-m.main/nofp\libc_nano.a(libc_a-init.o)
 .ARM.attributes
                0x00000596       0x32 C:/Users/ADMIN/.mcuxpressotools/arm-gnu-toolchain-14.2.rel1-mingw-w64-x86_64-arm-none-eabi/bin/../lib/gcc/arm-none-eabi/14.2.1/thumb/v8-m.main/nofp\libc_nano.a(libc_a-lock.o)
 .ARM.attributes
                0x000005c8       0x32 C:/Users/ADMIN/.mcuxpressotools/arm-gnu-toolchain-14.2.rel1-mingw-w64-x86_64-arm-none-eabi/bin/../lib/gcc/arm-none-eabi/14.2.1/thumb/v8-m.main/nofp\libc_nano.a(libc_a-freer.o)
 .ARM.attributes
                0x000005fa       0x32 C:/Users/ADMIN/.mcuxpressotools/arm-gnu-toolchain-14.2.rel1-mingw-w64-x86_64-arm-none-eabi/bin/../lib/gcc/arm-none-eabi/14.2.1/thumb/v8-m.main/nofp\libc_nano.a(libc_a-mallocr.o)
 .ARM.attributes
                0x0000062c       0x32 C:/Users/ADMIN/.mcuxpressotools/arm-gnu-toolchain-14.2.rel1-mingw-w64-x86_64-arm-none-eabi/bin/../lib/gcc/arm-none-eabi/14.2.1/thumb/v8-m.main/nofp\libc_nano.a(libc_a-mlock.o)
 .ARM.attributes
                0x0000065e       0x32 C:/Users/ADMIN/.mcuxpressotools/arm-gnu-toolchain-14.2.rel1-mingw-w64-x86_64-arm-none-eabi/bin/../lib/gcc/arm-none-eabi/14.2.1/thumb/v8-m.main/nofp\libc_nano.a(libc_a-nano-vfprintf.o)
 .ARM.attributes
                0x00000690       0x32 C:/Users/ADMIN/.mcuxpressotools/arm-gnu-toolchain-14.2.rel1-mingw-w64-x86_64-arm-none-eabi/bin/../lib/gcc/arm-none-eabi/14.2.1/thumb/v8-m.main/nofp\libc_nano.a(libc_a-nano-vfprintf_i.o)
 .ARM.attributes
                0x000006c2       0x32 C:/Users/ADMIN/.mcuxpressotools/arm-gnu-toolchain-14.2.rel1-mingw-w64-x86_64-arm-none-eabi/bin/../lib/gcc/arm-none-eabi/14.2.1/thumb/v8-m.main/nofp\libc_nano.a(libc_a-fflush.o)
 .ARM.attributes
                0x000006f4       0x32 C:/Users/ADMIN/.mcuxpressotools/arm-gnu-toolchain-14.2.rel1-mingw-w64-x86_64-arm-none-eabi/bin/../lib/gcc/arm-none-eabi/14.2.1/thumb/v8-m.main/nofp\libc_nano.a(libc_a-wbuf.o)
 .ARM.attributes
                0x00000726       0x32 C:/Users/ADMIN/.mcuxpressotools/arm-gnu-toolchain-14.2.rel1-mingw-w64-x86_64-arm-none-eabi/bin/../lib/gcc/arm-none-eabi/14.2.1/thumb/v8-m.main/nofp\libc_nano.a(libc_a-wsetup.o)
 .ARM.attributes
                0x00000758       0x32 C:/Users/ADMIN/.mcuxpressotools/arm-gnu-toolchain-14.2.rel1-mingw-w64-x86_64-arm-none-eabi/bin/../lib/gcc/arm-none-eabi/14.2.1/thumb/v8-m.main/nofp\libc_nano.a(libc_a-sbrkr.o)
 .ARM.attributes
                0x0000078a       0x32 C:/Users/ADMIN/.mcuxpressotools/arm-gnu-toolchain-14.2.rel1-mingw-w64-x86_64-arm-none-eabi/bin/../lib/gcc/arm-none-eabi/14.2.1/thumb/v8-m.main/nofp\libc_nano.a(libc_a-memchr-stub.o)
 .ARM.attributes
                0x000007bc       0x32 C:/Users/ADMIN/.mcuxpressotools/arm-gnu-toolchain-14.2.rel1-mingw-w64-x86_64-arm-none-eabi/bin/../lib/gcc/arm-none-eabi/14.2.1/thumb/v8-m.main/nofp\libc_nano.a(libc_a-makebuf.o)
 .ARM.attributes
                0x000007ee       0x32 C:/Users/ADMIN/.mcuxpressotools/arm-gnu-toolchain-14.2.rel1-mingw-w64-x86_64-arm-none-eabi/bin/../lib/gcc/arm-none-eabi/14.2.1/thumb/v8-m.main/nofp\libc_nano.a(libc_a-fstatr.o)
 .ARM.attributes
                0x00000820       0x32 C:/Users/ADMIN/.mcuxpressotools/arm-gnu-toolchain-14.2.rel1-mingw-w64-x86_64-arm-none-eabi/bin/../lib/gcc/arm-none-eabi/14.2.1/thumb/v8-m.main/nofp\libc_nano.a(libc_a-isattyr.o)
 .ARM.attributes
                0x00000852       0x32 C:/Users/ADMIN/.mcuxpressotools/arm-gnu-toolchain-14.2.rel1-mingw-w64-x86_64-arm-none-eabi/bin/../lib/gcc/arm-none-eabi/14.2.1/thumb/v8-m.main/nofp\libnosys.a(_exit.o)
 .ARM.attributes
                0x00000884       0x32 C:/Users/ADMIN/.mcuxpressotools/arm-gnu-toolchain-14.2.rel1-mingw-w64-x86_64-arm-none-eabi/bin/../lib/gcc/arm-none-eabi/14.2.1/thumb/v8-m.main/nofp/crtend.o
 .ARM.attributes
                0x000008b6       0x22 C:/Users/ADMIN/.mcuxpressotools/arm-gnu-toolchain-14.2.rel1-mingw-w64-x86_64-arm-none-eabi/bin/../lib/gcc/arm-none-eabi/14.2.1/thumb/v8-m.main/nofp/crtn.o
                0x00000001                        ASSERT ((__StackLimit >= __HeapLimit), region m_data overflowed with stack and heap)
OUTPUT(display_game.elf elf32-littlearm)
LOAD linker stubs

.debug_line_str
                0x00000000      0x1f5
 .debug_line_str
                0x00000000      0x1f5 C:/Users/ADMIN/.mcuxpressotools/arm-gnu-toolchain-14.2.rel1-mingw-w64-x86_64-arm-none-eabi/bin/../lib/gcc/arm-none-eabi/14.2.1/thumb/v8-m.main/nofp/crt0.o
                                 0xdb (size before relaxing)
 .debug_line_str
                0x000001f5       0xaf CMakeFiles/display_game.dir/D_/STUDYMATERIALS/MIC3/sdks/sdk_26_03_00_ese_04_frdmmcxa153/mcuxsdk/devices/MCX/MCXA/MCXA153/gcc/startup_MCXA153.S.obj
 .debug_line_str
                0x000001f5       0xa7 CMakeFiles/display_game.dir/D_/STUDYMATERIALS/MIC3/sdks/sdk_26_03_00_ese_04_frdmmcxa153/mcuxsdk/components/misc_utilities/fsl_memcpy.S.obj

.debug_info     0x00000000     0x5f20
 .debug_info    0x00000000      0xc03 CMakeFiles/display_game.dir/D_/STUDYMATERIALS/MIC3/sdks/sdk_26_03_00_ese_04_frdmmcxa153/mcuxsdk/devices/MCX/MCXA/MCXA153/system_MCXA153.c.obj
 .debug_info    0x00000c03      0x838 CMakeFiles/display_game.dir/D_/STUDYMATERIALS/MIC3/sdks/sdk_26_03_00_ese_04_frdmmcxa153/mcuxsdk/devices/MCX/MCXA/MCXA153/gcc/startup_MCXA153.S.obj
 .debug_info    0x0000143b      0x4eb CMakeFiles/display_game.dir/D_/STUDYMATERIALS/MIC3/sdks/sdk_26_03_00_ese_04_frdmmcxa153/mcuxsdk/components/misc_utilities/fsl_syscall_stub.c.obj
 .debug_info    0x00001926      0x124 CMakeFiles/display_game.dir/D_/STUDYMATERIALS/MIC3/sdks/sdk_26_03_00_ese_04_frdmmcxa153/mcuxsdk/components/misc_utilities/fsl_sbrk.c.obj
 .debug_info    0x00001a4a       0x25 CMakeFiles/display_game.dir/D_/STUDYMATERIALS/MIC3/sdks/sdk_26_03_00_ese_04_frdmmcxa153/mcuxsdk/components/misc_utilities/fsl_memcpy.S.obj
 .debug_info    0x00001a6f      0x32c CMakeFiles/display_game.dir/fifo/fifo.c.obj
 .debug_info    0x00001d9b      0xb0b CMakeFiles/display_game.dir/main.c.obj
 .debug_info    0x000028a6      0x169 CMakeFiles/display_game.dir/resources/fonts.c.obj
 .debug_info    0x00002a0f      0x153 CMakeFiles/display_game.dir/serial/retarget.c.obj
 .debug_info    0x00002b62     0x149c CMakeFiles/display_game.dir/serial/serial.c.obj
 .debug_info    0x00003ffe     0x12dc CMakeFiles/display_game.dir/tft_lcd/lpspi_master.c.obj
 .debug_info    0x000052da      0xa60 CMakeFiles/display_game.dir/tft_lcd/tft_lcd.c.obj
 .debug_info    0x00005d3a      0x1e6 CMakeFiles/display_game.dir/simonsaid/start.c.obj

.debug_abbrev   0x00000000     0x11fa
 .debug_abbrev  0x00000000      0x175 CMakeFiles/display_game.dir/D_/STUDYMATERIALS/MIC3/sdks/sdk_26_03_00_ese_04_frdmmcxa153/mcuxsdk/devices/MCX/MCXA/MCXA153/system_MCXA153.c.obj
 .debug_abbrev  0x00000175       0x26 CMakeFiles/display_game.dir/D_/STUDYMATERIALS/MIC3/sdks/sdk_26_03_00_ese_04_frdmmcxa153/mcuxsdk/devices/MCX/MCXA/MCXA153/gcc/startup_MCXA153.S.obj
 .debug_abbrev  0x0000019b      0x10d CMakeFiles/display_game.dir/D_/STUDYMATERIALS/MIC3/sdks/sdk_26_03_00_ese_04_frdmmcxa153/mcuxsdk/components/misc_utilities/fsl_syscall_stub.c.obj
 .debug_abbrev  0x000002a8       0xd8 CMakeFiles/display_game.dir/D_/STUDYMATERIALS/MIC3/sdks/sdk_26_03_00_ese_04_frdmmcxa153/mcuxsdk/components/misc_utilities/fsl_sbrk.c.obj
 .debug_abbrev  0x00000380       0x14 CMakeFiles/display_game.dir/D_/STUDYMATERIALS/MIC3/sdks/sdk_26_03_00_ese_04_frdmmcxa153/mcuxsdk/components/misc_utilities/fsl_memcpy.S.obj
 .debug_abbrev  0x00000394      0x1ea CMakeFiles/display_game.dir/fifo/fifo.c.obj
 .debug_abbrev  0x0000057e      0x25d CMakeFiles/display_game.dir/main.c.obj
 .debug_abbrev  0x000007db       0x72 CMakeFiles/display_game.dir/resources/fonts.c.obj
 .debug_abbrev  0x0000084d       0xf0 CMakeFiles/display_game.dir/serial/retarget.c.obj
 .debug_abbrev  0x0000093d      0x275 CMakeFiles/display_game.dir/serial/serial.c.obj
 .debug_abbrev  0x00000bb2      0x318 CMakeFiles/display_game.dir/tft_lcd/lpspi_master.c.obj
 .debug_abbrev  0x00000eca      0x254 CMakeFiles/display_game.dir/tft_lcd/tft_lcd.c.obj
 .debug_abbrev  0x0000111e       0xdc CMakeFiles/display_game.dir/simonsaid/start.c.obj

.debug_aranges  0x00000000      0x358
 .debug_aranges
                0x00000000       0x30 CMakeFiles/display_game.dir/D_/STUDYMATERIALS/MIC3/sdks/sdk_26_03_00_ese_04_frdmmcxa153/mcuxsdk/devices/MCX/MCXA/MCXA153/system_MCXA153.c.obj
 .debug_aranges
                0x00000030       0x20 CMakeFiles/display_game.dir/D_/STUDYMATERIALS/MIC3/sdks/sdk_26_03_00_ese_04_frdmmcxa153/mcuxsdk/devices/MCX/MCXA/MCXA153/gcc/startup_MCXA153.S.obj
 .debug_aranges
                0x00000050       0x78 CMakeFiles/display_game.dir/D_/STUDYMATERIALS/MIC3/sdks/sdk_26_03_00_ese_04_frdmmcxa153/mcuxsdk/components/misc_utilities/fsl_syscall_stub.c.obj
 .debug_aranges
                0x000000c8       0x20 CMakeFiles/display_game.dir/D_/STUDYMATERIALS/MIC3/sdks/sdk_26_03_00_ese_04_frdmmcxa153/mcuxsdk/components/misc_utilities/fsl_sbrk.c.obj
 .debug_aranges
                0x000000e8       0x20 CMakeFiles/display_game.dir/D_/STUDYMATERIALS/MIC3/sdks/sdk_26_03_00_ese_04_frdmmcxa153/mcuxsdk/components/misc_utilities/fsl_memcpy.S.obj
 .debug_aranges
                0x00000108       0x38 CMakeFiles/display_game.dir/fifo/fifo.c.obj
 .debug_aranges
                0x00000140       0x38 CMakeFiles/display_game.dir/main.c.obj
 .debug_aranges
                0x00000178       0x18 CMakeFiles/display_game.dir/resources/fonts.c.obj
 .debug_aranges
                0x00000190       0x28 CMakeFiles/display_game.dir/serial/retarget.c.obj
 .debug_aranges
                0x000001b8       0x58 CMakeFiles/display_game.dir/serial/serial.c.obj
 .debug_aranges
                0x00000210       0xa8 CMakeFiles/display_game.dir/tft_lcd/lpspi_master.c.obj
 .debug_aranges
                0x000002b8       0x80 CMakeFiles/display_game.dir/tft_lcd/tft_lcd.c.obj
 .debug_aranges
                0x00000338       0x20 CMakeFiles/display_game.dir/simonsaid/start.c.obj

.debug_rnglists
                0x00000000      0x21d
 .debug_rnglists
                0x00000000       0x20 CMakeFiles/display_game.dir/D_/STUDYMATERIALS/MIC3/sdks/sdk_26_03_00_ese_04_frdmmcxa153/mcuxsdk/devices/MCX/MCXA/MCXA153/system_MCXA153.c.obj
 .debug_rnglists
                0x00000020       0x55 CMakeFiles/display_game.dir/D_/STUDYMATERIALS/MIC3/sdks/sdk_26_03_00_ese_04_frdmmcxa153/mcuxsdk/components/misc_utilities/fsl_syscall_stub.c.obj
 .debug_rnglists
                0x00000075       0x13 CMakeFiles/display_game.dir/D_/STUDYMATERIALS/MIC3/sdks/sdk_26_03_00_ese_04_frdmmcxa153/mcuxsdk/components/misc_utilities/fsl_sbrk.c.obj
 .debug_rnglists
                0x00000088       0x25 CMakeFiles/display_game.dir/fifo/fifo.c.obj
 .debug_rnglists
                0x000000ad       0x26 CMakeFiles/display_game.dir/main.c.obj
 .debug_rnglists
                0x000000d3       0x19 CMakeFiles/display_game.dir/serial/retarget.c.obj
 .debug_rnglists
                0x000000ec       0x3f CMakeFiles/display_game.dir/serial/serial.c.obj
 .debug_rnglists
                0x0000012b       0x7c CMakeFiles/display_game.dir/tft_lcd/lpspi_master.c.obj
 .debug_rnglists
                0x000001a7       0x62 CMakeFiles/display_game.dir/tft_lcd/tft_lcd.c.obj
 .debug_rnglists
                0x00000209       0x14 CMakeFiles/display_game.dir/simonsaid/start.c.obj

.debug_line     0x00000000     0x2edc
 .debug_line    0x00000000      0x39f CMakeFiles/display_game.dir/D_/STUDYMATERIALS/MIC3/sdks/sdk_26_03_00_ese_04_frdmmcxa153/mcuxsdk/devices/MCX/MCXA/MCXA153/system_MCXA153.c.obj
 .debug_line    0x0000039f      0x23d CMakeFiles/display_game.dir/D_/STUDYMATERIALS/MIC3/sdks/sdk_26_03_00_ese_04_frdmmcxa153/mcuxsdk/devices/MCX/MCXA/MCXA153/gcc/startup_MCXA153.S.obj
 .debug_line    0x000005dc      0x371 CMakeFiles/display_game.dir/D_/STUDYMATERIALS/MIC3/sdks/sdk_26_03_00_ese_04_frdmmcxa153/mcuxsdk/components/misc_utilities/fsl_syscall_stub.c.obj
 .debug_line    0x0000094d      0x277 CMakeFiles/display_game.dir/D_/STUDYMATERIALS/MIC3/sdks/sdk_26_03_00_ese_04_frdmmcxa153/mcuxsdk/components/misc_utilities/fsl_sbrk.c.obj
 .debug_line    0x00000bc4       0x88 CMakeFiles/display_game.dir/D_/STUDYMATERIALS/MIC3/sdks/sdk_26_03_00_ese_04_frdmmcxa153/mcuxsdk/components/misc_utilities/fsl_memcpy.S.obj
 .debug_line    0x00000c4c      0x4b4 CMakeFiles/display_game.dir/fifo/fifo.c.obj
 .debug_line    0x00001100      0x556 CMakeFiles/display_game.dir/main.c.obj
 .debug_line    0x00001656       0x73 CMakeFiles/display_game.dir/resources/fonts.c.obj
 .debug_line    0x000016c9      0x16f CMakeFiles/display_game.dir/serial/retarget.c.obj
 .debug_line    0x00001838      0x54a CMakeFiles/display_game.dir/serial/serial.c.obj
 .debug_line    0x00001d82      0x80d CMakeFiles/display_game.dir/tft_lcd/lpspi_master.c.obj
 .debug_line    0x0000258f      0x712 CMakeFiles/display_game.dir/tft_lcd/tft_lcd.c.obj
 .debug_line    0x00002ca1      0x23b CMakeFiles/display_game.dir/simonsaid/start.c.obj

.debug_str      0x00000000     0x2e34
 .debug_str     0x00000000     0x2e34 CMakeFiles/display_game.dir/D_/STUDYMATERIALS/MIC3/sdks/sdk_26_03_00_ese_04_frdmmcxa153/mcuxsdk/devices/MCX/MCXA/MCXA153/system_MCXA153.c.obj
                                0x817 (size before relaxing)
 .debug_str     0x00002e34     0x1052 CMakeFiles/display_game.dir/D_/STUDYMATERIALS/MIC3/sdks/sdk_26_03_00_ese_04_frdmmcxa153/mcuxsdk/devices/MCX/MCXA/MCXA153/gcc/startup_MCXA153.S.obj
 .debug_str     0x00002e34      0x3cf CMakeFiles/display_game.dir/D_/STUDYMATERIALS/MIC3/sdks/sdk_26_03_00_ese_04_frdmmcxa153/mcuxsdk/components/misc_utilities/fsl_syscall_stub.c.obj
 .debug_str     0x00002e34      0x24f CMakeFiles/display_game.dir/D_/STUDYMATERIALS/MIC3/sdks/sdk_26_03_00_ese_04_frdmmcxa153/mcuxsdk/components/misc_utilities/fsl_sbrk.c.obj
 .debug_str     0x00002e34       0xb5 CMakeFiles/display_game.dir/D_/STUDYMATERIALS/MIC3/sdks/sdk_26_03_00_ese_04_frdmmcxa153/mcuxsdk/components/misc_utilities/fsl_memcpy.S.obj
 .debug_str     0x00002e34      0x28b CMakeFiles/display_game.dir/fifo/fifo.c.obj
 .debug_str     0x00002e34      0xb3a CMakeFiles/display_game.dir/main.c.obj
 .debug_str     0x00002e34      0x1c4 CMakeFiles/display_game.dir/resources/fonts.c.obj
 .debug_str     0x00002e34      0x205 CMakeFiles/display_game.dir/serial/retarget.c.obj
 .debug_str     0x00002e34     0x1172 CMakeFiles/display_game.dir/serial/serial.c.obj
 .debug_str     0x00002e34     0x1028 CMakeFiles/display_game.dir/tft_lcd/lpspi_master.c.obj
 .debug_str     0x00002e34      0x5d5 CMakeFiles/display_game.dir/tft_lcd/tft_lcd.c.obj
 .debug_str     0x00002e34      0x2eb CMakeFiles/display_game.dir/simonsaid/start.c.obj

.comment        0x00000000       0x45
 .comment       0x00000000       0x45 CMakeFiles/display_game.dir/D_/STUDYMATERIALS/MIC3/sdks/sdk_26_03_00_ese_04_frdmmcxa153/mcuxsdk/devices/MCX/MCXA/MCXA153/system_MCXA153.c.obj
                                 0x46 (size before relaxing)
 .comment       0x00000045       0x46 CMakeFiles/display_game.dir/D_/STUDYMATERIALS/MIC3/sdks/sdk_26_03_00_ese_04_frdmmcxa153/mcuxsdk/components/misc_utilities/fsl_syscall_stub.c.obj
 .comment       0x00000045       0x46 CMakeFiles/display_game.dir/D_/STUDYMATERIALS/MIC3/sdks/sdk_26_03_00_ese_04_frdmmcxa153/mcuxsdk/components/misc_utilities/fsl_sbrk.c.obj
 .comment       0x00000045       0x46 CMakeFiles/display_game.dir/fifo/fifo.c.obj
 .comment       0x00000045       0x46 CMakeFiles/display_game.dir/main.c.obj
 .comment       0x00000045       0x46 CMakeFiles/display_game.dir/resources/fonts.c.obj
 .comment       0x00000045       0x46 CMakeFiles/display_game.dir/serial/retarget.c.obj
 .comment       0x00000045       0x46 CMakeFiles/display_game.dir/serial/serial.c.obj
 .comment       0x00000045       0x46 CMakeFiles/display_game.dir/tft_lcd/lpspi_master.c.obj
 .comment       0x00000045       0x46 CMakeFiles/display_game.dir/tft_lcd/tft_lcd.c.obj
 .comment       0x00000045       0x46 CMakeFiles/display_game.dir/simonsaid/start.c.obj

.debug_frame    0x00000000     0x125c
 .debug_frame   0x00000000       0x74 CMakeFiles/display_game.dir/D_/STUDYMATERIALS/MIC3/sdks/sdk_26_03_00_ese_04_frdmmcxa153/mcuxsdk/devices/MCX/MCXA/MCXA153/system_MCXA153.c.obj
 .debug_frame   0x00000074      0x1b8 CMakeFiles/display_game.dir/D_/STUDYMATERIALS/MIC3/sdks/sdk_26_03_00_ese_04_frdmmcxa153/mcuxsdk/components/misc_utilities/fsl_syscall_stub.c.obj
 .debug_frame   0x0000022c       0x34 CMakeFiles/display_game.dir/D_/STUDYMATERIALS/MIC3/sdks/sdk_26_03_00_ese_04_frdmmcxa153/mcuxsdk/components/misc_utilities/fsl_sbrk.c.obj
 .debug_frame   0x00000260       0xa8 CMakeFiles/display_game.dir/fifo/fifo.c.obj
 .debug_frame   0x00000308       0x9c CMakeFiles/display_game.dir/main.c.obj
 .debug_frame   0x000003a4       0x58 CMakeFiles/display_game.dir/serial/retarget.c.obj
 .debug_frame   0x000003fc      0x138 CMakeFiles/display_game.dir/serial/serial.c.obj
 .debug_frame   0x00000534      0x2a4 CMakeFiles/display_game.dir/tft_lcd/lpspi_master.c.obj
 .debug_frame   0x000007d8      0x208 CMakeFiles/display_game.dir/tft_lcd/tft_lcd.c.obj
 .debug_frame   0x000009e0       0x38 CMakeFiles/display_game.dir/simonsaid/start.c.obj
 .debug_frame   0x00000a18       0x28 C:/Users/ADMIN/.mcuxpressotools/arm-gnu-toolchain-14.2.rel1-mingw-w64-x86_64-arm-none-eabi/bin/../lib/gcc/arm-none-eabi/14.2.1/thumb/v8-m.main/nofp\libc_nano.a(libc_a-exit.o)
 .debug_frame   0x00000a40      0x144 C:/Users/ADMIN/.mcuxpressotools/arm-gnu-toolchain-14.2.rel1-mingw-w64-x86_64-arm-none-eabi/bin/../lib/gcc/arm-none-eabi/14.2.1/thumb/v8-m.main/nofp\libc_nano.a(libc_a-findfp.o)
 .debug_frame   0x00000b84       0x34 C:/Users/ADMIN/.mcuxpressotools/arm-gnu-toolchain-14.2.rel1-mingw-w64-x86_64-arm-none-eabi/bin/../lib/gcc/arm-none-eabi/14.2.1/thumb/v8-m.main/nofp\libc_nano.a(libc_a-fwalk.o)
 .debug_frame   0x00000bb8       0x6c C:/Users/ADMIN/.mcuxpressotools/arm-gnu-toolchain-14.2.rel1-mingw-w64-x86_64-arm-none-eabi/bin/../lib/gcc/arm-none-eabi/14.2.1/thumb/v8-m.main/nofp\libc_nano.a(libc_a-printf.o)
 .debug_frame   0x00000c24       0x88 C:/Users/ADMIN/.mcuxpressotools/arm-gnu-toolchain-14.2.rel1-mingw-w64-x86_64-arm-none-eabi/bin/../lib/gcc/arm-none-eabi/14.2.1/thumb/v8-m.main/nofp\libc_nano.a(libc_a-stdio.o)
 .debug_frame   0x00000cac       0x20 C:/Users/ADMIN/.mcuxpressotools/arm-gnu-toolchain-14.2.rel1-mingw-w64-x86_64-arm-none-eabi/bin/../lib/gcc/arm-none-eabi/14.2.1/thumb/v8-m.main/nofp\libc_nano.a(libc_a-memset.o)
 .debug_frame   0x00000ccc       0x2c C:/Users/ADMIN/.mcuxpressotools/arm-gnu-toolchain-14.2.rel1-mingw-w64-x86_64-arm-none-eabi/bin/../lib/gcc/arm-none-eabi/14.2.1/thumb/v8-m.main/nofp\libc_nano.a(libc_a-closer.o)
 .debug_frame   0x00000cf8       0x38 C:/Users/ADMIN/.mcuxpressotools/arm-gnu-toolchain-14.2.rel1-mingw-w64-x86_64-arm-none-eabi/bin/../lib/gcc/arm-none-eabi/14.2.1/thumb/v8-m.main/nofp\libc_nano.a(libc_a-reent.o)
 .debug_frame   0x00000d30       0x2c C:/Users/ADMIN/.mcuxpressotools/arm-gnu-toolchain-14.2.rel1-mingw-w64-x86_64-arm-none-eabi/bin/../lib/gcc/arm-none-eabi/14.2.1/thumb/v8-m.main/nofp\libc_nano.a(libc_a-lseekr.o)
 .debug_frame   0x00000d5c       0x2c C:/Users/ADMIN/.mcuxpressotools/arm-gnu-toolchain-14.2.rel1-mingw-w64-x86_64-arm-none-eabi/bin/../lib/gcc/arm-none-eabi/14.2.1/thumb/v8-m.main/nofp\libc_nano.a(libc_a-readr.o)
 .debug_frame   0x00000d88       0x2c C:/Users/ADMIN/.mcuxpressotools/arm-gnu-toolchain-14.2.rel1-mingw-w64-x86_64-arm-none-eabi/bin/../lib/gcc/arm-none-eabi/14.2.1/thumb/v8-m.main/nofp\libc_nano.a(libc_a-writer.o)
 .debug_frame   0x00000db4       0x20 C:/Users/ADMIN/.mcuxpressotools/arm-gnu-toolchain-14.2.rel1-mingw-w64-x86_64-arm-none-eabi/bin/../lib/gcc/arm-none-eabi/14.2.1/thumb/v8-m.main/nofp\libc_nano.a(libc_a-errno.o)
 .debug_frame   0x00000dd4       0x2c C:/Users/ADMIN/.mcuxpressotools/arm-gnu-toolchain-14.2.rel1-mingw-w64-x86_64-arm-none-eabi/bin/../lib/gcc/arm-none-eabi/14.2.1/thumb/v8-m.main/nofp\libc_nano.a(libc_a-init.o)
 .debug_frame   0x00000e00       0xb0 C:/Users/ADMIN/.mcuxpressotools/arm-gnu-toolchain-14.2.rel1-mingw-w64-x86_64-arm-none-eabi/bin/../lib/gcc/arm-none-eabi/14.2.1/thumb/v8-m.main/nofp\libc_nano.a(libc_a-lock.o)
 .debug_frame   0x00000eb0       0x38 C:/Users/ADMIN/.mcuxpressotools/arm-gnu-toolchain-14.2.rel1-mingw-w64-x86_64-arm-none-eabi/bin/../lib/gcc/arm-none-eabi/14.2.1/thumb/v8-m.main/nofp\libc_nano.a(libc_a-freer.o)
 .debug_frame   0x00000ee8       0x50 C:/Users/ADMIN/.mcuxpressotools/arm-gnu-toolchain-14.2.rel1-mingw-w64-x86_64-arm-none-eabi/bin/../lib/gcc/arm-none-eabi/14.2.1/thumb/v8-m.main/nofp\libc_nano.a(libc_a-mallocr.o)
 .debug_frame   0x00000f38       0x30 C:/Users/ADMIN/.mcuxpressotools/arm-gnu-toolchain-14.2.rel1-mingw-w64-x86_64-arm-none-eabi/bin/../lib/gcc/arm-none-eabi/14.2.1/thumb/v8-m.main/nofp\libc_nano.a(libc_a-mlock.o)
 .debug_frame   0x00000f68       0xa8 C:/Users/ADMIN/.mcuxpressotools/arm-gnu-toolchain-14.2.rel1-mingw-w64-x86_64-arm-none-eabi/bin/../lib/gcc/arm-none-eabi/14.2.1/thumb/v8-m.main/nofp\libc_nano.a(libc_a-nano-vfprintf.o)
 .debug_frame   0x00001010       0x60 C:/Users/ADMIN/.mcuxpressotools/arm-gnu-toolchain-14.2.rel1-mingw-w64-x86_64-arm-none-eabi/bin/../lib/gcc/arm-none-eabi/14.2.1/thumb/v8-m.main/nofp\libc_nano.a(libc_a-nano-vfprintf_i.o)
 .debug_frame   0x00001070       0x5c C:/Users/ADMIN/.mcuxpressotools/arm-gnu-toolchain-14.2.rel1-mingw-w64-x86_64-arm-none-eabi/bin/../lib/gcc/arm-none-eabi/14.2.1/thumb/v8-m.main/nofp\libc_nano.a(libc_a-fflush.o)
 .debug_frame   0x000010cc       0x40 C:/Users/ADMIN/.mcuxpressotools/arm-gnu-toolchain-14.2.rel1-mingw-w64-x86_64-arm-none-eabi/bin/../lib/gcc/arm-none-eabi/14.2.1/thumb/v8-m.main/nofp\libc_nano.a(libc_a-wbuf.o)
 .debug_frame   0x0000110c       0x2c C:/Users/ADMIN/.mcuxpressotools/arm-gnu-toolchain-14.2.rel1-mingw-w64-x86_64-arm-none-eabi/bin/../lib/gcc/arm-none-eabi/14.2.1/thumb/v8-m.main/nofp\libc_nano.a(libc_a-wsetup.o)
 .debug_frame   0x00001138       0x2c C:/Users/ADMIN/.mcuxpressotools/arm-gnu-toolchain-14.2.rel1-mingw-w64-x86_64-arm-none-eabi/bin/../lib/gcc/arm-none-eabi/14.2.1/thumb/v8-m.main/nofp\libc_nano.a(libc_a-sbrkr.o)
 .debug_frame   0x00001164       0x28 C:/Users/ADMIN/.mcuxpressotools/arm-gnu-toolchain-14.2.rel1-mingw-w64-x86_64-arm-none-eabi/bin/../lib/gcc/arm-none-eabi/14.2.1/thumb/v8-m.main/nofp\libc_nano.a(libc_a-memchr-stub.o)
 .debug_frame   0x0000118c       0x58 C:/Users/ADMIN/.mcuxpressotools/arm-gnu-toolchain-14.2.rel1-mingw-w64-x86_64-arm-none-eabi/bin/../lib/gcc/arm-none-eabi/14.2.1/thumb/v8-m.main/nofp\libc_nano.a(libc_a-makebuf.o)
 .debug_frame   0x000011e4       0x2c C:/Users/ADMIN/.mcuxpressotools/arm-gnu-toolchain-14.2.rel1-mingw-w64-x86_64-arm-none-eabi/bin/../lib/gcc/arm-none-eabi/14.2.1/thumb/v8-m.main/nofp\libc_nano.a(libc_a-fstatr.o)
 .debug_frame   0x00001210       0x2c C:/Users/ADMIN/.mcuxpressotools/arm-gnu-toolchain-14.2.rel1-mingw-w64-x86_64-arm-none-eabi/bin/../lib/gcc/arm-none-eabi/14.2.1/thumb/v8-m.main/nofp\libc_nano.a(libc_a-isattyr.o)
 .debug_frame   0x0000123c       0x20 C:/Users/ADMIN/.mcuxpressotools/arm-gnu-toolchain-14.2.rel1-mingw-w64-x86_64-arm-none-eabi/bin/../lib/gcc/arm-none-eabi/14.2.1/thumb/v8-m.main/nofp\libnosys.a(_exit.o)
