Archive member included to satisfy reference by file (symbol)

C:/Users/ADMIN/.mcuxpressotools/arm-gnu-toolchain-14.2.rel1-mingw-w64-x86_64-arm-none-eabi/bin/../lib/gcc/arm-none-eabi/14.2.1/thumb/v8-m.main/nofp\libc_nano.a(libc_a-exit.o)
                              C:/Users/ADMIN/.mcuxpressotools/arm-gnu-toolchain-14.2.rel1-mingw-w64-x86_64-arm-none-eabi/bin/../lib/gcc/arm-none-eabi/14.2.1/thumb/v8-m.main/nofp/crt0.o (exit)
C:/Users/ADMIN/.mcuxpressotools/arm-gnu-toolchain-14.2.rel1-mingw-w64-x86_64-arm-none-eabi/bin/../lib/gcc/arm-none-eabi/14.2.1/thumb/v8-m.main/nofp\libc_nano.a(libc_a-findfp.o)
                              C:/Users/ADMIN/.mcuxpressotools/arm-gnu-toolchain-14.2.rel1-mingw-w64-x86_64-arm-none-eabi/bin/../lib/gcc/arm-none-eabi/14.2.1/thumb/v8-m.main/nofp\libc_nano.a(libc_a-exit.o) (__stdio_exit_handler)
C:/Users/ADMIN/.mcuxpressotools/arm-gnu-toolchain-14.2.rel1-mingw-w64-x86_64-arm-none-eabi/bin/../lib/gcc/arm-none-eabi/14.2.1/thumb/v8-m.main/nofp\libc_nano.a(libc_a-fwalk.o)
                              C:/Users/ADMIN/.mcuxpressotools/arm-gnu-toolchain-14.2.rel1-mingw-w64-x86_64-arm-none-eabi/bin/../lib/gcc/arm-none-eabi/14.2.1/thumb/v8-m.main/nofp\libc_nano.a(libc_a-findfp.o) (_fwalk_sglue)
C:/Users/ADMIN/.mcuxpressotools/arm-gnu-toolchain-14.2.rel1-mingw-w64-x86_64-arm-none-eabi/bin/../lib/gcc/arm-none-eabi/14.2.1/thumb/v8-m.main/nofp\libc_nano.a(libc_a-printf.o)
                              CMakeFiles/frdmmcxa153_assignments_oled.dir/main.c.obj (printf)
C:/Users/ADMIN/.mcuxpressotools/arm-gnu-toolchain-14.2.rel1-mingw-w64-x86_64-arm-none-eabi/bin/../lib/gcc/arm-none-eabi/14.2.1/thumb/v8-m.main/nofp\libc_nano.a(libc_a-stdio.o)
                              C:/Users/ADMIN/.mcuxpressotools/arm-gnu-toolchain-14.2.rel1-mingw-w64-x86_64-arm-none-eabi/bin/../lib/gcc/arm-none-eabi/14.2.1/thumb/v8-m.main/nofp\libc_nano.a(libc_a-findfp.o) (__sread)
C:/Users/ADMIN/.mcuxpressotools/arm-gnu-toolchain-14.2.rel1-mingw-w64-x86_64-arm-none-eabi/bin/../lib/gcc/arm-none-eabi/14.2.1/thumb/v8-m.main/nofp\libc_nano.a(libc_a-memset.o)
                              C:/Users/ADMIN/.mcuxpressotools/arm-gnu-toolchain-14.2.rel1-mingw-w64-x86_64-arm-none-eabi/bin/../lib/gcc/arm-none-eabi/14.2.1/thumb/v8-m.main/nofp/crt0.o (memset)
C:/Users/ADMIN/.mcuxpressotools/arm-gnu-toolchain-14.2.rel1-mingw-w64-x86_64-arm-none-eabi/bin/../lib/gcc/arm-none-eabi/14.2.1/thumb/v8-m.main/nofp\libc_nano.a(libc_a-closer.o)
                              C:/Users/ADMIN/.mcuxpressotools/arm-gnu-toolchain-14.2.rel1-mingw-w64-x86_64-arm-none-eabi/bin/../lib/gcc/arm-none-eabi/14.2.1/thumb/v8-m.main/nofp\libc_nano.a(libc_a-stdio.o) (_close_r)
C:/Users/ADMIN/.mcuxpressotools/arm-gnu-toolchain-14.2.rel1-mingw-w64-x86_64-arm-none-eabi/bin/../lib/gcc/arm-none-eabi/14.2.1/thumb/v8-m.main/nofp\libc_nano.a(libc_a-reent.o)
                              C:/Users/ADMIN/.mcuxpressotools/arm-gnu-toolchain-14.2.rel1-mingw-w64-x86_64-arm-none-eabi/bin/../lib/gcc/arm-none-eabi/14.2.1/thumb/v8-m.main/nofp\libc_nano.a(libc_a-closer.o) (errno)
C:/Users/ADMIN/.mcuxpressotools/arm-gnu-toolchain-14.2.rel1-mingw-w64-x86_64-arm-none-eabi/bin/../lib/gcc/arm-none-eabi/14.2.1/thumb/v8-m.main/nofp\libc_nano.a(libc_a-impure.o)
                              C:/Users/ADMIN/.mcuxpressotools/arm-gnu-toolchain-14.2.rel1-mingw-w64-x86_64-arm-none-eabi/bin/../lib/gcc/arm-none-eabi/14.2.1/thumb/v8-m.main/nofp\libc_nano.a(libc_a-printf.o) (_impure_ptr)
C:/Users/ADMIN/.mcuxpressotools/arm-gnu-toolchain-14.2.rel1-mingw-w64-x86_64-arm-none-eabi/bin/../lib/gcc/arm-none-eabi/14.2.1/thumb/v8-m.main/nofp\libc_nano.a(libc_a-lseekr.o)
                              C:/Users/ADMIN/.mcuxpressotools/arm-gnu-toolchain-14.2.rel1-mingw-w64-x86_64-arm-none-eabi/bin/../lib/gcc/arm-none-eabi/14.2.1/thumb/v8-m.main/nofp\libc_nano.a(libc_a-stdio.o) (_lseek_r)
C:/Users/ADMIN/.mcuxpressotools/arm-gnu-toolchain-14.2.rel1-mingw-w64-x86_64-arm-none-eabi/bin/../lib/gcc/arm-none-eabi/14.2.1/thumb/v8-m.main/nofp\libc_nano.a(libc_a-readr.o)
                              C:/Users/ADMIN/.mcuxpressotools/arm-gnu-toolchain-14.2.rel1-mingw-w64-x86_64-arm-none-eabi/bin/../lib/gcc/arm-none-eabi/14.2.1/thumb/v8-m.main/nofp\libc_nano.a(libc_a-stdio.o) (_read_r)
C:/Users/ADMIN/.mcuxpressotools/arm-gnu-toolchain-14.2.rel1-mingw-w64-x86_64-arm-none-eabi/bin/../lib/gcc/arm-none-eabi/14.2.1/thumb/v8-m.main/nofp\libc_nano.a(libc_a-writer.o)
                              C:/Users/ADMIN/.mcuxpressotools/arm-gnu-toolchain-14.2.rel1-mingw-w64-x86_64-arm-none-eabi/bin/../lib/gcc/arm-none-eabi/14.2.1/thumb/v8-m.main/nofp\libc_nano.a(libc_a-stdio.o) (_write_r)
C:/Users/ADMIN/.mcuxpressotools/arm-gnu-toolchain-14.2.rel1-mingw-w64-x86_64-arm-none-eabi/bin/../lib/gcc/arm-none-eabi/14.2.1/thumb/v8-m.main/nofp\libc_nano.a(libc_a-errno.o)
                              CMakeFiles/frdmmcxa153_assignments_oled.dir/047288a8a2bbc7b2f4dcc613bd6920fa/mcuxsdk/components/misc_utilities/fsl_syscall_stub.c.obj (__errno)
[...]
Memory Configuration

Name             Origin             Length             Attributes
m_interrupts     0x00000000         0x00000200         xr
m_text           0x00000200         0x0001fe00         xr
m_data           0x20000000         0x00006000         rw
m_sramx0         0x04000000         0x00002000         rw
*default*        0x00000000         0xffffffff

Linker script and memory map

LOAD C:/Users/ADMIN/.mcuxpressotools/arm-gnu-toolchain-14.2.rel1-mingw-w64-x86_64-arm-none-eabi/bin/../lib/gcc/arm-none-eabi/14.2.1/thumb/v8-m.main/nofp/crti.o
LOAD C:/Users/ADMIN/.mcuxpressotools/arm-gnu-toolchain-14.2.rel1-mingw-w64-x86_64-arm-none-eabi/bin/../lib/gcc/arm-none-eabi/14.2.1/thumb/v8-m.main/nofp/crtbegin.o
LOAD C:/Users/ADMIN/.mcuxpressotools/arm-gnu-toolchain-14.2.rel1-mingw-w64-x86_64-arm-none-eabi/bin/../lib/gcc/arm-none-eabi/14.2.1/thumb/v8-m.main/nofp/crt0.o
LOAD CMakeFiles/frdmmcxa153_assignments_oled.dir/047288a8a2bbc7b2f4dcc613bd6920fa/mcuxsdk/devices/MCX/MCXA/MCXA153/system_MCXA153.c.obj
LOAD CMakeFiles/frdmmcxa153_assignments_oled.dir/047288a8a2bbc7b2f4dcc613bd6920fa/mcuxsdk/devices/MCX/MCXA/MCXA153/gcc/startup_MCXA153.S.obj
LOAD CMakeFiles/frdmmcxa153_assignments_oled.dir/047288a8a2bbc7b2f4dcc613bd6920fa/mcuxsdk/components/misc_utilities/fsl_syscall_stub.c.obj
LOAD CMakeFiles/frdmmcxa153_assignments_oled.dir/047288a8a2bbc7b2f4dcc613bd6920fa/mcuxsdk/components/misc_utilities/fsl_sbrk.c.obj
LOAD CMakeFiles/frdmmcxa153_assignments_oled.dir/047288a8a2bbc7b2f4dcc613bd6920fa/mcuxsdk/components/misc_utilities/fsl_memcpy.S.obj
LOAD CMakeFiles/frdmmcxa153_assignments_oled.dir/47c6c695d6265095318844404cc4f038/frdmmcxa153/ese_examples/assignments/oled/animations.c.obj
LOAD CMakeFiles/frdmmcxa153_assignments_oled.dir/47c6c695d6265095318844404cc4f038/frdmmcxa153/ese_examples/assignments/oled/bitmaps.c.obj
LOAD CMakeFiles/frdmmcxa153_assignments_oled.dir/47c6c695d6265095318844404cc4f038/frdmmcxa153/ese_examples/assignments/oled/fonts.c.obj
LOAD CMakeFiles/frdmmcxa153_assignments_oled.dir/47c6c695d6265095318844404cc4f038/frdmmcxa153/ese_examples/assignments/oled/lpi2c.c.obj
LOAD CMakeFiles/frdmmcxa153_assignments_oled.dir/47c6c695d6265095318844404cc4f038/frdmmcxa153/ese_examples/assignments/oled/oled.c.obj
LOAD CMakeFiles/frdmmcxa153_assignments_oled.dir/17036b2c6dd889270c46c94c33582864/_boards/frdmmcxa153/ese_common/serial/serial.c.obj
LOAD CMakeFiles/frdmmcxa153_assignments_oled.dir/17036b2c6dd889270c46c94c33582864/_boards/frdmmcxa153/ese_common/serial/retarget.c.obj
LOAD CMakeFiles/frdmmcxa153_assignments_oled.dir/main.c.obj
LOAD CMakeFiles/frdmmcxa153_assignments_oled.dir/047288a8a2bbc7b2f4dcc613bd6920fa/mcuxsdk/examples/ese_common/fifo/fifo.c.obj
START GROUP
LOAD C:/Users/ADMIN/.mcuxpressotools/arm-gnu-toolchain-14.2.rel1-mingw-w64-x86_64-arm-none-eabi/bin/../lib/gcc/arm-none-eabi/14.2.1/thumb/v8-m.main/nofp\libm.a
LOAD C:/Users/ADMIN/.mcuxpressotools/arm-gnu-toolchain-14.2.rel1-mingw-w64-x86_64-arm-none-eabi/bin/../lib/gcc/arm-none-eabi/14.2.1/thumb/v8-m.main/nofp\libc_nano.a
LOAD C:/Users/ADMIN/.mcuxpressotools/arm-gnu-toolchain-14.2.rel1-mingw-w64-x86_64-arm-none-eabi/bin/../lib/gcc/arm-none-eabi/14.2.1/thumb/v8-m.main/nofp\libgcc.a
LOAD C:/Users/ADMIN/.mcuxpressotools/arm-gnu-toolchain-14.2.rel1-mingw-w64-x86_64-arm-none-eabi/bin/../lib/gcc/arm-none-eabi/14.2.1/thumb/v8-m.main/nofp\libnosys.a
END GROUP
START GROUP
LOAD C:/Users/ADMIN/.mcuxpressotools/arm-gnu-toolchain-14.2.rel1-mingw-w64-x86_64-arm-none-eabi/bin/../lib/gcc/arm-none-eabi/14.2.1/thumb/v8-m.main/nofp\libgcc.a
LOAD C:/Users/ADMIN/.mcuxpressotools/arm-gnu-toolchain-14.2.rel1-mingw-w64-x86_64-arm-none-eabi/bin/../lib/gcc/arm-none-eabi/14.2.1/thumb/v8-m.main/nofp\libg_nano.a
LOAD C:/Users/ADMIN/.mcuxpressotools/arm-gnu-toolchain-14.2.rel1-mingw-w64-x86_64-arm-none-eabi/bin/../lib/gcc/arm-none-eabi/14.2.1/thumb/v8-m.main/nofp\libc_nano.a
END GROUP
START GROUP
LOAD C:/Users/ADMIN/.mcuxpressotools/arm-gnu-toolchain-14.2.rel1-mingw-w64-x86_64-arm-none-eabi/bin/../lib/gcc/arm-none-eabi/14.2.1/thumb/v8-m.main/nofp\libgcc.a
LOAD C:/Users/ADMIN/.mcuxpressotools/arm-gnu-toolchain-14.2.rel1-mingw-w64-x86_64-arm-none-eabi/bin/../lib/gcc/arm-none-eabi/14.2.1/thumb/v8-m.main/nofp\libc_nano.a
LOAD C:/Users/ADMIN/.mcuxpressotools/arm-gnu-toolchain-14.2.rel1-mingw-w64-x86_64-arm-none-eabi/bin/../lib/gcc/arm-none-eabi/14.2.1/thumb/v8-m.main/nofp\libnosys.a
END GROUP
START GROUP
LOAD C:/Users/ADMIN/.mcuxpressotools/arm-gnu-toolchain-14.2.rel1-mingw-w64-x86_64-arm-none-eabi/bin/../lib/gcc/arm-none-eabi/14.2.1/thumb/v8-m.main/nofp\libgcc.a
LOAD C:/Users/ADMIN/.mcuxpressotools/arm-gnu-toolchain-14.2.rel1-mingw-w64-x86_64-arm-none-eabi/bin/../lib/gcc/arm-none-eabi/14.2.1/thumb/v8-m.main/nofp\libc_nano.a
LOAD C:/Users/ADMIN/.mcuxpressotools/arm-gnu-toolchain-14.2.rel1-mingw-w64-x86_64-arm-none-eabi/bin/../lib/gcc/arm-none-eabi/14.2.1/thumb/v8-m.main/nofp\libnosys.a
END GROUP
LOAD C:/Users/ADMIN/.mcuxpressotools/arm-gnu-toolchain-14.2.rel1-mingw-w64-x86_64-arm-none-eabi/bin/../lib/gcc/arm-none-eabi/14.2.1/thumb/v8-m.main/nofp/crtend.o
LOAD C:/Users/ADMIN/.mcuxpressotools/arm-gnu-toolchain-14.2.rel1-mingw-w64-x86_64-arm-none-eabi/bin/../lib/gcc/arm-none-eabi/14.2.1/thumb/v8-m.main/nofp/crtn.o
                0x00000400                        HEAP_SIZE = DEFINED (__heap_size__)?__heap_size__:0x400
                0x00000800                        STACK_SIZE = DEFINED (__stack_size__)?__stack_size__:0x800

.interrupts     0x00000000      0x180
                0x00000000                        . = ALIGN (0x4)
 *(.isr_vector)
 .isr_vector    0x00000000      0x180 CMakeFiles/frdmmcxa153_assignments_oled.dir/047288a8a2bbc7b2f4dcc613bd6920fa/mcuxsdk/devices/MCX/MCXA/MCXA153/gcc/startup_MCXA153.S.obj
                0x00000000                __Vectors
                0x00000180                        . = ALIGN (0x4)

.text           0x00000200     0x6584
                0x00000200                        . = ALIGN (0x4)
 *(.text)
 .text          0x00000200       0x7c C:/Users/ADMIN/.mcuxpressotools/arm-gnu-toolchain-14.2.rel1-mingw-w64-x86_64-arm-none-eabi/bin/../lib/gcc/arm-none-eabi/14.2.1/thumb/v8-m.main/nofp/crt0.o
                0x00000200                _stack_init
                0x00000208                _start
                0x00000208                _mainCRTStartup
 .text          0x0000027c      0x340 CMakeFiles/frdmmcxa153_assignments_oled.dir/047288a8a2bbc7b2f4dcc613bd6920fa/mcuxsdk/devices/MCX/MCXA/MCXA153/gcc/startup_MCXA153.S.obj
                0x0000027c                Reset_Handler
                0x00000310                SCG0_DriverIRQHandler
                0x00000310                CMC_DriverIRQHandler
                0x00000310                OS_EVENT_DriverIRQHandler
                0x00000310                WUU0_DriverIRQHandler
                0x00000310                Reserved50_DriverIRQHandler
                0x00000310                DebugMon_Handler
                0x00000310                FLEXPWM0_SUBMODULE0_DriverIRQHandler
                0x00000310                Reserved33_DriverIRQHandler
                0x00000310                I3C0_DriverIRQHandler
                0x00000310                Reserved39_DriverIRQHandler
                0x00000310                GPIO1_DriverIRQHandler
                0x00000310                Reserved86_DriverIRQHandler
                0x00000310                Reserved37_DriverIRQHandler
                0x00000310                Reserved46_DriverIRQHandler
                0x00000310                Reserved43_DriverIRQHandler
                0x00000310                WAKETIMER0_DriverIRQHandler
                0x00000310                BusFault_Handler
                0x00000310                MBC0_DriverIRQHandler
                0x00000310                SPC0_DriverIRQHandler
                0x00000310                LPTMR0_DriverIRQHandler
                0x00000310                DMA_CH1_DriverIRQHandler
                0x00000310                FLEXPWM0_SUBMODULE1_DriverIRQHandler
                0x00000310                Reserved58_DriverIRQHandler
                0x00000310                DMA_CH0_DriverIRQHandler
                0x00000310                Reserved59_DriverIRQHandler
                0x00000310                LPI2C0_DriverIRQHandler
                0x00000310                FLEXPWM0_RELOAD_ERROR_DriverIRQHandler
                0x00000310                CDOG0_DriverIRQHandler
                0x00000310                QDC0_HOME_DriverIRQHandler
                0x00000310                CMP0_DriverIRQHandler
                0x00000310                ADC0_DriverIRQHandler
                0x00000310                Reserved82_DriverIRQHandler
                0x00000310                Reserved85_DriverIRQHandler
                0x00000310                GPIO2_DriverIRQHandler
                0x00000310                LPUART0_DriverIRQHandler
                0x00000310                Reserved16_DriverIRQHandler
                0x00000310                QDC0_WATCHDOG_DriverIRQHandler
                0x00000310                ERM0_MULTI_BIT_DriverIRQHandler
                0x00000310                Reserved77_DriverIRQHandler
                0x00000310                LPSPI1_DriverIRQHandler
                0x00000310                FMU0_DriverIRQHandler
                0x00000310                Reserved36_DriverIRQHandler
                0x00000310                Reserved94_DriverIRQHandler
                0x00000310                Reserved25_DriverIRQHandler
                0x00000310                Reserved51_DriverIRQHandler
                0x00000310                CTIMER2_DriverIRQHandler
                0x00000310                UsageFault_Handler
                0x00000310                CMP1_DriverIRQHandler
                0x00000310                MemManage_Handler
                0x00000310                DMA_CH2_DriverIRQHandler
                0x00000310                DefaultISR
                0x00000310                USB0_DriverIRQHandler
                0x00000310                ERM0_SINGLE_BIT_DriverIRQHandler
                0x00000310                Reserved65_DriverIRQHandler
                0x00000310                QDC0_INDEX_DriverIRQHandler
                0x00000310                Reserved93_DriverIRQHandler
                0x00000310                Reserved23_DriverIRQHandler
                0x00000310                Reserved72_DriverIRQHandler
                0x00000310                Reserved83_DriverIRQHandler
                0x00000310                DMA_CH3_DriverIRQHandler
                0x00000310                UTICK0_DriverIRQHandler
                0x00000310                LPSPI0_DriverIRQHandler
                0x00000310                Reserved41_DriverIRQHandler
                0x00000310                FLEXPWM0_SUBMODULE2_DriverIRQHandler
                0x00000310                LPUART2_DriverIRQHandler
                0x00000310                Reserved95_DriverIRQHandler
                0x00000310                WWDT0_DriverIRQHandler
                0x00000310                Reserved92_DriverIRQHandler
                0x00000310                Reserved84_DriverIRQHandler
                0x00000310                SecureFault_Handler
                0x00000310                LPUART1_DriverIRQHandler
                0x00000310                QDC0_COMPARE_DriverIRQHandler
                0x00000310                FLEXPWM0_FAULT_DriverIRQHandler
                0x00000310                GLIKEY0_DriverIRQHandler
                0x00000310                CTIMER1_DriverIRQHandler
                0x00000310                Reserved24_DriverIRQHandler
                0x00000310                Reserved91_DriverIRQHandler
                0x00000310                Reserved79_DriverIRQHandler
                0x00000310                GPIO0_DriverIRQHandler
                0x00000310                CTIMER0_DriverIRQHandler
                0x00000310                Reserved38_DriverIRQHandler
                0x00000310                FREQME0_DriverIRQHandler
                0x00000310                Reserved22_DriverIRQHandler
                0x00000310                Reserved35_DriverIRQHandler
                0x00000310                Reserved53_DriverIRQHandler
                0x00000310                GPIO3_DriverIRQHandler
                0x00000314                NMI_Handler
                0x00000318                HardFault_Handler
                0x0000031c                SVC_Handler
                0x00000320                PendSV_Handler
                0x00000328                Reserved16_IRQHandler
                0x0000032c                CMC_IRQHandler
                0x00000330                DMA_CH0_IRQHandler
                0x00000334                DMA_CH1_IRQHandler
                0x00000338                DMA_CH2_IRQHandler
                0x0000033c                DMA_CH3_IRQHandler
                0x00000340                Reserved22_IRQHandler
                0x00000344                Reserved23_IRQHandler
                0x00000348                Reserved24_IRQHandler
                0x0000034c                Reserved25_IRQHandler
                0x00000350                ERM0_SINGLE_BIT_IRQHandler
                0x00000354                ERM0_MULTI_BIT_IRQHandler
                0x00000358                FMU0_IRQHandler
                0x0000035c                GLIKEY0_IRQHandler
                0x00000360                MBC0_IRQHandler
                0x00000364                SCG0_IRQHandler
                0x00000368                SPC0_IRQHandler
                0x0000036c                Reserved33_IRQHandler
                0x00000370                WUU0_IRQHandler
                0x00000374                Reserved35_IRQHandler
                0x00000378                Reserved36_IRQHandler
                0x0000037c                Reserved37_IRQHandler
                0x00000380                Reserved38_IRQHandler
                0x00000384                Reserved39_IRQHandler
                0x00000388                I3C0_IRQHandler
                0x0000038c                Reserved41_IRQHandler
                0x00000390                LPI2C0_IRQHandler
                0x00000394                Reserved43_IRQHandler
                0x00000398                LPSPI0_IRQHandler
                0x0000039c                LPSPI1_IRQHandler
                0x000003a0                Reserved46_IRQHandler
                0x000003a8                LPUART1_IRQHandler
                0x000003ac                LPUART2_IRQHandler
                0x000003b0                Reserved50_IRQHandler
                0x000003b4                Reserved51_IRQHandler
                0x000003b8                USB0_IRQHandler
                0x000003bc                Reserved53_IRQHandler
                0x000003c0                CDOG0_IRQHandler
                0x000003c4                CTIMER0_IRQHandler
                0x000003c8                CTIMER1_IRQHandler
                0x000003cc                CTIMER2_IRQHandler
                0x000003d0                Reserved58_IRQHandler
                0x000003d4                Reserved59_IRQHandler
                0x000003d8                FLEXPWM0_RELOAD_ERROR_IRQHandler
                0x000003dc                FLEXPWM0_FAULT_IRQHandler
                0x000003e0                FLEXPWM0_SUBMODULE0_IRQHandler
                0x000003e4                FLEXPWM0_SUBMODULE1_IRQHandler
                0x000003e8                FLEXPWM0_SUBMODULE2_IRQHandler
                0x000003ec                Reserved65_IRQHandler
                0x000003f0                QDC0_COMPARE_IRQHandler
                0x000003f4                QDC0_HOME_IRQHandler
                0x000003f8                QDC0_WATCHDOG_IRQHandler
                0x000003fc                QDC0_INDEX_IRQHandler
                0x00000400                FREQME0_IRQHandler
                0x00000404                LPTMR0_IRQHandler
                0x00000408                Reserved72_IRQHandler
                0x0000040c                OS_EVENT_IRQHandler
                0x00000410                WAKETIMER0_IRQHandler
                0x00000414                UTICK0_IRQHandler
                0x00000418                WWDT0_IRQHandler
                0x0000041c                Reserved77_IRQHandler
                0x00000420                ADC0_IRQHandler
                0x00000424                Reserved79_IRQHandler
                0x00000428                CMP0_IRQHandler
                0x0000042c                CMP1_IRQHandler
                0x00000430                Reserved82_IRQHandler
                0x00000434                Reserved83_IRQHandler
                0x00000438                Reserved84_IRQHandler
                0x0000043c                Reserved85_IRQHandler
                0x00000440                Reserved86_IRQHandler
                0x00000444                GPIO0_IRQHandler
                0x00000448                GPIO1_IRQHandler
                0x0000044c                GPIO2_IRQHandler
                0x00000450                GPIO3_IRQHandler
                0x00000454                Reserved91_IRQHandler
                0x00000458                Reserved92_IRQHandler
                0x0000045c                Reserved93_IRQHandler
                0x00000460                Reserved94_IRQHandler
                0x00000464                Reserved95_IRQHandler
 .text          0x000005bc       0xa0 CMakeFiles/frdmmcxa153_assignments_oled.dir/047288a8a2bbc7b2f4dcc613bd6920fa/mcuxsdk/components/misc_utilities/fsl_memcpy.S.obj
                0x000005bc                memcpy
 *(.text*)
 .text.deregister_tm_clones
                0x0000065c       0x1c C:/Users/ADMIN/.mcuxpressotools/arm-gnu-toolchain-14.2.rel1-mingw-w64-x86_64-arm-none-eabi/bin/../lib/gcc/arm-none-eabi/14.2.1/thumb/v8-m.main/nofp/crtbegin.o
 .text.register_tm_clones
                0x00000678       0x28 C:/Users/ADMIN/.mcuxpressotools/arm-gnu-toolchain-14.2.rel1-mingw-w64-x86_64-arm-none-eabi/bin/../lib/gcc/arm-none-eabi/14.2.1/thumb/v8-m.main/nofp/crtbegin.o
 .text.__do_global_dtors_aux
                0x000006a0       0x28 C:/Users/ADMIN/.mcuxpressotools/arm-gnu-toolchain-14.2.rel1-mingw-w64-x86_64-arm-none-eabi/bin/../lib/gcc/arm-none-eabi/14.2.1/thumb/v8-m.main/nofp/crtbegin.o
 .text.frame_dummy
                0x000006c8       0x24 C:/Users/ADMIN/.mcuxpressotools/arm-gnu-toolchain-14.2.rel1-mingw-w64-x86_64-arm-none-eabi/bin/../lib/gcc/arm-none-eabi/14.2.1/thumb/v8-m.main/nofp/crtbegin.o
 .text.SystemInit
                0x000006ec      0x140 CMakeFiles/frdmmcxa153_assignments_oled.dir/047288a8a2bbc7b2f4dcc613bd6920fa/mcuxsdk/devices/MCX/MCXA/MCXA153/system_MCXA153.c.obj
                0x000006ec                SystemInit
 .text.SystemInitHook
                0x0000082c        0xc CMakeFiles/frdmmcxa153_assignments_oled.dir/047288a8a2bbc7b2f4dcc613bd6920fa/mcuxsdk/devices/MCX/MCXA/MCXA153/system_MCXA153.c.obj
                0x0000082c                SystemInitHook
 .text._close   0x00000838       0x1e CMakeFiles/frdmmcxa153_assignments_oled.dir/047288a8a2bbc7b2f4dcc613bd6920fa/mcuxsdk/components/misc_utilities/fsl_syscall_stub.c.obj
                0x00000838                _close
 .text._lseek   0x00000856       0x22 CMakeFiles/frdmmcxa153_assignments_oled.dir/047288a8a2bbc7b2f4dcc613bd6920fa/mcuxsdk/components/misc_utilities/fsl_syscall_stub.c.obj
                0x00000856                _lseek
 .text._fstat   0x00000878       0x20 CMakeFiles/frdmmcxa153_assignments_oled.dir/047288a8a2bbc7b2f4dcc613bd6920fa/mcuxsdk/components/misc_utilities/fsl_syscall_stub.c.obj
                0x00000878                _fstat
 .text._isatty  0x00000898       0x1c CMakeFiles/frdmmcxa153_assignments_oled.dir/047288a8a2bbc7b2f4dcc613bd6920fa/mcuxsdk/components/misc_utilities/fsl_syscall_stub.c.obj
                0x00000898                _isatty
 .text._sbrk    0x000008b4       0x68 CMakeFiles/frdmmcxa153_assignments_oled.dir/047288a8a2bbc7b2f4dcc613bd6920fa/mcuxsdk/components/misc_utilities/fsl_sbrk.c.obj
                0x000008b4                _sbrk
 .text.lpi2c_controller_init
                0x0000091c        0xc CMakeFiles/frdmmcxa153_assignments_oled.dir/47c6c695d6265095318844404cc4f038/frdmmcxa153/ese_examples/assignments/oled/lpi2c.c.obj
                0x0000091c                lpi2c_controller_init
 .text.lpi2c_write
                0x00000928       0x1c CMakeFiles/frdmmcxa153_assignments_oled.dir/47c6c695d6265095318844404cc4f038/frdmmcxa153/ese_examples/assignments/oled/lpi2c.c.obj
                0x00000928                lpi2c_write
 .text.oled_init
                0x00000944       0x54 CMakeFiles/frdmmcxa153_assignments_oled.dir/47c6c695d6265095318844404cc4f038/frdmmcxa153/ese_examples/assignments/oled/oled.c.obj
                0x00000944                oled_init
 .text.oled_update
                0x00000998       0x58 CMakeFiles/frdmmcxa153_assignments_oled.dir/47c6c695d6265095318844404cc4f038/frdmmcxa153/ese_examples/assignments/oled/oled.c.obj
                0x00000998                oled_update
 .text.oled_setfont
                0x000009f0       0x1c CMakeFiles/frdmmcxa153_assignments_oled.dir/47c6c695d6265095318844404cc4f038/frdmmcxa153/ese_examples/assignments/oled/oled.c.obj
                0x000009f0                oled_setfont
 .text.oled_setorientation
                0x00000a0c       0x50 CMakeFiles/frdmmcxa153_assignments_oled.dir/47c6c695d6265095318844404cc4f038/frdmmcxa153/ese_examples/assignments/oled/oled.c.obj
                0x00000a0c                oled_setorientation
 .text.oled_clearscreen
                0x00000a5c       0x18 CMakeFiles/frdmmcxa153_assignments_oled.dir/47c6c695d6265095318844404cc4f038/frdmmcxa153/ese_examples/assignments/oled/oled.c.obj
                0x00000a5c                oled_clearscreen
 .text.oled_goto
                0x00000a74       0x3c CMakeFiles/frdmmcxa153_assignments_oled.dir/47c6c695d6265095318844404cc4f038/frdmmcxa153/ese_examples/assignments/oled/oled.c.obj
                0x00000a74                oled_goto
 .text.oled_setpixel
                0x00000ab0       0x98 CMakeFiles/frdmmcxa153_assignments_oled.dir/47c6c695d6265095318844404cc4f038/frdmmcxa153/ese_examples/assignments/oled/oled.c.obj
                0x00000ab0                oled_setpixel
 .text.oled_putchar
                0x00000b48      0x18c CMakeFiles/frdmmcxa153_assignments_oled.dir/47c6c695d6265095318844404cc4f038/frdmmcxa153/ese_examples/assignments/oled/oled.c.obj
                0x00000b48                oled_putchar
 .text.oled_putstring
                0x00000cd4       0x90 CMakeFiles/frdmmcxa153_assignments_oled.dir/47c6c695d6265095318844404cc4f038/frdmmcxa153/ese_examples/assignments/oled/oled.c.obj
                0x00000cd4                oled_putstring
 .text.oled_drawbitmap
                0x00000d64       0x20 CMakeFiles/frdmmcxa153_assignments_oled.dir/47c6c695d6265095318844404cc4f038/frdmmcxa153/ese_examples/assignments/oled/oled.c.obj
                0x00000d64                oled_drawbitmap
 .text.__NVIC_EnableIRQ
                0x00000d84       0x38 CMakeFiles/frdmmcxa153_assignments_oled.dir/17036b2c6dd889270c46c94c33582864/_boards/frdmmcxa153/ese_common/serial/serial.c.obj
 .text.__NVIC_ClearPendingIRQ
                0x00000dbc       0x3c CMakeFiles/frdmmcxa153_assignments_oled.dir/17036b2c6dd889270c46c94c33582864/_boards/frdmmcxa153/ese_common/serial/serial.c.obj
 .text.__NVIC_SetPriority
                0x00000df8       0x54 CMakeFiles/frdmmcxa153_assignments_oled.dir/17036b2c6dd889270c46c94c33582864/_boards/frdmmcxa153/ese_common/serial/serial.c.obj
 .text.serial_init
                0x00000e4c      0x104 CMakeFiles/frdmmcxa153_assignments_oled.dir/17036b2c6dd889270c46c94c33582864/_boards/frdmmcxa153/ese_common/serial/serial.c.obj
                0x00000e4c                serial_init
 .text.serial_putchar
                0x00000f50       0x3c CMakeFiles/frdmmcxa153_assignments_oled.dir/17036b2c6dd889270c46c94c33582864/_boards/frdmmcxa153/ese_common/serial/serial.c.obj
                0x00000f50                serial_putchar
 .text.serial_getchar
                0x00000f8c       0x30 CMakeFiles/frdmmcxa153_assignments_oled.dir/17036b2c6dd889270c46c94c33582864/_boards/frdmmcxa153/ese_common/serial/serial.c.obj
                0x00000f8c                serial_getchar
 .text.LPUART0_IRQHandler
                0x00000fbc       0x80 CMakeFiles/frdmmcxa153_assignments_oled.dir/17036b2c6dd889270c46c94c33582864/_boards/frdmmcxa153/ese_common/serial/serial.c.obj
                0x00000fbc                LPUART0_IRQHandler
 .text._write   0x0000103c       0x38 CMakeFiles/frdmmcxa153_assignments_oled.dir/17036b2c6dd889270c46c94c33582864/_boards/frdmmcxa153/ese_common/serial/retarget.c.obj
                0x0000103c                _write
 .text._read    0x00001074       0x3a CMakeFiles/frdmmcxa153_assignments_oled.dir/17036b2c6dd889270c46c94c33582864/_boards/frdmmcxa153/ese_common/serial/retarget.c.obj
                0x00001074                _read
 *fill*         0x000010ae        0x2 
 .text.__NVIC_SetPriority
                0x000010b0       0x54 CMakeFiles/frdmmcxa153_assignments_oled.dir/main.c.obj
 .text.SysTick_Config
                0x00001104       0x44 CMakeFiles/frdmmcxa153_assignments_oled.dir/main.c.obj
 .text.main     0x00001148      0x11c CMakeFiles/frdmmcxa153_assignments_oled.dir/main.c.obj
                0x00001148                main
 .text.SysTick_Handler
                0x00001264       0x1c CMakeFiles/frdmmcxa153_assignments_oled.dir/main.c.obj
                0x00001264                SysTick_Handler
 .text.f_init   0x00001280       0x54 CMakeFiles/frdmmcxa153_assignments_oled.dir/047288a8a2bbc7b2f4dcc613bd6920fa/mcuxsdk/examples/ese_common/fifo/fifo.c.obj
                0x00001280                f_init
 .text.f_push   0x000012d4       0x76 CMakeFiles/frdmmcxa153_assignments_oled.dir/047288a8a2bbc7b2f4dcc613bd6920fa/mcuxsdk/examples/ese_common/fifo/fifo.c.obj
                0x000012d4                f_push
 .text.f_pop    0x0000134a       0x72 CMakeFiles/frdmmcxa153_assignments_oled.dir/047288a8a2bbc7b2f4dcc613bd6920fa/mcuxsdk/examples/ese_common/fifo/fifo.c.obj
                0x0000134a                f_pop
 .text.exit     0x000013bc       0x24 C:/Users/ADMIN/.mcuxpressotools/arm-gnu-toolchain-14.2.rel1-mingw-w64-x86_64-arm-none-eabi/bin/../lib/gcc/arm-none-eabi/14.2.1/thumb/v8-m.main/nofp\libc_nano.a(libc_a-exit.o)
                0x000013bc                exit
 .text.std      0x000013e0       0x6c C:/Users/ADMIN/.mcuxpressotools/arm-gnu-toolchain-14.2.rel1-mingw-w64-x86_64-arm-none-eabi/bin/../lib/gcc/arm-none-eabi/14.2.1/thumb/v8-m.main/nofp\libc_nano.a(libc_a-findfp.o)
 .text.stdio_exit_handler
                0x0000144c       0x18 C:/Users/ADMIN/.mcuxpressotools/arm-gnu-toolchain-14.2.rel1-mingw-w64-x86_64-arm-none-eabi/bin/../lib/gcc/arm-none-eabi/14.2.1/thumb/v8-m.main/nofp\libc_nano.a(libc_a-findfp.o)
 .text.cleanup_stdio
                0x00001464       0x40 C:/Users/ADMIN/.mcuxpressotools/arm-gnu-toolchain-14.2.rel1-mingw-w64-x86_64-arm-none-eabi/bin/../lib/gcc/arm-none-eabi/14.2.1/thumb/v8-m.main/nofp\libc_nano.a(libc_a-findfp.o)
 .text.global_stdio_init.part.0
                0x000014a4       0x40 C:/Users/ADMIN/.mcuxpressotools/arm-gnu-toolchain-14.2.rel1-mingw-w64-x86_64-arm-none-eabi/bin/../lib/gcc/arm-none-eabi/14.2.1/thumb/v8-m.main/nofp\libc_nano.a(libc_a-findfp.o)
 .text.__sfp_lock_acquire
                0x000014e4        0xc C:/Users/ADMIN/.mcuxpressotools/arm-gnu-toolchain-14.2.rel1-mingw-w64-x86_64-arm-none-eabi/bin/../lib/gcc/arm-none-eabi/14.2.1/thumb/v8-m.main/nofp\libc_nano.a(libc_a-findfp.o)
                0x000014e4                __sfp_lock_acquire
 .text.__sfp_lock_release
                0x000014f0        0xc C:/Users/ADMIN/.mcuxpressotools/arm-gnu-toolchain-14.2.rel1-mingw-w64-x86_64-arm-none-eabi/bin/../lib/gcc/arm-none-eabi/14.2.1/thumb/v8-m.main/nofp\libc_nano.a(libc_a-findfp.o)
                0x000014f0                __sfp_lock_release
 .text.__sinit  0x000014fc       0x30 C:/Users/ADMIN/.mcuxpressotools/arm-gnu-toolchain-14.2.rel1-mingw-w64-x86_64-arm-none-eabi/bin/../lib/gcc/arm-none-eabi/14.2.1/thumb/v8-m.main/nofp\libc_nano.a(libc_a-findfp.o)
                0x000014fc                __sinit
 .text._fwalk_sglue
                0x0000152c       0x3c C:/Users/ADMIN/.mcuxpressotools/arm-gnu-toolchain-14.2.rel1-mingw-w64-x86_64-arm-none-eabi/bin/../lib/gcc/arm-none-eabi/14.2.1/thumb/v8-m.main/nofp\libc_nano.a(libc_a-fwalk.o)
                0x0000152c                _fwalk_sglue
 .text.printf   0x00001568       0x24 C:/Users/ADMIN/.mcuxpressotools/arm-gnu-toolchain-14.2.rel1-mingw-w64-x86_64-arm-none-eabi/bin/../lib/gcc/arm-none-eabi/14.2.1/thumb/v8-m.main/nofp\libc_nano.a(libc_a-printf.o)
                0x00001568                iprintf
                0x00001568                printf
 .text.__sread  0x0000158c       0x22 C:/Users/ADMIN/.mcuxpressotools/arm-gnu-toolchain-14.2.rel1-mingw-w64-x86_64-arm-none-eabi/bin/../lib/gcc/arm-none-eabi/14.2.1/thumb/v8-m.main/nofp\libc_nano.a(libc_a-stdio.o)
                0x0000158c                __sread
 .text.__swrite
                0x000015ae       0x38 C:/Users/ADMIN/.mcuxpressotools/arm-gnu-toolchain-14.2.rel1-mingw-w64-x86_64-arm-none-eabi/bin/../lib/gcc/arm-none-eabi/14.2.1/thumb/v8-m.main/nofp\libc_nano.a(libc_a-stdio.o)
                0x000015ae                __swrite
 .text.__sseek  0x000015e6       0x26 C:/Users/ADMIN/.mcuxpressotools/arm-gnu-toolchain-14.2.rel1-mingw-w64-x86_64-arm-none-eabi/bin/../lib/gcc/arm-none-eabi/14.2.1/thumb/v8-m.main/nofp\libc_nano.a(libc_a-stdio.o)
                0x000015e6                __sseek
 .text.__sclose
                0x0000160c        0x8 C:/Users/ADMIN/.mcuxpressotools/arm-gnu-toolchain-14.2.rel1-mingw-w64-x86_64-arm-none-eabi/bin/../lib/gcc/arm-none-eabi/14.2.1/thumb/v8-m.main/nofp\libc_nano.a(libc_a-stdio.o)
                0x0000160c                __sclose
 .text.memset   0x00001614       0x10 C:/Users/ADMIN/.mcuxpressotools/arm-gnu-toolchain-14.2.rel1-mingw-w64-x86_64-arm-none-eabi/bin/../lib/gcc/arm-none-eabi/14.2.1/thumb/v8-m.main/nofp\libc_nano.a(libc_a-memset.o)
                0x00001614                memset
 .text._close_r
                0x00001624       0x20 C:/Users/ADMIN/.mcuxpressotools/arm-gnu-toolchain-14.2.rel1-mingw-w64-x86_64-arm-none-eabi/bin/../lib/gcc/arm-none-eabi/14.2.1/thumb/v8-m.main/nofp\libc_nano.a(libc_a-closer.o)
                0x00001624                _close_r
 .text._lseek_r
                0x00001644       0x24 C:/Users/ADMIN/.mcuxpressotools/arm-gnu-toolchain-14.2.rel1-mingw-w64-x86_64-arm-none-eabi/bin/../lib/gcc/arm-none-eabi/14.2.1/thumb/v8-m.main/nofp\libc_nano.a(libc_a-lseekr.o)
                0x00001644                _lseek_r
 .text._read_r  0x00001668       0x24 C:/Users/ADMIN/.mcuxpressotools/arm-gnu-toolchain-14.2.rel1-mingw-w64-x86_64-arm-none-eabi/bin/../lib/gcc/arm-none-eabi/14.2.1/thumb/v8-m.main/nofp\libc_nano.a(libc_a-readr.o)
                0x00001668                _read_r
 .text._write_r
                0x0000168c       0x24 C:/Users/ADMIN/.mcuxpressotools/arm-gnu-toolchain-14.2.rel1-mingw-w64-x86_64-arm-none-eabi/bin/../lib/gcc/arm-none-eabi/14.2.1/thumb/v8-m.main/nofp\libc_nano.a(libc_a-writer.o)
                0x0000168c                _write_r
 .text.__errno  0x000016b0        0xc C:/Users/ADMIN/.mcuxpressotools/arm-gnu-toolchain-14.2.rel1-mingw-w64-x86_64-arm-none-eabi/bin/../lib/gcc/arm-none-eabi/14.2.1/thumb/v8-m.main/nofp\libc_nano.a(libc_a-errno.o)
                0x000016b0                __errno
 .text.__libc_init_array
                0x000016bc       0x48 C:/Users/ADMIN/.mcuxpressotools/arm-gnu-toolchain-14.2.rel1-mingw-w64-x86_64-arm-none-eabi/bin/../lib/gcc/arm-none-eabi/14.2.1/thumb/v8-m.main/nofp\libc_nano.a(libc_a-init.o)
                0x000016bc                __libc_init_array
 .text.__retarget_lock_init_recursive
                0x00001704        0x2 C:/Users/ADMIN/.mcuxpressotools/arm-gnu-toolchain-14.2.rel1-mingw-w64-x86_64-arm-none-eabi/bin/../lib/gcc/arm-none-eabi/14.2.1/thumb/v8-m.main/nofp\libc_nano.a(libc_a-lock.o)
                0x00001704                __retarget_lock_init_recursive
 .text.__retarget_lock_acquire_recursive
                0x00001706        0x2 C:/Users/ADMIN/.mcuxpressotools/arm-gnu-toolchain-14.2.rel1-mingw-w64-x86_64-arm-none-eabi/bin/../lib/gcc/arm-none-eabi/14.2.1/thumb/v8-m.main/nofp\libc_nano.a(libc_a-lock.o)
                0x00001706                __retarget_lock_acquire_recursive
 .text.__retarget_lock_release_recursive
                0x00001708        0x2 C:/Users/ADMIN/.mcuxpressotools/arm-gnu-toolchain-14.2.rel1-mingw-w64-x86_64-arm-none-eabi/bin/../lib/gcc/arm-none-eabi/14.2.1/thumb/v8-m.main/nofp\libc_nano.a(libc_a-lock.o)
                0x00001708                __retarget_lock_release_recursive
 *fill*         0x0000170a        0x2 
 .text._free_r  0x0000170c       0x94 C:/Users/ADMIN/.mcuxpressotools/arm-gnu-toolchain-14.2.rel1-mingw-w64-x86_64-arm-none-eabi/bin/../lib/gcc/arm-none-eabi/14.2.1/thumb/v8-m.main/nofp\libc_nano.a(libc_a-freer.o)
                0x0000170c                _free_r
 .text.sbrk_aligned
                0x000017a0       0x44 C:/Users/ADMIN/.mcuxpressotools/arm-gnu-toolchain-14.2.rel1-mingw-w64-x86_64-arm-none-eabi/bin/../lib/gcc/arm-none-eabi/14.2.1/thumb/v8-m.main/nofp\libc_nano.a(libc_a-mallocr.o)
 .text._malloc_r
                0x000017e4      0x100 C:/Users/ADMIN/.mcuxpressotools/arm-gnu-toolchain-14.2.rel1-mingw-w64-x86_64-arm-none-eabi/bin/../lib/gcc/arm-none-eabi/14.2.1/thumb/v8-m.main/nofp\libc_nano.a(libc_a-mallocr.o)
                0x000017e4                _malloc_r
 .text.__malloc_lock
                0x000018e4        0xc C:/Users/ADMIN/.mcuxpressotools/arm-gnu-toolchain-14.2.rel1-mingw-w64-x86_64-arm-none-eabi/bin/../lib/gcc/arm-none-eabi/14.2.1/thumb/v8-m.main/nofp\libc_nano.a(libc_a-mlock.o)
                0x000018e4                __malloc_lock
 .text.__malloc_unlock
                0x000018f0        0xc C:/Users/ADMIN/.mcuxpressotools/arm-gnu-toolchain-14.2.rel1-mingw-w64-x86_64-arm-none-eabi/bin/../lib/gcc/arm-none-eabi/14.2.1/thumb/v8-m.main/nofp\libc_nano.a(libc_a-mlock.o)
                0x000018f0                __malloc_unlock
 .text.__sfputc_r
                0x000018fc       0x2a C:/Users/ADMIN/.mcuxpressotools/arm-gnu-toolchain-14.2.rel1-mingw-w64-x86_64-arm-none-eabi/bin/../lib/gcc/arm-none-eabi/14.2.1/thumb/v8-m.main/nofp\libc_nano.a(libc_a-nano-vfprintf.o)
 .text.__sfputs_r
                0x00001926       0x24 C:/Users/ADMIN/.mcuxpressotools/arm-gnu-toolchain-14.2.rel1-mingw-w64-x86_64-arm-none-eabi/bin/../lib/gcc/arm-none-eabi/14.2.1/thumb/v8-m.main/nofp\libc_nano.a(libc_a-nano-vfprintf.o)
                0x00001926                __sfputs_r
 *fill*         0x0000194a        0x2 
 .text._vfprintf_r
                0x0000194c      0x230 C:/Users/ADMIN/.mcuxpressotools/arm-gnu-toolchain-14.2.rel1-mingw-w64-x86_64-arm-none-eabi/bin/../lib/gcc/arm-none-eabi/14.2.1/thumb/v8-m.main/nofp\libc_nano.a(libc_a-nano-vfprintf.o)
                0x0000194c                _vfprintf_r
                0x0000194c                _vfiprintf_r
 .text._printf_common
                0x00001b7c       0xe4 C:/Users/ADMIN/.mcuxpressotools/arm-gnu-toolchain-14.2.rel1-mingw-w64-x86_64-arm-none-eabi/bin/../lib/gcc/arm-none-eabi/14.2.1/thumb/v8-m.main/nofp\libc_nano.a(libc_a-nano-vfprintf_i.o)
                0x00001b7c                _printf_common
 .text._printf_i
                0x00001c60      0x240 C:/Users/ADMIN/.mcuxpressotools/arm-gnu-toolchain-14.2.rel1-mingw-w64-x86_64-arm-none-eabi/bin/../lib/gcc/arm-none-eabi/14.2.1/thumb/v8-m.main/nofp\libc_nano.a(libc_a-nano-vfprintf_i.o)
                0x00001c60                _printf_i
 .text.__sflush_r
                0x00001ea0       0xf8 C:/Users/ADMIN/.mcuxpressotools/arm-gnu-toolchain-14.2.rel1-mingw-w64-x86_64-arm-none-eabi/bin/../lib/gcc/arm-none-eabi/14.2.1/thumb/v8-m.main/nofp\libc_nano.a(libc_a-fflush.o)
                0x00001ea0                __sflush_r
 .text._fflush_r
                0x00001f98       0x50 C:/Users/ADMIN/.mcuxpressotools/arm-gnu-toolchain-14.2.rel1-mingw-w64-x86_64-arm-none-eabi/bin/../lib/gcc/arm-none-eabi/14.2.1/thumb/v8-m.main/nofp\libc_nano.a(libc_a-fflush.o)
                0x00001f98                _fflush_r
 .text.__swbuf_r
                0x00001fe8       0x7c C:/Users/ADMIN/.mcuxpressotools/arm-gnu-toolchain-14.2.rel1-mingw-w64-x86_64-arm-none-eabi/bin/../lib/gcc/arm-none-eabi/14.2.1/thumb/v8-m.main/nofp\libc_nano.a(libc_a-wbuf.o)
                0x00001fe8                __swbuf_r
 .text.__swsetup_r
                0x00002064       0xa8 C:/Users/ADMIN/.mcuxpressotools/arm-gnu-toolchain-14.2.rel1-mingw-w64-x86_64-arm-none-eabi/bin/../lib/gcc/arm-none-eabi/14.2.1/thumb/v8-m.main/nofp\libc_nano.a(libc_a-wsetup.o)
                0x00002064                __swsetup_r
 .text._sbrk_r  0x0000210c       0x20 C:/Users/ADMIN/.mcuxpressotools/arm-gnu-toolchain-14.2.rel1-mingw-w64-x86_64-arm-none-eabi/bin/../lib/gcc/arm-none-eabi/14.2.1/thumb/v8-m.main/nofp\libc_nano.a(libc_a-sbrkr.o)
                0x0000210c                _sbrk_r
 .text.memchr   0x0000212c       0x1c C:/Users/ADMIN/.mcuxpressotools/arm-gnu-toolchain-14.2.rel1-mingw-w64-x86_64-arm-none-eabi/bin/../lib/gcc/arm-none-eabi/14.2.1/thumb/v8-m.main/nofp\libc_nano.a(libc_a-memchr-stub.o)
                0x0000212c                memchr
 .text.__swhatbuf_r
                0x00002148       0x48 C:/Users/ADMIN/.mcuxpressotools/arm-gnu-toolchain-14.2.rel1-mingw-w64-x86_64-arm-none-eabi/bin/../lib/gcc/arm-none-eabi/14.2.1/thumb/v8-m.main/nofp\libc_nano.a(libc_a-makebuf.o)
                0x00002148                __swhatbuf_r
 .text.__smakebuf_r
                0x00002190       0x72 C:/Users/ADMIN/.mcuxpressotools/arm-gnu-toolchain-14.2.rel1-mingw-w64-x86_64-arm-none-eabi/bin/../lib/gcc/arm-none-eabi/14.2.1/thumb/v8-m.main/nofp\libc_nano.a(libc_a-makebuf.o)
                0x00002190                __smakebuf_r
 *fill*         0x00002202        0x2 
 .text._fstat_r
                0x00002204       0x24 C:/Users/ADMIN/.mcuxpressotools/arm-gnu-toolchain-14.2.rel1-mingw-w64-x86_64-arm-none-eabi/bin/../lib/gcc/arm-none-eabi/14.2.1/thumb/v8-m.main/nofp\libc_nano.a(libc_a-fstatr.o)
                0x00002204                _fstat_r
 .text._isatty_r
                0x00002228       0x20 C:/Users/ADMIN/.mcuxpressotools/arm-gnu-toolchain-14.2.rel1-mingw-w64-x86_64-arm-none-eabi/bin/../lib/gcc/arm-none-eabi/14.2.1/thumb/v8-m.main/nofp\libc_nano.a(libc_a-isattyr.o)
                0x00002228                _isatty_r
 .text._exit    0x00002248        0x4 C:/Users/ADMIN/.mcuxpressotools/arm-gnu-toolchain-14.2.rel1-mingw-w64-x86_64-arm-none-eabi/bin/../lib/gcc/arm-none-eabi/14.2.1/thumb/v8-m.main/nofp\libnosys.a(_exit.o)
                0x00002248                _exit
 *(.rodata)
 .rodata        0x0000224c        0x6 CMakeFiles/frdmmcxa153_assignments_oled.dir/47c6c695d6265095318844404cc4f038/frdmmcxa153/ese_examples/assignments/oled/oled.c.obj
 *fill*         0x00002252        0x2 
 .rodata        0x00002254       0x20 CMakeFiles/frdmmcxa153_assignments_oled.dir/17036b2c6dd889270c46c94c33582864/_boards/frdmmcxa153/ese_common/serial/serial.c.obj
 .rodata        0x00002274       0xd0 CMakeFiles/frdmmcxa153_assignments_oled.dir/main.c.obj
 *(.rodata*)
 .rodata.bitmap1
                0x00002344      0x400 CMakeFiles/frdmmcxa153_assignments_oled.dir/47c6c695d6265095318844404cc4f038/frdmmcxa153/ese_examples/assignments/oled/bitmaps.c.obj
                0x00002344                bitmap1
 .rodata.nxp_logo
                0x00002744      0x400 CMakeFiles/frdmmcxa153_assignments_oled.dir/47c6c695d6265095318844404cc4f038/frdmmcxa153/ese_examples/assignments/oled/bitmaps.c.obj
                0x00002744                nxp_logo
 .rodata.Monospaced_plain_10
                0x00002b44      0xd32 CMakeFiles/frdmmcxa153_assignments_oled.dir/47c6c695d6265095318844404cc4f038/frdmmcxa153/ese_examples/assignments/oled/fonts.c.obj
                0x00002b44                Monospaced_plain_10
 *fill*         0x00003876        0x2 
 .rodata.Monospaced_bold_24
                0x00003878     0x2ebf CMakeFiles/frdmmcxa153_assignments_oled.dir/47c6c695d6265095318844404cc4f038/frdmmcxa153/ese_examples/assignments/oled/fonts.c.obj
                0x00003878                Monospaced_bold_24
 .rodata._vfprintf_r.str1.1
                0x00006737       0x33 C:/Users/ADMIN/.mcuxpressotools/arm-gnu-toolchain-14.2.rel1-mingw-w64-x86_64-arm-none-eabi/bin/../lib/gcc/arm-none-eabi/14.2.1/thumb/v8-m.main/nofp\libc_nano.a(libc_a-nano-vfprintf.o)
                                 0x11 (size before relaxing)
 .rodata._printf_i.str1.1
                0x0000676a       0x22 C:/Users/ADMIN/.mcuxpressotools/arm-gnu-toolchain-14.2.rel1-mingw-w64-x86_64-arm-none-eabi/bin/../lib/gcc/arm-none-eabi/14.2.1/thumb/v8-m.main/nofp\libc_nano.a(libc_a-nano-vfprintf_i.o)
 *(.glue_7)
 .glue_7        0x0000676a        0x0 linker stubs
 *(.glue_7t)
 .glue_7t       0x0000676a        0x0 linker stubs
 *(.eh_frame)
 *fill*         0x0000676a        0x2 
 .eh_frame      0x0000676c        0x0 C:/Users/ADMIN/.mcuxpressotools/arm-gnu-toolchain-14.2.rel1-mingw-w64-x86_64-arm-none-eabi/bin/../lib/gcc/arm-none-eabi/14.2.1/thumb/v8-m.main/nofp/crtbegin.o
 *(.init)
 .init          0x0000676c        0x4 C:/Users/ADMIN/.mcuxpressotools/arm-gnu-toolchain-14.2.rel1-mingw-w64-x86_64-arm-none-eabi/bin/../lib/gcc/arm-none-eabi/14.2.1/thumb/v8-m.main/nofp/crti.o
                0x0000676c                _init
 .init          0x00006770        0x8 C:/Users/ADMIN/.mcuxpressotools/arm-gnu-toolchain-14.2.rel1-mingw-w64-x86_64-arm-none-eabi/bin/../lib/gcc/arm-none-eabi/14.2.1/thumb/v8-m.main/nofp/crtn.o
 *(.fini)
 .fini          0x00006778        0x4 C:/Users/ADMIN/.mcuxpressotools/arm-gnu-toolchain-14.2.rel1-mingw-w64-x86_64-arm-none-eabi/bin/../lib/gcc/arm-none-eabi/14.2.1/thumb/v8-m.main/nofp/crti.o
                0x00006778                _fini
 .fini          0x0000677c        0x8 C:/Users/ADMIN/.mcuxpressotools/arm-gnu-toolchain-14.2.rel1-mingw-w64-x86_64-arm-none-eabi/bin/../lib/gcc/arm-none-eabi/14.2.1/thumb/v8-m.main/nofp/crtn.o
                0x00006784                        . = ALIGN (0x4)

.vfp11_veneer   0x00006784        0x0
 .vfp11_veneer  0x00006784        0x0 linker stubs

.v4_bx          0x00006784        0x0
 .v4_bx         0x00006784        0x0 linker stubs

.iplt           0x00006784        0x0
 .iplt          0x00006784        0x0 C:/Users/ADMIN/.mcuxpressotools/arm-gnu-toolchain-14.2.rel1-mingw-w64-x86_64-arm-none-eabi/bin/../lib/gcc/arm-none-eabi/14.2.1/thumb/v8-m.main/nofp/crtbegin.o

.ARM.extab
 *(.ARM.extab* .gnu.linkonce.armextab.*)

.ARM            0x00006784        0x8
                0x00006784                        __exidx_start = .
 *(.ARM.exidx*)
 .ARM.exidx     0x00006784        0x8 C:/Users/ADMIN/.mcuxpressotools/arm-gnu-toolchain-14.2.rel1-mingw-w64-x86_64-arm-none-eabi/bin/../lib/gcc/arm-none-eabi/14.2.1/thumb/v8-m.main/nofp/crt0.o
                                 0x10 (size before relaxing)
                0x0000678c                        __exidx_end = .

.rel.dyn        0x0000678c        0x0
 .rel.iplt      0x0000678c        0x0 C:/Users/ADMIN/.mcuxpressotools/arm-gnu-toolchain-14.2.rel1-mingw-w64-x86_64-arm-none-eabi/bin/../lib/gcc/arm-none-eabi/14.2.1/thumb/v8-m.main/nofp/crtbegin.o

.ctors          0x0000678c        0x0
                0x0000678c                        __CTOR_LIST__ = .
 *crtbegin.o(.ctors)
 *crtbegin?.o(.ctors)
 *(EXCLUDE_FILE(*crtend.o *crtend?.o) .ctors)
 *(SORT_BY_NAME(.ctors.*))
 *(.ctors)
                0x0000678c                        __CTOR_END__ = .

.dtors          0x0000678c        0x0
                0x0000678c                        __DTOR_LIST__ = .
 *crtbegin.o(.dtors)
 *crtbegin?.o(.dtors)
 *(EXCLUDE_FILE(*crtend.o *crtend?.o) .dtors)
 *(SORT_BY_NAME(.dtors.*))
 *(.dtors)
                0x0000678c                        __DTOR_END__ = .

.preinit_array  0x0000678c        0x0
                0x0000678c                        PROVIDE (__preinit_array_start = .)
 *(.preinit_array*)
                0x0000678c                        PROVIDE (__preinit_array_end = .)

.init_array     0x0000678c        0x4
                0x0000678c                        PROVIDE (__init_array_start = .)
 *(SORT_BY_NAME(.init_array.*))
 *(.init_array*)
 .init_array    0x0000678c        0x4 C:/Users/ADMIN/.mcuxpressotools/arm-gnu-toolchain-14.2.rel1-mingw-w64-x86_64-arm-none-eabi/bin/../lib/gcc/arm-none-eabi/14.2.1/thumb/v8-m.main/nofp/crtbegin.o
                0x00006790                        PROVIDE (__init_array_end = .)

.fini_array     0x00006790        0x4
                [!provide]                        PROVIDE (__fini_array_start = .)
 *(SORT_BY_NAME(.fini_array.*))
 *(.fini_array*)
 .fini_array    0x00006790        0x4 C:/Users/ADMIN/.mcuxpressotools/arm-gnu-toolchain-14.2.rel1-mingw-w64-x86_64-arm-none-eabi/bin/../lib/gcc/arm-none-eabi/14.2.1/thumb/v8-m.main/nofp/crtbegin.o
                [!provide]                        PROVIDE (__fini_array_end = .)
                0x00006794                        __etext = .
                0x00006794                        __DATA_ROM = .

.data           0x20000000       0x80 load address 0x00006794
                0x20000000                        . = ALIGN (0x4)
                0x20000000                        __DATA_RAM = .
                0x20000000                        __data_start__ = .
 *(.ramfunc*)
 *(.data)
 *(.data*)
 .data._font    0x20000000        0x4 CMakeFiles/frdmmcxa153_assignments_oled.dir/47c6c695d6265095318844404cc4f038/frdmmcxa153/ese_examples/assignments/oled/oled.c.obj
 .data._oled_init_commands
                0x20000004       0x1d CMakeFiles/frdmmcxa153_assignments_oled.dir/47c6c695d6265095318844404cc4f038/frdmmcxa153/ese_examples/assignments/oled/oled.c.obj
 *fill*         0x20000021        0x3 
 .data.__sglue  0x20000024        0xc C:/Users/ADMIN/.mcuxpressotools/arm-gnu-toolchain-14.2.rel1-mingw-w64-x86_64-arm-none-eabi/bin/../lib/gcc/arm-none-eabi/14.2.1/thumb/v8-m.main/nofp\libc_nano.a(libc_a-findfp.o)
                0x20000024                __sglue
 .data._impure_ptr
                0x20000030        0x4 C:/Users/ADMIN/.mcuxpressotools/arm-gnu-toolchain-14.2.rel1-mingw-w64-x86_64-arm-none-eabi/bin/../lib/gcc/arm-none-eabi/14.2.1/thumb/v8-m.main/nofp\libc_nano.a(libc_a-impure.o)
                0x20000030                _impure_ptr
 .data._impure_data
                0x20000034       0x4c C:/Users/ADMIN/.mcuxpressotools/arm-gnu-toolchain-14.2.rel1-mingw-w64-x86_64-arm-none-eabi/bin/../lib/gcc/arm-none-eabi/14.2.1/thumb/v8-m.main/nofp\libc_nano.a(libc_a-impure.o)
                0x20000034                _impure_data
 *(.jcr*)
                0x20000080                        . = ALIGN (0x4)
                0x20000080                        __data_end__ = .
                0x00006814                        __DATA_END = (__DATA_ROM + (__data_end__ - __data_start__))
                0x00020000                        text_end = (ORIGIN (m_text) + LENGTH (m_text))
                0x00000001                        ASSERT ((__DATA_END <= text_end), region m_text overflowed with text and data)

.tm_clone_table
                0x20000080        0x0 load address 0x00006814
 .tm_clone_table
                0x20000080        0x0 C:/Users/ADMIN/.mcuxpressotools/arm-gnu-toolchain-14.2.rel1-mingw-w64-x86_64-arm-none-eabi/bin/../lib/gcc/arm-none-eabi/14.2.1/thumb/v8-m.main/nofp/crtbegin.o
 .tm_clone_table
                0x20000080        0x0 C:/Users/ADMIN/.mcuxpressotools/arm-gnu-toolchain-14.2.rel1-mingw-w64-x86_64-arm-none-eabi/bin/../lib/gcc/arm-none-eabi/14.2.1/thumb/v8-m.main/nofp/crtend.o

.igot.plt       0x20000080        0x0 load address 0x00006814
 .igot.plt      0x20000080        0x0 C:/Users/ADMIN/.mcuxpressotools/arm-gnu-toolchain-14.2.rel1-mingw-w64-x86_64-arm-none-eabi/bin/../lib/gcc/arm-none-eabi/14.2.1/thumb/v8-m.main/nofp/crtbegin.o

.bss            0x20000080      0x6ac load address 0x00006814
                0x20000080                        . = ALIGN (0x4)
                0x20000080                        __START_BSS = .
                0x20000080                        __bss_start__ = .
 *(.bss)
 *(.bss*)
 .bss.completed.1
                0x20000080        0x1 C:/Users/ADMIN/.mcuxpressotools/arm-gnu-toolchain-14.2.rel1-mingw-w64-x86_64-arm-none-eabi/bin/../lib/gcc/arm-none-eabi/14.2.1/thumb/v8-m.main/nofp/crtbegin.o
 *fill*         0x20000081        0x3 
 .bss.object.0  0x20000084       0x18 C:/Users/ADMIN/.mcuxpressotools/arm-gnu-toolchain-14.2.rel1-mingw-w64-x86_64-arm-none-eabi/bin/../lib/gcc/arm-none-eabi/14.2.1/thumb/v8-m.main/nofp/crtbegin.o
 .bss.heap_end.0
                0x2000009c        0x4 CMakeFiles/frdmmcxa153_assignments_oled.dir/047288a8a2bbc7b2f4dcc613bd6920fa/mcuxsdk/components/misc_utilities/fsl_sbrk.c.obj
 .bss._framebuffer
                0x200000a0      0x400 CMakeFiles/frdmmcxa153_assignments_oled.dir/47c6c695d6265095318844404cc4f038/frdmmcxa153/ese_examples/assignments/oled/oled.c.obj
 .bss._x        0x200004a0        0x2 CMakeFiles/frdmmcxa153_assignments_oled.dir/47c6c695d6265095318844404cc4f038/frdmmcxa153/ese_examples/assignments/oled/oled.c.obj
 .bss._y        0x200004a2        0x2 CMakeFiles/frdmmcxa153_assignments_oled.dir/47c6c695d6265095318844404cc4f038/frdmmcxa153/ese_examples/assignments/oled/oled.c.obj
 .bss.tx        0x200004a4       0x1c CMakeFiles/frdmmcxa153_assignments_oled.dir/17036b2c6dd889270c46c94c33582864/_boards/frdmmcxa153/ese_common/serial/serial.c.obj
 .bss.rx        0x200004c0       0x1c CMakeFiles/frdmmcxa153_assignments_oled.dir/17036b2c6dd889270c46c94c33582864/_boards/frdmmcxa153/ese_common/serial/serial.c.obj
 .bss.tx_buffer
                0x200004dc       0x80 CMakeFiles/frdmmcxa153_assignments_oled.dir/17036b2c6dd889270c46c94c33582864/_boards/frdmmcxa153/ese_common/serial/serial.c.obj
 .bss.rx_buffer
                0x2000055c       0x80 CMakeFiles/frdmmcxa153_assignments_oled.dir/17036b2c6dd889270c46c94c33582864/_boards/frdmmcxa153/ese_common/serial/serial.c.obj
 .bss.ms        0x200005dc        0x4 CMakeFiles/frdmmcxa153_assignments_oled.dir/main.c.obj
                0x200005dc                ms
 .bss.__sf      0x200005e0      0x138 C:/Users/ADMIN/.mcuxpressotools/arm-gnu-toolchain-14.2.rel1-mingw-w64-x86_64-arm-none-eabi/bin/../lib/gcc/arm-none-eabi/14.2.1/thumb/v8-m.main/nofp\libc_nano.a(libc_a-findfp.o)
                0x200005e0                __sf
 .bss.__stdio_exit_handler
                0x20000718        0x4 C:/Users/ADMIN/.mcuxpressotools/arm-gnu-toolchain-14.2.rel1-mingw-w64-x86_64-arm-none-eabi/bin/../lib/gcc/arm-none-eabi/14.2.1/thumb/v8-m.main/nofp\libc_nano.a(libc_a-findfp.o)
                0x20000718                __stdio_exit_handler
 .bss.errno     0x2000071c        0x4 C:/Users/ADMIN/.mcuxpressotools/arm-gnu-toolchain-14.2.rel1-mingw-w64-x86_64-arm-none-eabi/bin/../lib/gcc/arm-none-eabi/14.2.1/thumb/v8-m.main/nofp\libc_nano.a(libc_a-reent.o)
                0x2000071c                errno
 .bss.__lock___malloc_recursive_mutex
                0x20000720        0x1 C:/Users/ADMIN/.mcuxpressotools/arm-gnu-toolchain-14.2.rel1-mingw-w64-x86_64-arm-none-eabi/bin/../lib/gcc/arm-none-eabi/14.2.1/thumb/v8-m.main/nofp\libc_nano.a(libc_a-lock.o)
                0x20000720                __lock___malloc_recursive_mutex
 .bss.__lock___sfp_recursive_mutex
                0x20000721        0x1 C:/Users/ADMIN/.mcuxpressotools/arm-gnu-toolchain-14.2.rel1-mingw-w64-x86_64-arm-none-eabi/bin/../lib/gcc/arm-none-eabi/14.2.1/thumb/v8-m.main/nofp\libc_nano.a(libc_a-lock.o)
                0x20000721                __lock___sfp_recursive_mutex
 *fill*         0x20000722        0x2 
 .bss.__malloc_sbrk_start
                0x20000724        0x4 C:/Users/ADMIN/.mcuxpressotools/arm-gnu-toolchain-14.2.rel1-mingw-w64-x86_64-arm-none-eabi/bin/../lib/gcc/arm-none-eabi/14.2.1/thumb/v8-m.main/nofp\libc_nano.a(libc_a-mallocr.o)
                0x20000724                __malloc_sbrk_start
 .bss.__malloc_free_list
                0x20000728        0x4 C:/Users/ADMIN/.mcuxpressotools/arm-gnu-toolchain-14.2.rel1-mingw-w64-x86_64-arm-none-eabi/bin/../lib/gcc/arm-none-eabi/14.2.1/thumb/v8-m.main/nofp\libc_nano.a(libc_a-mallocr.o)
                0x20000728                __malloc_free_list
 *(COMMON)
                0x2000072c                        . = ALIGN (0x4)
                0x2000072c                        __bss_end__ = .
                0x2000072c                        __END_BSS = .

.heap           0x2000072c      0x404 load address 0x00006ec0
                0x20000730                        . = ALIGN (0x8)
 *fill*         0x2000072c        0x4 
                0x20000730                        __end__ = .
                0x20000730                        PROVIDE (end = .)
                0x20000730                        __HeapBase = .
                0x20000b30                        . = (. + HEAP_SIZE)
 *fill*         0x20000730      0x400 
                0x20000b30                        __HeapLimit = .
                0x20000b30                        __heap_limit = .

.stack          0x20000b30      0x800 load address 0x000072c4
                0x20000b30                        . = ALIGN (0x8)
                0x20001330                        . = (. + STACK_SIZE)
 *fill*         0x20000b30      0x800 
                0x20006000                        __StackTop = (ORIGIN (m_data) + LENGTH (m_data))
                0x20005800                        __StackLimit = (__StackTop - STACK_SIZE)
                0x20006000                        PROVIDE (__stack = __StackTop)

.ARM.attributes
                0x00000000       0x2e
 *(.ARM.attributes)
 .ARM.attributes
                0x00000000       0x22 C:/Users/ADMIN/.mcuxpressotools/arm-gnu-toolchain-14.2.rel1-mingw-w64-x86_64-arm-none-eabi/bin/../lib/gcc/arm-none-eabi/14.2.1/thumb/v8-m.main/nofp/crti.o
 .ARM.attributes
                0x00000022       0x32 C:/Users/ADMIN/.mcuxpressotools/arm-gnu-toolchain-14.2.rel1-mingw-w64-x86_64-arm-none-eabi/bin/../lib/gcc/arm-none-eabi/14.2.1/thumb/v8-m.main/nofp/crtbegin.o
 .ARM.attributes
                0x00000054       0x20 C:/Users/ADMIN/.mcuxpressotools/arm-gnu-toolchain-14.2.rel1-mingw-w64-x86_64-arm-none-eabi/bin/../lib/gcc/arm-none-eabi/14.2.1/thumb/v8-m.main/nofp/crt0.o
 .ARM.attributes
                0x00000074       0x32 CMakeFiles/frdmmcxa153_assignments_oled.dir/047288a8a2bbc7b2f4dcc613bd6920fa/mcuxsdk/devices/MCX/MCXA/MCXA153/system_MCXA153.c.obj
 .ARM.attributes
                0x000000a6       0x20 CMakeFiles/frdmmcxa153_assignments_oled.dir/047288a8a2bbc7b2f4dcc613bd6920fa/mcuxsdk/devices/MCX/MCXA/MCXA153/gcc/startup_MCXA153.S.obj
 .ARM.attributes
                0x000000c6       0x32 CMakeFiles/frdmmcxa153_assignments_oled.dir/047288a8a2bbc7b2f4dcc613bd6920fa/mcuxsdk/components/misc_utilities/fsl_syscall_stub.c.obj
 .ARM.attributes
                0x000000f8       0x32 CMakeFiles/frdmmcxa153_assignments_oled.dir/047288a8a2bbc7b2f4dcc613bd6920fa/mcuxsdk/components/misc_utilities/fsl_sbrk.c.obj
 .ARM.attributes
                0x0000012a       0x20 CMakeFiles/frdmmcxa153_assignments_oled.dir/047288a8a2bbc7b2f4dcc613bd6920fa/mcuxsdk/components/misc_utilities/fsl_memcpy.S.obj
 .ARM.attributes
                0x0000014a       0x32 CMakeFiles/frdmmcxa153_assignments_oled.dir/47c6c695d6265095318844404cc4f038/frdmmcxa153/ese_examples/assignments/oled/bitmaps.c.obj
 .ARM.attributes
                0x0000017c       0x32 CMakeFiles/frdmmcxa153_assignments_oled.dir/47c6c695d6265095318844404cc4f038/frdmmcxa153/ese_examples/assignments/oled/fonts.c.obj
 .ARM.attributes
                0x000001ae       0x32 CMakeFiles/frdmmcxa153_assignments_oled.dir/47c6c695d6265095318844404cc4f038/frdmmcxa153/ese_examples/assignments/oled/lpi2c.c.obj
 .ARM.attributes
                0x000001e0       0x32 CMakeFiles/frdmmcxa153_assignments_oled.dir/47c6c695d6265095318844404cc4f038/frdmmcxa153/ese_examples/assignments/oled/oled.c.obj
 .ARM.attributes
                0x00000212       0x32 CMakeFiles/frdmmcxa153_assignments_oled.dir/17036b2c6dd889270c46c94c33582864/_boards/frdmmcxa153/ese_common/serial/serial.c.obj
 .ARM.attributes
                0x00000244       0x32 CMakeFiles/frdmmcxa153_assignments_oled.dir/17036b2c6dd889270c46c94c33582864/_boards/frdmmcxa153/ese_common/serial/retarget.c.obj
 .ARM.attributes
                0x00000276       0x32 CMakeFiles/frdmmcxa153_assignments_oled.dir/main.c.obj
 .ARM.attributes
                0x000002a8       0x32 CMakeFiles/frdmmcxa153_assignments_oled.dir/047288a8a2bbc7b2f4dcc613bd6920fa/mcuxsdk/examples/ese_common/fifo/fifo.c.obj
 .ARM.attributes
                0x000002da       0x32 C:/Users/ADMIN/.mcuxpressotools/arm-gnu-toolchain-14.2.rel1-mingw-w64-x86_64-arm-none-eabi/bin/../lib/gcc/arm-none-eabi/14.2.1/thumb/v8-m.main/nofp\libc_nano.a(libc_a-exit.o)
 .ARM.attributes
                0x0000030c       0x32 C:/Users/ADMIN/.mcuxpressotools/arm-gnu-toolchain-14.2.rel1-mingw-w64-x86_64-arm-none-eabi/bin/../lib/gcc/arm-none-eabi/14.2.1/thumb/v8-m.main/nofp\libc_nano.a(libc_a-findfp.o)
 .ARM.attributes
                0x0000033e       0x32 C:/Users/ADMIN/.mcuxpressotools/arm-gnu-toolchain-14.2.rel1-mingw-w64-x86_64-arm-none-eabi/bin/../lib/gcc/arm-none-eabi/14.2.1/thumb/v8-m.main/nofp\libc_nano.a(libc_a-fwalk.o)
 .ARM.attributes
                0x00000370       0x32 C:/Users/ADMIN/.mcuxpressotools/arm-gnu-toolchain-14.2.rel1-mingw-w64-x86_64-arm-none-eabi/bin/../lib/gcc/arm-none-eabi/14.2.1/thumb/v8-m.main/nofp\libc_nano.a(libc_a-printf.o)
 .ARM.attributes
                0x000003a2       0x32 C:/Users/ADMIN/.mcuxpressotools/arm-gnu-toolchain-14.2.rel1-mingw-w64-x86_64-arm-none-eabi/bin/../lib/gcc/arm-none-eabi/14.2.1/thumb/v8-m.main/nofp\libc_nano.a(libc_a-stdio.o)
 .ARM.attributes
                0x000003d4       0x32 C:/Users/ADMIN/.mcuxpressotools/arm-gnu-toolchain-14.2.rel1-mingw-w64-x86_64-arm-none-eabi/bin/../lib/gcc/arm-none-eabi/14.2.1/thumb/v8-m.main/nofp\libc_nano.a(libc_a-memset.o)
 .ARM.attributes
                0x00000406       0x32 C:/Users/ADMIN/.mcuxpressotools/arm-gnu-toolchain-14.2.rel1-mingw-w64-x86_64-arm-none-eabi/bin/../lib/gcc/arm-none-eabi/14.2.1/thumb/v8-m.main/nofp\libc_nano.a(libc_a-closer.o)
 .ARM.attributes
                0x00000438       0x32 C:/Users/ADMIN/.mcuxpressotools/arm-gnu-toolchain-14.2.rel1-mingw-w64-x86_64-arm-none-eabi/bin/../lib/gcc/arm-none-eabi/14.2.1/thumb/v8-m.main/nofp\libc_nano.a(libc_a-reent.o)
 .ARM.attributes
                0x0000046a       0x32 C:/Users/ADMIN/.mcuxpressotools/arm-gnu-toolchain-14.2.rel1-mingw-w64-x86_64-arm-none-eabi/bin/../lib/gcc/arm-none-eabi/14.2.1/thumb/v8-m.main/nofp\libc_nano.a(libc_a-impure.o)
 .ARM.attributes
                0x0000049c       0x32 C:/Users/ADMIN/.mcuxpressotools/arm-gnu-toolchain-14.2.rel1-mingw-w64-x86_64-arm-none-eabi/bin/../lib/gcc/arm-none-eabi/14.2.1/thumb/v8-m.main/nofp\libc_nano.a(libc_a-lseekr.o)
 .ARM.attributes
                0x000004ce       0x32 C:/Users/ADMIN/.mcuxpressotools/arm-gnu-toolchain-14.2.rel1-mingw-w64-x86_64-arm-none-eabi/bin/../lib/gcc/arm-none-eabi/14.2.1/thumb/v8-m.main/nofp\libc_nano.a(libc_a-readr.o)
 .ARM.attributes
                0x00000500       0x32 C:/Users/ADMIN/.mcuxpressotools/arm-gnu-toolchain-14.2.rel1-mingw-w64-x86_64-arm-none-eabi/bin/../lib/gcc/arm-none-eabi/14.2.1/thumb/v8-m.main/nofp\libc_nano.a(libc_a-writer.o)
 .ARM.attributes
                0x00000532       0x32 C:/Users/ADMIN/.mcuxpressotools/arm-gnu-toolchain-14.2.rel1-mingw-w64-x86_64-arm-none-eabi/bin/../lib/gcc/arm-none-eabi/14.2.1/thumb/v8-m.main/nofp\libc_nano.a(libc_a-errno.o)
 .ARM.attributes
                0x00000564       0x32 C:/Users/ADMIN/.mcuxpressotools/arm-gnu-toolchain-14.2.rel1-mingw-w64-x86_64-arm-none-eabi/bin/../lib/gcc/arm-none-eabi/14.2.1/thumb/v8-m.main/nofp\libc_nano.a(libc_a-init.o)
 .ARM.attributes
                0x00000596       0x32 C:/Users/ADMIN/.mcuxpressotools/arm-gnu-toolchain-14.2.rel1-mingw-w64-x86_64-arm-none-eabi/bin/../lib/gcc/arm-none-eabi/14.2.1/thumb/v8-m.main/nofp\libc_nano.a(libc_a-lock.o)
 .ARM.attributes
                0x000005c8       0x32 C:/Users/ADMIN/.mcuxpressotools/arm-gnu-toolchain-14.2.rel1-mingw-w64-x86_64-arm-none-eabi/bin/../lib/gcc/arm-none-eabi/14.2.1/thumb/v8-m.main/nofp\libc_nano.a(libc_a-freer.o)
 .ARM.attributes
                0x000005fa       0x32 C:/Users/ADMIN/.mcuxpressotools/arm-gnu-toolchain-14.2.rel1-mingw-w64-x86_64-arm-none-eabi/bin/../lib/gcc/arm-none-eabi/14.2.1/thumb/v8-m.main/nofp\libc_nano.a(libc_a-mallocr.o)
 .ARM.attributes
                0x0000062c       0x32 C:/Users/ADMIN/.mcuxpressotools/arm-gnu-toolchain-14.2.rel1-mingw-w64-x86_64-arm-none-eabi/bin/../lib/gcc/arm-none-eabi/14.2.1/thumb/v8-m.main/nofp\libc_nano.a(libc_a-mlock.o)
 .ARM.attributes
                0x0000065e       0x32 C:/Users/ADMIN/.mcuxpressotools/arm-gnu-toolchain-14.2.rel1-mingw-w64-x86_64-arm-none-eabi/bin/../lib/gcc/arm-none-eabi/14.2.1/thumb/v8-m.main/nofp\libc_nano.a(libc_a-nano-vfprintf.o)
 .ARM.attributes
                0x00000690       0x32 C:/Users/ADMIN/.mcuxpressotools/arm-gnu-toolchain-14.2.rel1-mingw-w64-x86_64-arm-none-eabi/bin/../lib/gcc/arm-none-eabi/14.2.1/thumb/v8-m.main/nofp\libc_nano.a(libc_a-nano-vfprintf_i.o)
 .ARM.attributes
                0x000006c2       0x32 C:/Users/ADMIN/.mcuxpressotools/arm-gnu-toolchain-14.2.rel1-mingw-w64-x86_64-arm-none-eabi/bin/../lib/gcc/arm-none-eabi/14.2.1/thumb/v8-m.main/nofp\libc_nano.a(libc_a-fflush.o)
 .ARM.attributes
                0x000006f4       0x32 C:/Users/ADMIN/.mcuxpressotools/arm-gnu-toolchain-14.2.rel1-mingw-w64-x86_64-arm-none-eabi/bin/../lib/gcc/arm-none-eabi/14.2.1/thumb/v8-m.main/nofp\libc_nano.a(libc_a-wbuf.o)
 .ARM.attributes
                0x00000726       0x32 C:/Users/ADMIN/.mcuxpressotools/arm-gnu-toolchain-14.2.rel1-mingw-w64-x86_64-arm-none-eabi/bin/../lib/gcc/arm-none-eabi/14.2.1/thumb/v8-m.main/nofp\libc_nano.a(libc_a-wsetup.o)
 .ARM.attributes
                0x00000758       0x32 C:/Users/ADMIN/.mcuxpressotools/arm-gnu-toolchain-14.2.rel1-mingw-w64-x86_64-arm-none-eabi/bin/../lib/gcc/arm-none-eabi/14.2.1/thumb/v8-m.main/nofp\libc_nano.a(libc_a-sbrkr.o)
 .ARM.attributes
                0x0000078a       0x32 C:/Users/ADMIN/.mcuxpressotools/arm-gnu-toolchain-14.2.rel1-mingw-w64-x86_64-arm-none-eabi/bin/../lib/gcc/arm-none-eabi/14.2.1/thumb/v8-m.main/nofp\libc_nano.a(libc_a-memchr-stub.o)
 .ARM.attributes
                0x000007bc       0x32 C:/Users/ADMIN/.mcuxpressotools/arm-gnu-toolchain-14.2.rel1-mingw-w64-x86_64-arm-none-eabi/bin/../lib/gcc/arm-none-eabi/14.2.1/thumb/v8-m.main/nofp\libc_nano.a(libc_a-makebuf.o)
 .ARM.attributes
                0x000007ee       0x32 C:/Users/ADMIN/.mcuxpressotools/arm-gnu-toolchain-14.2.rel1-mingw-w64-x86_64-arm-none-eabi/bin/../lib/gcc/arm-none-eabi/14.2.1/thumb/v8-m.main/nofp\libc_nano.a(libc_a-fstatr.o)
 .ARM.attributes
                0x00000820       0x32 C:/Users/ADMIN/.mcuxpressotools/arm-gnu-toolchain-14.2.rel1-mingw-w64-x86_64-arm-none-eabi/bin/../lib/gcc/arm-none-eabi/14.2.1/thumb/v8-m.main/nofp\libc_nano.a(libc_a-isattyr.o)
 .ARM.attributes
                0x00000852       0x32 C:/Users/ADMIN/.mcuxpressotools/arm-gnu-toolchain-14.2.rel1-mingw-w64-x86_64-arm-none-eabi/bin/../lib/gcc/arm-none-eabi/14.2.1/thumb/v8-m.main/nofp\libnosys.a(_exit.o)
 .ARM.attributes
                0x00000884       0x32 C:/Users/ADMIN/.mcuxpressotools/arm-gnu-toolchain-14.2.rel1-mingw-w64-x86_64-arm-none-eabi/bin/../lib/gcc/arm-none-eabi/14.2.1/thumb/v8-m.main/nofp/crtend.o
 .ARM.attributes
                0x000008b6       0x22 C:/Users/ADMIN/.mcuxpressotools/arm-gnu-toolchain-14.2.rel1-mingw-w64-x86_64-arm-none-eabi/bin/../lib/gcc/arm-none-eabi/14.2.1/thumb/v8-m.main/nofp/crtn.o
                0x00000001                        ASSERT ((__StackLimit >= __HeapLimit), region m_data overflowed with stack and heap)
OUTPUT(frdmmcxa153_assignments_oled.elf elf32-littlearm)
LOAD linker stubs

.debug_line_str
                0x00000000      0x22a
 .debug_line_str
                0x00000000      0x22a C:/Users/ADMIN/.mcuxpressotools/arm-gnu-toolchain-14.2.rel1-mingw-w64-x86_64-arm-none-eabi/bin/../lib/gcc/arm-none-eabi/14.2.1/thumb/v8-m.main/nofp/crt0.o
                                 0xdb (size before relaxing)
 .debug_line_str
                0x0000022a       0xe4 CMakeFiles/frdmmcxa153_assignments_oled.dir/047288a8a2bbc7b2f4dcc613bd6920fa/mcuxsdk/devices/MCX/MCXA/MCXA153/gcc/startup_MCXA153.S.obj
 .debug_line_str
                0x0000022a       0xdc CMakeFiles/frdmmcxa153_assignments_oled.dir/047288a8a2bbc7b2f4dcc613bd6920fa/mcuxsdk/components/misc_utilities/fsl_memcpy.S.obj

.debug_info     0x00000000     0x47b6
 .debug_info    0x00000000      0xc03 CMakeFiles/frdmmcxa153_assignments_oled.dir/047288a8a2bbc7b2f4dcc613bd6920fa/mcuxsdk/devices/MCX/MCXA/MCXA153/system_MCXA153.c.obj
 .debug_info    0x00000c03      0x838 CMakeFiles/frdmmcxa153_assignments_oled.dir/047288a8a2bbc7b2f4dcc613bd6920fa/mcuxsdk/devices/MCX/MCXA/MCXA153/gcc/startup_MCXA153.S.obj
 .debug_info    0x0000143b      0x4eb CMakeFiles/frdmmcxa153_assignments_oled.dir/047288a8a2bbc7b2f4dcc613bd6920fa/mcuxsdk/components/misc_utilities/fsl_syscall_stub.c.obj
 .debug_info    0x00001926      0x124 CMakeFiles/frdmmcxa153_assignments_oled.dir/047288a8a2bbc7b2f4dcc613bd6920fa/mcuxsdk/components/misc_utilities/fsl_sbrk.c.obj
 .debug_info    0x00001a4a       0x25 CMakeFiles/frdmmcxa153_assignments_oled.dir/047288a8a2bbc7b2f4dcc613bd6920fa/mcuxsdk/components/misc_utilities/fsl_memcpy.S.obj
 .debug_info    0x00001a6f       0xa6 CMakeFiles/frdmmcxa153_assignments_oled.dir/47c6c695d6265095318844404cc4f038/frdmmcxa153/ese_examples/assignments/oled/bitmaps.c.obj
 .debug_info    0x00001b15       0xd6 CMakeFiles/frdmmcxa153_assignments_oled.dir/47c6c695d6265095318844404cc4f038/frdmmcxa153/ese_examples/assignments/oled/fonts.c.obj
 .debug_info    0x00001beb      0x172 CMakeFiles/frdmmcxa153_assignments_oled.dir/47c6c695d6265095318844404cc4f038/frdmmcxa153/ese_examples/assignments/oled/lpi2c.c.obj
 .debug_info    0x00001d5d      0x7d1 CMakeFiles/frdmmcxa153_assignments_oled.dir/47c6c695d6265095318844404cc4f038/frdmmcxa153/ese_examples/assignments/oled/oled.c.obj
 .debug_info    0x0000252e     0x149c CMakeFiles/frdmmcxa153_assignments_oled.dir/17036b2c6dd889270c46c94c33582864/_boards/frdmmcxa153/ese_common/serial/serial.c.obj
 .debug_info    0x000039ca      0x153 CMakeFiles/frdmmcxa153_assignments_oled.dir/17036b2c6dd889270c46c94c33582864/_boards/frdmmcxa153/ese_common/serial/retarget.c.obj
 .debug_info    0x00003b1d      0x96d CMakeFiles/frdmmcxa153_assignments_oled.dir/main.c.obj
 .debug_info    0x0000448a      0x32c CMakeFiles/frdmmcxa153_assignments_oled.dir/047288a8a2bbc7b2f4dcc613bd6920fa/mcuxsdk/examples/ese_common/fifo/fifo.c.obj

.debug_abbrev   0x00000000      0xf00
 .debug_abbrev  0x00000000      0x175 CMakeFiles/frdmmcxa153_assignments_oled.dir/047288a8a2bbc7b2f4dcc613bd6920fa/mcuxsdk/devices/MCX/MCXA/MCXA153/system_MCXA153.c.obj
 .debug_abbrev  0x00000175       0x26 CMakeFiles/frdmmcxa153_assignments_oled.dir/047288a8a2bbc7b2f4dcc613bd6920fa/mcuxsdk/devices/MCX/MCXA/MCXA153/gcc/startup_MCXA153.S.obj
 .debug_abbrev  0x0000019b      0x10d CMakeFiles/frdmmcxa153_assignments_oled.dir/047288a8a2bbc7b2f4dcc613bd6920fa/mcuxsdk/components/misc_utilities/fsl_syscall_stub.c.obj
 .debug_abbrev  0x000002a8       0xd8 CMakeFiles/frdmmcxa153_assignments_oled.dir/047288a8a2bbc7b2f4dcc613bd6920fa/mcuxsdk/components/misc_utilities/fsl_sbrk.c.obj
 .debug_abbrev  0x00000380       0x14 CMakeFiles/frdmmcxa153_assignments_oled.dir/047288a8a2bbc7b2f4dcc613bd6920fa/mcuxsdk/components/misc_utilities/fsl_memcpy.S.obj
 .debug_abbrev  0x00000394       0x61 CMakeFiles/frdmmcxa153_assignments_oled.dir/47c6c695d6265095318844404cc4f038/frdmmcxa153/ese_examples/assignments/oled/bitmaps.c.obj
 .debug_abbrev  0x000003f5       0x72 CMakeFiles/frdmmcxa153_assignments_oled.dir/47c6c695d6265095318844404cc4f038/frdmmcxa153/ese_examples/assignments/oled/fonts.c.obj
 .debug_abbrev  0x00000467       0xbe CMakeFiles/frdmmcxa153_assignments_oled.dir/47c6c695d6265095318844404cc4f038/frdmmcxa153/ese_examples/assignments/oled/lpi2c.c.obj
 .debug_abbrev  0x00000525      0x25f CMakeFiles/frdmmcxa153_assignments_oled.dir/47c6c695d6265095318844404cc4f038/frdmmcxa153/ese_examples/assignments/oled/oled.c.obj
 .debug_abbrev  0x00000784      0x275 CMakeFiles/frdmmcxa153_assignments_oled.dir/17036b2c6dd889270c46c94c33582864/_boards/frdmmcxa153/ese_common/serial/serial.c.obj
 .debug_abbrev  0x000009f9       0xf0 CMakeFiles/frdmmcxa153_assignments_oled.dir/17036b2c6dd889270c46c94c33582864/_boards/frdmmcxa153/ese_common/serial/retarget.c.obj
 .debug_abbrev  0x00000ae9      0x22d CMakeFiles/frdmmcxa153_assignments_oled.dir/main.c.obj
 .debug_abbrev  0x00000d16      0x1ea CMakeFiles/frdmmcxa153_assignments_oled.dir/047288a8a2bbc7b2f4dcc613bd6920fa/mcuxsdk/examples/ese_common/fifo/fifo.c.obj

.debug_aranges  0x00000000      0x2f0
 .debug_aranges
                0x00000000       0x30 CMakeFiles/frdmmcxa153_assignments_oled.dir/047288a8a2bbc7b2f4dcc613bd6920fa/mcuxsdk/devices/MCX/MCXA/MCXA153/system_MCXA153.c.obj
 .debug_aranges
                0x00000030       0x20 CMakeFiles/frdmmcxa153_assignments_oled.dir/047288a8a2bbc7b2f4dcc613bd6920fa/mcuxsdk/devices/MCX/MCXA/MCXA153/gcc/startup_MCXA153.S.obj
 .debug_aranges
                0x00000050       0x78 CMakeFiles/frdmmcxa153_assignments_oled.dir/047288a8a2bbc7b2f4dcc613bd6920fa/mcuxsdk/components/misc_utilities/fsl_syscall_stub.c.obj
 .debug_aranges
                0x000000c8       0x20 CMakeFiles/frdmmcxa153_assignments_oled.dir/047288a8a2bbc7b2f4dcc613bd6920fa/mcuxsdk/components/misc_utilities/fsl_sbrk.c.obj
 .debug_aranges
                0x000000e8       0x20 CMakeFiles/frdmmcxa153_assignments_oled.dir/047288a8a2bbc7b2f4dcc613bd6920fa/mcuxsdk/components/misc_utilities/fsl_memcpy.S.obj
 .debug_aranges
                0x00000108       0x18 CMakeFiles/frdmmcxa153_assignments_oled.dir/47c6c695d6265095318844404cc4f038/frdmmcxa153/ese_examples/assignments/oled/bitmaps.c.obj
 .debug_aranges
                0x00000120       0x18 CMakeFiles/frdmmcxa153_assignments_oled.dir/47c6c695d6265095318844404cc4f038/frdmmcxa153/ese_examples/assignments/oled/fonts.c.obj
 .debug_aranges
                0x00000138       0x38 CMakeFiles/frdmmcxa153_assignments_oled.dir/47c6c695d6265095318844404cc4f038/frdmmcxa153/ese_examples/assignments/oled/lpi2c.c.obj
 .debug_aranges
                0x00000170       0x90 CMakeFiles/frdmmcxa153_assignments_oled.dir/47c6c695d6265095318844404cc4f038/frdmmcxa153/ese_examples/assignments/oled/oled.c.obj
 .debug_aranges
                0x00000200       0x58 CMakeFiles/frdmmcxa153_assignments_oled.dir/17036b2c6dd889270c46c94c33582864/_boards/frdmmcxa153/ese_common/serial/serial.c.obj
 .debug_aranges
                0x00000258       0x28 CMakeFiles/frdmmcxa153_assignments_oled.dir/17036b2c6dd889270c46c94c33582864/_boards/frdmmcxa153/ese_common/serial/retarget.c.obj
 .debug_aranges
                0x00000280       0x38 CMakeFiles/frdmmcxa153_assignments_oled.dir/main.c.obj
 .debug_aranges
                0x000002b8       0x38 CMakeFiles/frdmmcxa153_assignments_oled.dir/047288a8a2bbc7b2f4dcc613bd6920fa/mcuxsdk/examples/ese_common/fifo/fifo.c.obj

.debug_rnglists
                0x00000000      0x1d8
 .debug_rnglists
                0x00000000       0x20 CMakeFiles/frdmmcxa153_assignments_oled.dir/047288a8a2bbc7b2f4dcc613bd6920fa/mcuxsdk/devices/MCX/MCXA/MCXA153/system_MCXA153.c.obj
 .debug_rnglists
                0x00000020       0x55 CMakeFiles/frdmmcxa153_assignments_oled.dir/047288a8a2bbc7b2f4dcc613bd6920fa/mcuxsdk/components/misc_utilities/fsl_syscall_stub.c.obj
 .debug_rnglists
                0x00000075       0x13 CMakeFiles/frdmmcxa153_assignments_oled.dir/047288a8a2bbc7b2f4dcc613bd6920fa/mcuxsdk/components/misc_utilities/fsl_sbrk.c.obj
 .debug_rnglists
                0x00000088       0x25 CMakeFiles/frdmmcxa153_assignments_oled.dir/47c6c695d6265095318844404cc4f038/frdmmcxa153/ese_examples/assignments/oled/lpi2c.c.obj
 .debug_rnglists
                0x000000ad       0x88 CMakeFiles/frdmmcxa153_assignments_oled.dir/47c6c695d6265095318844404cc4f038/frdmmcxa153/ese_examples/assignments/oled/oled.c.obj
 .debug_rnglists
                0x00000135       0x3f CMakeFiles/frdmmcxa153_assignments_oled.dir/17036b2c6dd889270c46c94c33582864/_boards/frdmmcxa153/ese_common/serial/serial.c.obj
 .debug_rnglists
                0x00000174       0x19 CMakeFiles/frdmmcxa153_assignments_oled.dir/17036b2c6dd889270c46c94c33582864/_boards/frdmmcxa153/ese_common/serial/retarget.c.obj
 .debug_rnglists
                0x0000018d       0x26 CMakeFiles/frdmmcxa153_assignments_oled.dir/main.c.obj
 .debug_rnglists
                0x000001b3       0x25 CMakeFiles/frdmmcxa153_assignments_oled.dir/047288a8a2bbc7b2f4dcc613bd6920fa/mcuxsdk/examples/ese_common/fifo/fifo.c.obj

.debug_line     0x00000000     0x28a7
 .debug_line    0x00000000      0x39f CMakeFiles/frdmmcxa153_assignments_oled.dir/047288a8a2bbc7b2f4dcc613bd6920fa/mcuxsdk/devices/MCX/MCXA/MCXA153/system_MCXA153.c.obj
 .debug_line    0x0000039f      0x23d CMakeFiles/frdmmcxa153_assignments_oled.dir/047288a8a2bbc7b2f4dcc613bd6920fa/mcuxsdk/devices/MCX/MCXA/MCXA153/gcc/startup_MCXA153.S.obj
 .debug_line    0x000005dc      0x371 CMakeFiles/frdmmcxa153_assignments_oled.dir/047288a8a2bbc7b2f4dcc613bd6920fa/mcuxsdk/components/misc_utilities/fsl_syscall_stub.c.obj
 .debug_line    0x0000094d      0x277 CMakeFiles/frdmmcxa153_assignments_oled.dir/047288a8a2bbc7b2f4dcc613bd6920fa/mcuxsdk/components/misc_utilities/fsl_sbrk.c.obj
 .debug_line    0x00000bc4       0x88 CMakeFiles/frdmmcxa153_assignments_oled.dir/047288a8a2bbc7b2f4dcc613bd6920fa/mcuxsdk/components/misc_utilities/fsl_memcpy.S.obj
 .debug_line    0x00000c4c       0xb6 CMakeFiles/frdmmcxa153_assignments_oled.dir/47c6c695d6265095318844404cc4f038/frdmmcxa153/ese_examples/assignments/oled/bitmaps.c.obj
 .debug_line    0x00000d02       0xb2 CMakeFiles/frdmmcxa153_assignments_oled.dir/47c6c695d6265095318844404cc4f038/frdmmcxa153/ese_examples/assignments/oled/fonts.c.obj
 .debug_line    0x00000db4      0x206 CMakeFiles/frdmmcxa153_assignments_oled.dir/47c6c695d6265095318844404cc4f038/frdmmcxa153/ese_examples/assignments/oled/lpi2c.c.obj
 .debug_line    0x00000fba      0x7b6 CMakeFiles/frdmmcxa153_assignments_oled.dir/47c6c695d6265095318844404cc4f038/frdmmcxa153/ese_examples/assignments/oled/oled.c.obj
 .debug_line    0x00001770      0x5a2 CMakeFiles/frdmmcxa153_assignments_oled.dir/17036b2c6dd889270c46c94c33582864/_boards/frdmmcxa153/ese_common/serial/serial.c.obj
 .debug_line    0x00001d12      0x1a5 CMakeFiles/frdmmcxa153_assignments_oled.dir/17036b2c6dd889270c46c94c33582864/_boards/frdmmcxa153/ese_common/serial/retarget.c.obj
 .debug_line    0x00001eb7      0x51a CMakeFiles/frdmmcxa153_assignments_oled.dir/main.c.obj
 .debug_line    0x000023d1      0x4d6 CMakeFiles/frdmmcxa153_assignments_oled.dir/047288a8a2bbc7b2f4dcc613bd6920fa/mcuxsdk/examples/ese_common/fifo/fifo.c.obj

.debug_str      0x00000000     0x2d8f
 .debug_str     0x00000000     0x2d8f CMakeFiles/frdmmcxa153_assignments_oled.dir/047288a8a2bbc7b2f4dcc613bd6920fa/mcuxsdk/devices/MCX/MCXA/MCXA153/system_MCXA153.c.obj
                                0x84c (size before relaxing)
 .debug_str     0x00002d8f     0x1087 CMakeFiles/frdmmcxa153_assignments_oled.dir/047288a8a2bbc7b2f4dcc613bd6920fa/mcuxsdk/devices/MCX/MCXA/MCXA153/gcc/startup_MCXA153.S.obj
 .debug_str     0x00002d8f      0x404 CMakeFiles/frdmmcxa153_assignments_oled.dir/047288a8a2bbc7b2f4dcc613bd6920fa/mcuxsdk/components/misc_utilities/fsl_syscall_stub.c.obj
 .debug_str     0x00002d8f      0x284 CMakeFiles/frdmmcxa153_assignments_oled.dir/047288a8a2bbc7b2f4dcc613bd6920fa/mcuxsdk/components/misc_utilities/fsl_sbrk.c.obj
 .debug_str     0x00002d8f       0xea CMakeFiles/frdmmcxa153_assignments_oled.dir/047288a8a2bbc7b2f4dcc613bd6920fa/mcuxsdk/components/misc_utilities/fsl_memcpy.S.obj
 .debug_str     0x00002d8f      0x1ee CMakeFiles/frdmmcxa153_assignments_oled.dir/47c6c695d6265095318844404cc4f038/frdmmcxa153/ese_examples/assignments/oled/bitmaps.c.obj
 .debug_str     0x00002d8f      0x201 CMakeFiles/frdmmcxa153_assignments_oled.dir/47c6c695d6265095318844404cc4f038/frdmmcxa153/ese_examples/assignments/oled/fonts.c.obj
 .debug_str     0x00002d8f      0x2ac CMakeFiles/frdmmcxa153_assignments_oled.dir/47c6c695d6265095318844404cc4f038/frdmmcxa153/ese_examples/assignments/oled/lpi2c.c.obj
 .debug_str     0x00002d8f      0x4e1 CMakeFiles/frdmmcxa153_assignments_oled.dir/47c6c695d6265095318844404cc4f038/frdmmcxa153/ese_examples/assignments/oled/oled.c.obj
 .debug_str     0x00002d8f     0x11dd CMakeFiles/frdmmcxa153_assignments_oled.dir/17036b2c6dd889270c46c94c33582864/_boards/frdmmcxa153/ese_common/serial/serial.c.obj
 .debug_str     0x00002d8f      0x270 CMakeFiles/frdmmcxa153_assignments_oled.dir/17036b2c6dd889270c46c94c33582864/_boards/frdmmcxa153/ese_common/serial/retarget.c.obj
 .debug_str     0x00002d8f      0xa57 CMakeFiles/frdmmcxa153_assignments_oled.dir/main.c.obj
 .debug_str     0x00002d8f      0x2e2 CMakeFiles/frdmmcxa153_assignments_oled.dir/047288a8a2bbc7b2f4dcc613bd6920fa/mcuxsdk/examples/ese_common/fifo/fifo.c.obj

.comment        0x00000000       0x45
 .comment       0x00000000       0x45 CMakeFiles/frdmmcxa153_assignments_oled.dir/047288a8a2bbc7b2f4dcc613bd6920fa/mcuxsdk/devices/MCX/MCXA/MCXA153/system_MCXA153.c.obj
                                 0x46 (size before relaxing)
 .comment       0x00000045       0x46 CMakeFiles/frdmmcxa153_assignments_oled.dir/047288a8a2bbc7b2f4dcc613bd6920fa/mcuxsdk/components/misc_utilities/fsl_syscall_stub.c.obj
 .comment       0x00000045       0x46 CMakeFiles/frdmmcxa153_assignments_oled.dir/047288a8a2bbc7b2f4dcc613bd6920fa/mcuxsdk/components/misc_utilities/fsl_sbrk.c.obj
 .comment       0x00000045       0x46 CMakeFiles/frdmmcxa153_assignments_oled.dir/47c6c695d6265095318844404cc4f038/frdmmcxa153/ese_examples/assignments/oled/bitmaps.c.obj
 .comment       0x00000045       0x46 CMakeFiles/frdmmcxa153_assignments_oled.dir/47c6c695d6265095318844404cc4f038/frdmmcxa153/ese_examples/assignments/oled/fonts.c.obj
 .comment       0x00000045       0x46 CMakeFiles/frdmmcxa153_assignments_oled.dir/47c6c695d6265095318844404cc4f038/frdmmcxa153/ese_examples/assignments/oled/lpi2c.c.obj
 .comment       0x00000045       0x46 CMakeFiles/frdmmcxa153_assignments_oled.dir/47c6c695d6265095318844404cc4f038/frdmmcxa153/ese_examples/assignments/oled/oled.c.obj
 .comment       0x00000045       0x46 CMakeFiles/frdmmcxa153_assignments_oled.dir/17036b2c6dd889270c46c94c33582864/_boards/frdmmcxa153/ese_common/serial/serial.c.obj
 .comment       0x00000045       0x46 CMakeFiles/frdmmcxa153_assignments_oled.dir/17036b2c6dd889270c46c94c33582864/_boards/frdmmcxa153/ese_common/serial/retarget.c.obj
 .comment       0x00000045       0x46 CMakeFiles/frdmmcxa153_assignments_oled.dir/main.c.obj
 .comment       0x00000045       0x46 CMakeFiles/frdmmcxa153_assignments_oled.dir/047288a8a2bbc7b2f4dcc613bd6920fa/mcuxsdk/examples/ese_common/fifo/fifo.c.obj

.debug_frame    0x00000000     0x104c
 .debug_frame   0x00000000       0x74 CMakeFiles/frdmmcxa153_assignments_oled.dir/047288a8a2bbc7b2f4dcc613bd6920fa/mcuxsdk/devices/MCX/MCXA/MCXA153/system_MCXA153.c.obj
 .debug_frame   0x00000074      0x1b8 CMakeFiles/frdmmcxa153_assignments_oled.dir/047288a8a2bbc7b2f4dcc613bd6920fa/mcuxsdk/components/misc_utilities/fsl_syscall_stub.c.obj
 .debug_frame   0x0000022c       0x34 CMakeFiles/frdmmcxa153_assignments_oled.dir/047288a8a2bbc7b2f4dcc613bd6920fa/mcuxsdk/components/misc_utilities/fsl_sbrk.c.obj
 .debug_frame   0x00000260       0xa0 CMakeFiles/frdmmcxa153_assignments_oled.dir/47c6c695d6265095318844404cc4f038/frdmmcxa153/ese_examples/assignments/oled/lpi2c.c.obj
 .debug_frame   0x00000300      0x234 CMakeFiles/frdmmcxa153_assignments_oled.dir/47c6c695d6265095318844404cc4f038/frdmmcxa153/ese_examples/assignments/oled/oled.c.obj
 .debug_frame   0x00000534      0x138 CMakeFiles/frdmmcxa153_assignments_oled.dir/17036b2c6dd889270c46c94c33582864/_boards/frdmmcxa153/ese_common/serial/serial.c.obj
 .debug_frame   0x0000066c       0x58 CMakeFiles/frdmmcxa153_assignments_oled.dir/17036b2c6dd889270c46c94c33582864/_boards/frdmmcxa153/ese_common/serial/retarget.c.obj
 .debug_frame   0x000006c4       0x9c CMakeFiles/frdmmcxa153_assignments_oled.dir/main.c.obj
 .debug_frame   0x00000760       0xa8 CMakeFiles/frdmmcxa153_assignments_oled.dir/047288a8a2bbc7b2f4dcc613bd6920fa/mcuxsdk/examples/ese_common/fifo/fifo.c.obj
 .debug_frame   0x00000808       0x28 C:/Users/ADMIN/.mcuxpressotools/arm-gnu-toolchain-14.2.rel1-mingw-w64-x86_64-arm-none-eabi/bin/../lib/gcc/arm-none-eabi/14.2.1/thumb/v8-m.main/nofp\libc_nano.a(libc_a-exit.o)
 .debug_frame   0x00000830      0x144 C:/Users/ADMIN/.mcuxpressotools/arm-gnu-toolchain-14.2.rel1-mingw-w64-x86_64-arm-none-eabi/bin/../lib/gcc/arm-none-eabi/14.2.1/thumb/v8-m.main/nofp\libc_nano.a(libc_a-findfp.o)
 .debug_frame   0x00000974       0x34 C:/Users/ADMIN/.mcuxpressotools/arm-gnu-toolchain-14.2.rel1-mingw-w64-x86_64-arm-none-eabi/bin/../lib/gcc/arm-none-eabi/14.2.1/thumb/v8-m.main/nofp\libc_nano.a(libc_a-fwalk.o)
 .debug_frame   0x000009a8       0x6c C:/Users/ADMIN/.mcuxpressotools/arm-gnu-toolchain-14.2.rel1-mingw-w64-x86_64-arm-none-eabi/bin/../lib/gcc/arm-none-eabi/14.2.1/thumb/v8-m.main/nofp\libc_nano.a(libc_a-printf.o)
 .debug_frame   0x00000a14       0x88 C:/Users/ADMIN/.mcuxpressotools/arm-gnu-toolchain-14.2.rel1-mingw-w64-x86_64-arm-none-eabi/bin/../lib/gcc/arm-none-eabi/14.2.1/thumb/v8-m.main/nofp\libc_nano.a(libc_a-stdio.o)
 .debug_frame   0x00000a9c       0x20 C:/Users/ADMIN/.mcuxpressotools/arm-gnu-toolchain-14.2.rel1-mingw-w64-x86_64-arm-none-eabi/bin/../lib/gcc/arm-none-eabi/14.2.1/thumb/v8-m.main/nofp\libc_nano.a(libc_a-memset.o)
 .debug_frame   0x00000abc       0x2c C:/Users/ADMIN/.mcuxpressotools/arm-gnu-toolchain-14.2.rel1-mingw-w64-x86_64-arm-none-eabi/bin/../lib/gcc/arm-none-eabi/14.2.1/thumb/v8-m.main/nofp\libc_nano.a(libc_a-closer.o)
 .debug_frame   0x00000ae8       0x38 C:/Users/ADMIN/.mcuxpressotools/arm-gnu-toolchain-14.2.rel1-mingw-w64-x86_64-arm-none-eabi/bin/../lib/gcc/arm-none-eabi/14.2.1/thumb/v8-m.main/nofp\libc_nano.a(libc_a-reent.o)
 .debug_frame   0x00000b20       0x2c C:/Users/ADMIN/.mcuxpressotools/arm-gnu-toolchain-14.2.rel1-mingw-w64-x86_64-arm-none-eabi/bin/../lib/gcc/arm-none-eabi/14.2.1/thumb/v8-m.main/nofp\libc_nano.a(libc_a-lseekr.o)
 .debug_frame   0x00000b4c       0x2c C:/Users/ADMIN/.mcuxpressotools/arm-gnu-toolchain-14.2.rel1-mingw-w64-x86_64-arm-none-eabi/bin/../lib/gcc/arm-none-eabi/14.2.1/thumb/v8-m.main/nofp\libc_nano.a(libc_a-readr.o)
 .debug_frame   0x00000b78       0x2c C:/Users/ADMIN/.mcuxpressotools/arm-gnu-toolchain-14.2.rel1-mingw-w64-x86_64-arm-none-eabi/bin/../lib/gcc/arm-none-eabi/14.2.1/thumb/v8-m.main/nofp\libc_nano.a(libc_a-writer.o)
 .debug_frame   0x00000ba4       0x20 C:/Users/ADMIN/.mcuxpressotools/arm-gnu-toolchain-14.2.rel1-mingw-w64-x86_64-arm-none-eabi/bin/../lib/gcc/arm-none-eabi/14.2.1/thumb/v8-m.main/nofp\libc_nano.a(libc_a-errno.o)
 .debug_frame   0x00000bc4       0x2c C:/Users/ADMIN/.mcuxpressotools/arm-gnu-toolchain-14.2.rel1-mingw-w64-x86_64-arm-none-eabi/bin/../lib/gcc/arm-none-eabi/14.2.1/thumb/v8-m.main/nofp\libc_nano.a(libc_a-init.o)
 .debug_frame   0x00000bf0       0xb0 C:/Users/ADMIN/.mcuxpressotools/arm-gnu-toolchain-14.2.rel1-mingw-w64-x86_64-arm-none-eabi/bin/../lib/gcc/arm-none-eabi/14.2.1/thumb/v8-m.main/nofp\libc_nano.a(libc_a-lock.o)
 .debug_frame   0x00000ca0       0x38 C:/Users/ADMIN/.mcuxpressotools/arm-gnu-toolchain-14.2.rel1-mingw-w64-x86_64-arm-none-eabi/bin/../lib/gcc/arm-none-eabi/14.2.1/thumb/v8-m.main/nofp\libc_nano.a(libc_a-freer.o)
 .debug_frame   0x00000cd8       0x50 C:/Users/ADMIN/.mcuxpressotools/arm-gnu-toolchain-14.2.rel1-mingw-w64-x86_64-arm-none-eabi/bin/../lib/gcc/arm-none-eabi/14.2.1/thumb/v8-m.main/nofp\libc_nano.a(libc_a-mallocr.o)
 .debug_frame   0x00000d28       0x30 C:/Users/ADMIN/.mcuxpressotools/arm-gnu-toolchain-14.2.rel1-mingw-w64-x86_64-arm-none-eabi/bin/../lib/gcc/arm-none-eabi/14.2.1/thumb/v8-m.main/nofp\libc_nano.a(libc_a-mlock.o)
 .debug_frame   0x00000d58       0xa8 C:/Users/ADMIN/.mcuxpressotools/arm-gnu-toolchain-14.2.rel1-mingw-w64-x86_64-arm-none-eabi/bin/../lib/gcc/arm-none-eabi/14.2.1/thumb/v8-m.main/nofp\libc_nano.a(libc_a-nano-vfprintf.o)
 .debug_frame   0x00000e00       0x60 C:/Users/ADMIN/.mcuxpressotools/arm-gnu-toolchain-14.2.rel1-mingw-w64-x86_64-arm-none-eabi/bin/../lib/gcc/arm-none-eabi/14.2.1/thumb/v8-m.main/nofp\libc_nano.a(libc_a-nano-vfprintf_i.o)
 .debug_frame   0x00000e60       0x5c C:/Users/ADMIN/.mcuxpressotools/arm-gnu-toolchain-14.2.rel1-mingw-w64-x86_64-arm-none-eabi/bin/../lib/gcc/arm-none-eabi/14.2.1/thumb/v8-m.main/nofp\libc_nano.a(libc_a-fflush.o)
 .debug_frame   0x00000ebc       0x40 C:/Users/ADMIN/.mcuxpressotools/arm-gnu-toolchain-14.2.rel1-mingw-w64-x86_64-arm-none-eabi/bin/../lib/gcc/arm-none-eabi/14.2.1/thumb/v8-m.main/nofp\libc_nano.a(libc_a-wbuf.o)
 .debug_frame   0x00000efc       0x2c C:/Users/ADMIN/.mcuxpressotools/arm-gnu-toolchain-14.2.rel1-mingw-w64-x86_64-arm-none-eabi/bin/../lib/gcc/arm-none-eabi/14.2.1/thumb/v8-m.main/nofp\libc_nano.a(libc_a-wsetup.o)
 .debug_frame   0x00000f28       0x2c C:/Users/ADMIN/.mcuxpressotools/arm-gnu-toolchain-14.2.rel1-mingw-w64-x86_64-arm-none-eabi/bin/../lib/gcc/arm-none-eabi/14.2.1/thumb/v8-m.main/nofp\libc_nano.a(libc_a-sbrkr.o)
 .debug_frame   0x00000f54       0x28 C:/Users/ADMIN/.mcuxpressotools/arm-gnu-toolchain-14.2.rel1-mingw-w64-x86_64-arm-none-eabi/bin/../lib/gcc/arm-none-eabi/14.2.1/thumb/v8-m.main/nofp\libc_nano.a(libc_a-memchr-stub.o)
 .debug_frame   0x00000f7c       0x58 C:/Users/ADMIN/.mcuxpressotools/arm-gnu-toolchain-14.2.rel1-mingw-w64-x86_64-arm-none-eabi/bin/../lib/gcc/arm-none-eabi/14.2.1/thumb/v8-m.main/nofp\libc_nano.a(libc_a-makebuf.o)
 .debug_frame   0x00000fd4       0x2c C:/Users/ADMIN/.mcuxpressotools/arm-gnu-toolchain-14.2.rel1-mingw-w64-x86_64-arm-none-eabi/bin/../lib/gcc/arm-none-eabi/14.2.1/thumb/v8-m.main/nofp\libc_nano.a(libc_a-fstatr.o)
 .debug_frame   0x00001000       0x2c C:/Users/ADMIN/.mcuxpressotools/arm-gnu-toolchain-14.2.rel1-mingw-w64-x86_64-arm-none-eabi/bin/../lib/gcc/arm-none-eabi/14.2.1/thumb/v8-m.main/nofp\libc_nano.a(libc_a-isattyr.o)
 .debug_frame   0x0000102c       0x20 C:/Users/ADMIN/.mcuxpressotools/arm-gnu-toolchain-14.2.rel1-mingw-w64-x86_64-arm-none-eabi/bin/../lib/gcc/arm-none-eabi/14.2.1/thumb/v8-m.main/nofp\libnosys.a(_exit.o)
