D:/STUDYMATERIALS/MIC3/sdks/sdk_26_03_00_ese_04_frdmmcxa153/mcuxsdk/arch/arm/CMSIS/Core/Include/core_cm33.h:2358:22:__NVIC_EnableIRQ	16	static
D:/STUDYMATERIALS/MIC3/sdks/sdk_26_03_00_ese_04_frdmmcxa153/mcuxsdk/arch/arm/CMSIS/Core/Include/core_cm33.h:2449:22:__NVIC_ClearPendingIRQ	16	static
D:/STUDYMATERIALS/MIC3/sdks/sdk_26_03_00_ese_04_frdmmcxa153/mcuxsdk/arch/arm/CMSIS/Core/Include/core_cm33.h:2555:22:__NVIC_SetPriority	16	static
D:/STUDYMATERIALS/PROJECT_2/personalCode/display_game/tft_lcd/lpspi_master.c:68:6:lpspi_master_init	8	static
D:/STUDYMATERIALS/PROJECT_2/personalCode/display_game/tft_lcd/lpspi_master.c:178:6:lpspi_set_pcs	16	static
D:/STUDYMATERIALS/PROJECT_2/personalCode/display_game/tft_lcd/lpspi_master.c:190:6:lpspi_set_prescale	16	static
D:/STUDYMATERIALS/PROJECT_2/personalCode/display_game/tft_lcd/lpspi_master.c:203:6:lpspi_busy	4	static
D:/STUDYMATERIALS/PROJECT_2/personalCode/display_game/tft_lcd/lpspi_master.c:208:6:lpspi_transmit	24	static
D:/STUDYMATERIALS/PROJECT_2/personalCode/display_game/tft_lcd/lpspi_master.c:280:6:lpspi_receive	16	static
D:/STUDYMATERIALS/PROJECT_2/personalCode/display_game/tft_lcd/lpspi_master.c:285:6:lpspi_transceive	32	static
D:/STUDYMATERIALS/PROJECT_2/personalCode/display_game/tft_lcd/lpspi_master.c:390:6:lpspi_set_dummy	16	static
D:/STUDYMATERIALS/PROJECT_2/personalCode/display_game/tft_lcd/lpspi_master.c:395:13:lpspi0_txfifo_full	16	static
D:/STUDYMATERIALS/PROJECT_2/personalCode/display_game/tft_lcd/lpspi_master.c:405:13:lpspi0_rxfifo_empty	16	static
D:/STUDYMATERIALS/PROJECT_2/personalCode/display_game/tft_lcd/lpspi_master.c:412:6:lpspi_transmit_command	16	static
D:/STUDYMATERIALS/PROJECT_2/personalCode/display_game/tft_lcd/lpspi_master.c:421:6:lpspi_transmit_data	16	static
D:/STUDYMATERIALS/PROJECT_2/personalCode/display_game/tft_lcd/lpspi_master.c:430:6:lpspi_transceive_command	24	static
D:/STUDYMATERIALS/PROJECT_2/personalCode/display_game/tft_lcd/lpspi_master.c:439:6:lpspi_transceive_data	24	static
D:/STUDYMATERIALS/PROJECT_2/personalCode/display_game/tft_lcd/lpspi_master.c:448:6:GPIO2_IRQHandler	8	static
