D:/STUDYMATERIALS/MIC3/sdks/sdk_26_03_00_ese_04_frdmmcxa153/mcuxsdk/examples/_boards/frdmmcxa153/ese_examples/assignments/oled/oled.c:100:6:oled_init	16	static
D:/STUDYMATERIALS/MIC3/sdks/sdk_26_03_00_ese_04_frdmmcxa153/mcuxsdk/examples/_boards/frdmmcxa153/ese_examples/assignments/oled/oled.c:140:6:oled_update	24	static
D:/STUDYMATERIALS/MIC3/sdks/sdk_26_03_00_ese_04_frdmmcxa153/mcuxsdk/examples/_boards/frdmmcxa153/ese_examples/assignments/oled/oled.c:169:6:oled_setfont	16	static
D:/STUDYMATERIALS/MIC3/sdks/sdk_26_03_00_ese_04_frdmmcxa153/mcuxsdk/examples/_boards/frdmmcxa153/ese_examples/assignments/oled/oled.c:186:6:oled_setorientation	24	static
D:/STUDYMATERIALS/MIC3/sdks/sdk_26_03_00_ese_04_frdmmcxa153/mcuxsdk/examples/_boards/frdmmcxa153/ese_examples/assignments/oled/oled.c:220:6:oled_setinverse	24	static
D:/STUDYMATERIALS/MIC3/sdks/sdk_26_03_00_ese_04_frdmmcxa153/mcuxsdk/examples/_boards/frdmmcxa153/ese_examples/assignments/oled/oled.c:233:6:oled_clearscreen	8	static
D:/STUDYMATERIALS/MIC3/sdks/sdk_26_03_00_ese_04_frdmmcxa153/mcuxsdk/examples/_boards/frdmmcxa153/ese_examples/assignments/oled/oled.c:245:6:oled_setcontrast	24	static
D:/STUDYMATERIALS/MIC3/sdks/sdk_26_03_00_ese_04_frdmmcxa153/mcuxsdk/examples/_boards/frdmmcxa153/ese_examples/assignments/oled/oled.c:265:6:oled_goto	16	static
D:/STUDYMATERIALS/MIC3/sdks/sdk_26_03_00_ese_04_frdmmcxa153/mcuxsdk/examples/_boards/frdmmcxa153/ese_examples/assignments/oled/oled.c:286:6:oled_setpixel	16	static
D:/STUDYMATERIALS/MIC3/sdks/sdk_26_03_00_ese_04_frdmmcxa153/mcuxsdk/examples/_boards/frdmmcxa153/ese_examples/assignments/oled/oled.c:308:6:oled_putchar	48	static
D:/STUDYMATERIALS/MIC3/sdks/sdk_26_03_00_ese_04_frdmmcxa153/mcuxsdk/examples/_boards/frdmmcxa153/ese_examples/assignments/oled/oled.c:410:6:oled_putstring	24	static
D:/STUDYMATERIALS/MIC3/sdks/sdk_26_03_00_ese_04_frdmmcxa153/mcuxsdk/examples/_boards/frdmmcxa153/ese_examples/assignments/oled/oled.c:455:6:oled_terminal	48	static
D:/STUDYMATERIALS/MIC3/sdks/sdk_26_03_00_ese_04_frdmmcxa153/mcuxsdk/examples/_boards/frdmmcxa153/ese_examples/assignments/oled/oled.c:524:6:oled_drawline	48	static
D:/STUDYMATERIALS/MIC3/sdks/sdk_26_03_00_ese_04_frdmmcxa153/mcuxsdk/examples/_boards/frdmmcxa153/ese_examples/assignments/oled/oled.c:594:6:oled_drawbitmap	16	static
D:/STUDYMATERIALS/MIC3/sdks/sdk_26_03_00_ese_04_frdmmcxa153/mcuxsdk/examples/_boards/frdmmcxa153/ese_examples/assignments/oled/oled.c:612:6:oled_drawanimation	40	static
